/root/miniconda3/lib/python3.12/site-packages/torch/cuda/__init__.py:63: FutureWarning: The pynvml package is deprecated. Please install nvidia-ml-py instead. If you did not install pynvml directly, please report this to the maintainers of the package that installed pynvml for you.
  import pynvml  # type: ignore[import]
/root/icl_ess_threshold/PAMI_MUR/experiments/neural_expert.py:265: UserWarning: The given NumPy array is not writable, and PyTorch does not support non-writable tensors. This means writing to this tensor will result in undefined behavior. You may want to copy the array to protect its data or make it writable before converting it to a tensor. This type of warning will be suppressed for the rest of this program. (Triggered internally at /pytorch/torch/csrc/utils/tensor_numpy.cpp:206.)
  time_features = torch.from_numpy(
/root/miniconda3/lib/python3.12/site-packages/torch/nn/modules/transformer.py:515: UserWarning: The PyTorch API of nested tensors is in prototype stage and will change in the near future. We recommend specifying layout=torch.jagged when constructing a nested tensor, as this layout receives active development, has better operator coverage, and works with torch.compile. (Triggered internally at /pytorch/aten/src/ATen/NestedTensorImpl.cpp:178.)
  output = torch._nested_tensor_from_mask(
{"target": 0, "seed": 101, "min_disturbance_static": 0.0046, "max_disturbance_static": 0.00723, "last_k": 0.01587, "min_disturbance_greedy": 0.00269, "consensus_alignment": -0.00223, "anti_consensus_alignment": -0.01349, "mutual_information": 0.01884, "kcenter": 0.01235, "kmeans_representatives": 0.01794}
{"target": 0, "seed": 202, "min_disturbance_static": 0.00083, "max_disturbance_static": -0.0156, "last_k": 0.01076, "min_disturbance_greedy": 0.00251, "consensus_alignment": -0.0227, "anti_consensus_alignment": -0.01854, "mutual_information": 0.00348, "kcenter": 0.01106, "kmeans_representatives": 0.00559}
{"target": 0, "seed": 303, "min_disturbance_static": 5e-05, "max_disturbance_static": 0.00888, "last_k": 0.01661, "min_disturbance_greedy": 0.00383, "consensus_alignment": 0.00431, "anti_consensus_alignment": -0.02585, "mutual_information": 0.02026, "kcenter": 0.00667, "kmeans_representatives": 0.01842}
{"target": 21, "seed": 101, "min_disturbance_static": 0.01286, "max_disturbance_static": 0.03479, "last_k": 0.02054, "min_disturbance_greedy": 0.00242, "consensus_alignment": 0.03004, "anti_consensus_alignment": -0.02854, "mutual_information": 0.04049, "kcenter": 0.02934, "kmeans_representatives": 0.02789}
{"target": 21, "seed": 202, "min_disturbance_static": 0.00259, "max_disturbance_static": -0.00546, "last_k": 0.00645, "min_disturbance_greedy": 0.00132, "consensus_alignment": -0.00985, "anti_consensus_alignment": -0.01573, "mutual_information": 0.00855, "kcenter": 0.01019, "kmeans_representatives": 0.01013}
{"target": 21, "seed": 303, "min_disturbance_static": 0.00282, "max_disturbance_static": 0.03148, "last_k": 0.02415, "min_disturbance_greedy": 0.0018, "consensus_alignment": 0.03226, "anti_consensus_alignment": -0.01735, "mutual_information": 0.02901, "kcenter": 0.02668, "kmeans_representatives": 0.02442}
{"target": 43, "seed": 101, "min_disturbance_static": 0.00512, "max_disturbance_static": 0.02095, "last_k": 0.01303, "min_disturbance_greedy": 0.00227, "consensus_alignment": 0.01911, "anti_consensus_alignment": -0.01626, "mutual_information": 0.01416, "kcenter": 0.01705, "kmeans_representatives": 0.02209}
{"target": 43, "seed": 202, "min_disturbance_static": 0.00124, "max_disturbance_static": 0.01439, "last_k": 0.00646, "min_disturbance_greedy": 0.0001, "consensus_alignment": 0.00925, "anti_consensus_alignment": -0.01502, "mutual_information": 0.01047, "kcenter": 0.00737, "kmeans_representatives": 0.01412}
{"target": 43, "seed": 303, "min_disturbance_static": 0.0018, "max_disturbance_static": -0.00767, "last_k": 0.00187, "min_disturbance_greedy": 0.00196, "consensus_alignment": -0.01134, "anti_consensus_alignment": -0.01286, "mutual_information": 0.00619, "kcenter": 0.00371, "kmeans_representatives": 0.00531}
{"target": 64, "seed": 101, "min_disturbance_static": 0.00239, "max_disturbance_static": 0.00151, "last_k": 0.00352, "min_disturbance_greedy": 0.00198, "consensus_alignment": -0.0017, "anti_consensus_alignment": -0.02556, "mutual_information": 0.0201, "kcenter": 0.00784, "kmeans_representatives": 0.01541}
{"target": 64, "seed": 202, "min_disturbance_static": 0.00389, "max_disturbance_static": 0.00561, "last_k": 0.00319, "min_disturbance_greedy": 0.0014, "consensus_alignment": 0.00319, "anti_consensus_alignment": -0.02865, "mutual_information": 0.02343, "kcenter": 0.01206, "kmeans_representatives": 0.01747}
{"target": 64, "seed": 303, "min_disturbance_static": 0.00247, "max_disturbance_static": -1e-05, "last_k": 0.0005, "min_disturbance_greedy": 0.00029, "consensus_alignment": -0.0, "anti_consensus_alignment": -0.02476, "mutual_information": 0.01075, "kcenter": 0.0048, "kmeans_representatives": 0.01174}
{"target": 86, "seed": 101, "min_disturbance_static": 0.00253, "max_disturbance_static": 0.00691, "last_k": 0.00575, "min_disturbance_greedy": 0.00099, "consensus_alignment": 0.00737, "anti_consensus_alignment": -0.00304, "mutual_information": 0.00538, "kcenter": 0.00468, "kmeans_representatives": 0.0068}
{"target": 86, "seed": 202, "min_disturbance_static": 0.00148, "max_disturbance_static": -0.00293, "last_k": -0.00164, "min_disturbance_greedy": 0.00057, "consensus_alignment": -0.00354, "anti_consensus_alignment": -0.0021, "mutual_information": 0.00317, "kcenter": -0.00191, "kmeans_representatives": -0.00112}
{"target": 86, "seed": 303, "min_disturbance_static": 0.0014, "max_disturbance_static": -0.00071, "last_k": -0.00141, "min_disturbance_greedy": 0.00037, "consensus_alignment": -0.00076, "anti_consensus_alignment": -0.00417, "mutual_information": 0.0057, "kcenter": -0.00146, "kmeans_representatives": 0.00091}
{"target": 108, "seed": 101, "min_disturbance_static": 0.00017, "max_disturbance_static": 0.00561, "last_k": 0.02189, "min_disturbance_greedy": 0.00055, "consensus_alignment": -0.00236, "anti_consensus_alignment": -0.01046, "mutual_information": 0.01673, "kcenter": 0.02015, "kmeans_representatives": 0.02166}
{"target": 108, "seed": 202, "min_disturbance_static": 0.00156, "max_disturbance_static": 0.0168, "last_k": 0.02964, "min_disturbance_greedy": 0.00219, "consensus_alignment": 0.01733, "anti_consensus_alignment": -0.01659, "mutual_information": 0.02166, "kcenter": 0.03452, "kmeans_representatives": 0.02533}
{"target": 108, "seed": 303, "min_disturbance_static": 0.00362, "max_disturbance_static": 0.00876, "last_k": 0.00778, "min_disturbance_greedy": 0.00025, "consensus_alignment": 0.0107, "anti_consensus_alignment": -0.02467, "mutual_information": 0.01822, "kcenter": 0.01097, "kmeans_representatives": 0.02145}
{"target": 129, "seed": 101, "min_disturbance_static": 0.00663, "max_disturbance_static": -0.03645, "last_k": -0.00629, "min_disturbance_greedy": 0.00428, "consensus_alignment": -0.03492, "anti_consensus_alignment": -0.01937, "mutual_information": 0.00584, "kcenter": -0.00218, "kmeans_representatives": 0.00575}
{"target": 129, "seed": 202, "min_disturbance_static": -0.0009, "max_disturbance_static": -0.05113, "last_k": -0.01101, "min_disturbance_greedy": 0.00078, "consensus_alignment": -0.04924, "anti_consensus_alignment": -0.07222, "mutual_information": 0.01957, "kcenter": -0.01379, "kmeans_representatives": 0.00857}
{"target": 129, "seed": 303, "min_disturbance_static": 0.00049, "max_disturbance_static": -0.00792, "last_k": 0.00526, "min_disturbance_greedy": 0.00231, "consensus_alignment": -0.01845, "anti_consensus_alignment": -0.01231, "mutual_information": 0.02091, "kcenter": -0.00412, "kmeans_representatives": 0.02088}
{"target": 151, "seed": 101, "min_disturbance_static": -0.00073, "max_disturbance_static": -0.01479, "last_k": 0.00889, "min_disturbance_greedy": 0.00143, "consensus_alignment": 0.00182, "anti_consensus_alignment": -0.06979, "mutual_information": 0.02978, "kcenter": -0.00573, "kmeans_representatives": 0.02706}
{"target": 151, "seed": 202, "min_disturbance_static": 0.01178, "max_disturbance_static": 0.05259, "last_k": 0.04565, "min_disturbance_greedy": 0.00478, "consensus_alignment": 0.05164, "anti_consensus_alignment": -0.04234, "mutual_information": 0.05719, "kcenter": 0.03718, "kmeans_representatives": 0.0512}
{"target": 151, "seed": 303, "min_disturbance_static": 0.00216, "max_disturbance_static": 0.03097, "last_k": 0.02968, "min_disturbance_greedy": 0.0013, "consensus_alignment": 0.01337, "anti_consensus_alignment": -0.03636, "mutual_information": 0.02657, "kcenter": 0.01483, "kmeans_representatives": 0.02952}
{"target": 172, "seed": 101, "min_disturbance_static": 0.00433, "max_disturbance_static": -0.00059, "last_k": -0.00608, "min_disturbance_greedy": 0.00129, "consensus_alignment": -0.00429, "anti_consensus_alignment": -0.00857, "mutual_information": 0.01616, "kcenter": 0.0039, "kmeans_representatives": 0.01622}
{"target": 172, "seed": 202, "min_disturbance_static": 0.00349, "max_disturbance_static": 0.01334, "last_k": 0.00279, "min_disturbance_greedy": 0.00101, "consensus_alignment": 0.0184, "anti_consensus_alignment": -0.03559, "mutual_information": 0.02298, "kcenter": 0.00754, "kmeans_representatives": 0.01938}
{"target": 172, "seed": 303, "min_disturbance_static": -0.00021, "max_disturbance_static": 0.02644, "last_k": -0.00034, "min_disturbance_greedy": -0.00099, "consensus_alignment": 0.01747, "anti_consensus_alignment": -0.01716, "mutual_information": 0.02455, "kcenter": 0.01198, "kmeans_representatives": 0.02509}
{"target": 194, "seed": 101, "min_disturbance_static": -0.00065, "max_disturbance_static": -0.00477, "last_k": 0.00276, "min_disturbance_greedy": -0.00061, "consensus_alignment": -0.01254, "anti_consensus_alignment": -0.02048, "mutual_information": 0.00143, "kcenter": -0.00131, "kmeans_representatives": 0.00036}
{"target": 194, "seed": 202, "min_disturbance_static": 0.00413, "max_disturbance_static": 0.00893, "last_k": 0.00876, "min_disturbance_greedy": 0.0028, "consensus_alignment": 0.00879, "anti_consensus_alignment": -0.01547, "mutual_information": 0.00785, "kcenter": 0.00621, "kmeans_representatives": 0.00906}
{"target": 194, "seed": 303, "min_disturbance_static": 0.00067, "max_disturbance_static": -0.00735, "last_k": 0.00325, "min_disturbance_greedy": -0.00012, "consensus_alignment": -0.01477, "anti_consensus_alignment": -0.01871, "mutual_information": 0.01092, "kcenter": 0.0018, "kmeans_representatives": 0.00815}
{"target": 216, "seed": 101, "min_disturbance_static": 0.00734, "max_disturbance_static": -0.00147, "last_k": 0.00666, "min_disturbance_greedy": 0.00313, "consensus_alignment": -0.00482, "anti_consensus_alignment": -0.02712, "mutual_information": 0.02269, "kcenter": 0.00682, "kmeans_representatives": 0.02334}
{"target": 216, "seed": 202, "min_disturbance_static": 0.00416, "max_disturbance_static": -0.01524, "last_k": 0.02071, "min_disturbance_greedy": -0.00058, "consensus_alignment": -0.02439, "anti_consensus_alignment": -0.02531, "mutual_information": 0.00513, "kcenter": 0.01341, "kmeans_representatives": 0.02164}
{"target": 216, "seed": 303, "min_disturbance_static": 0.00623, "max_disturbance_static": 0.00529, "last_k": 0.00109, "min_disturbance_greedy": 0.00108, "consensus_alignment": -0.00069, "anti_consensus_alignment": -0.0213, "mutual_information": 0.00829, "kcenter": 0.00701, "kmeans_representatives": 0.01569}
{"target": 237, "seed": 101, "min_disturbance_static": 0.00308, "max_disturbance_static": 0.0058, "last_k": -0.00035, "min_disturbance_greedy": 0.00088, "consensus_alignment": 0.00447, "anti_consensus_alignment": -0.01614, "mutual_information": 0.0141, "kcenter": 0.00104, "kmeans_representatives": 0.0175}
{"target": 237, "seed": 202, "min_disturbance_static": -0.00011, "max_disturbance_static": 0.00852, "last_k": 0.00505, "min_disturbance_greedy": 0.00167, "consensus_alignment": 0.00297, "anti_consensus_alignment": -0.03868, "mutual_information": 0.01028, "kcenter": 0.00815, "kmeans_representatives": 0.01201}
{"target": 237, "seed": 303, "min_disturbance_static": 0.00463, "max_disturbance_static": -0.00473, "last_k": 0.00774, "min_disturbance_greedy": -0.00014, "consensus_alignment": -0.00471, "anti_consensus_alignment": -0.01399, "mutual_information": 0.00976, "kcenter": 0.00453, "kmeans_representatives": 0.00648}
{"target": 259, "seed": 101, "min_disturbance_static": 0.01571, "max_disturbance_static": -0.0116, "last_k": 0.01365, "min_disturbance_greedy": 0.01581, "consensus_alignment": -0.03596, "anti_consensus_alignment": 0.01029, "mutual_information": 0.02236, "kcenter": 0.01639, "kmeans_representatives": 0.00256}
{"target": 259, "seed": 202, "min_disturbance_static": 0.01037, "max_disturbance_static": -0.01765, "last_k": -0.01023, "min_disturbance_greedy": 0.0023, "consensus_alignment": -0.0092, "anti_consensus_alignment": -0.02607, "mutual_information": 0.01059, "kcenter": 0.01103, "kmeans_representatives": -0.00218}
{"target": 259, "seed": 303, "min_disturbance_static": -0.0017, "max_disturbance_static": 0.07872, "last_k": 0.03204, "min_disturbance_greedy": 0.01672, "consensus_alignment": 0.05127, "anti_consensus_alignment": 0.01248, "mutual_information": 0.04571, "kcenter": 0.0434, "kmeans_representatives": 0.04661}
{"target": 280, "seed": 101, "min_disturbance_static": -0.00834, "max_disturbance_static": 0.0528, "last_k": 0.03007, "min_disturbance_greedy": -0.00024, "consensus_alignment": 0.03281, "anti_consensus_alignment": -0.04442, "mutual_information": 0.01853, "kcenter": 0.00589, "kmeans_representatives": 0.02857}
{"target": 280, "seed": 202, "min_disturbance_static": 0.01394, "max_disturbance_static": 0.00216, "last_k": 0.00227, "min_disturbance_greedy": 0.00791, "consensus_alignment": -0.00472, "anti_consensus_alignment": -0.02665, "mutual_information": 0.00135, "kcenter": 0.01686, "kmeans_representatives": 0.02104}
{"target": 280, "seed": 303, "min_disturbance_static": 0.00502, "max_disturbance_static": 0.0208, "last_k": 0.00749, "min_disturbance_greedy": 0.0005, "consensus_alignment": 0.03323, "anti_consensus_alignment": -0.0466, "mutual_information": 0.0207, "kcenter": 0.01308, "kmeans_representatives": 0.02661}
{"target": 302, "seed": 101, "min_disturbance_static": 0.00047, "max_disturbance_static": 0.00624, "last_k": 0.00502, "min_disturbance_greedy": 0.00052, "consensus_alignment": 0.00441, "anti_consensus_alignment": -0.01723, "mutual_information": 0.01462, "kcenter": 0.00494, "kmeans_representatives": 0.01796}
{"target": 302, "seed": 202, "min_disturbance_static": 0.00108, "max_disturbance_static": 0.02797, "last_k": 0.02185, "min_disturbance_greedy": 0.00086, "consensus_alignment": 0.02705, "anti_consensus_alignment": -0.02611, "mutual_information": 0.01974, "kcenter": 0.02127, "kmeans_representatives": 0.02267}
{"target": 302, "seed": 303, "min_disturbance_static": 0.00227, "max_disturbance_static": 0.00843, "last_k": 0.01282, "min_disturbance_greedy": 0.00109, "consensus_alignment": 0.00602, "anti_consensus_alignment": -0.0131, "mutual_information": 0.01296, "kcenter": 0.00957, "kmeans_representatives": 0.01564}
{"target": 324, "seed": 101, "min_disturbance_static": 0.0075, "max_disturbance_static": 0.06591, "last_k": 0.04405, "min_disturbance_greedy": 0.01125, "consensus_alignment": 0.05609, "anti_consensus_alignment": -0.02576, "mutual_information": 0.04299, "kcenter": 0.01639, "kmeans_representatives": 0.04425}
{"target": 324, "seed": 202, "min_disturbance_static": 0.01667, "max_disturbance_static": 0.00765, "last_k": 0.01247, "min_disturbance_greedy": 0.00596, "consensus_alignment": 0.00795, "anti_consensus_alignment": -0.02954, "mutual_information": 0.03444, "kcenter": 0.0128, "kmeans_representatives": 0.02202}
{"target": 324, "seed": 303, "min_disturbance_static": 0.00454, "max_disturbance_static": 0.01214, "last_k": 0.00857, "min_disturbance_greedy": 0.0026, "consensus_alignment": 0.00618, "anti_consensus_alignment": -0.01852, "mutual_information": 0.01836, "kcenter": 0.01294, "kmeans_representatives": 0.02487}
