=== METRLA ===
/root/miniconda3/lib/python3.12/site-packages/torch/cuda/__init__.py:63: FutureWarning: The pynvml package is deprecated. Please install nvidia-ml-py instead. If you did not install pynvml directly, please report this to the maintainers of the package that installed pynvml for you.
  import pynvml  # type: ignore[import]
/root/icl_ess_threshold/PAMI_MUR/experiments/neural_expert.py:265: UserWarning: The given NumPy array is not writable, and PyTorch does not support non-writable tensors. This means writing to this tensor will result in undefined behavior. You may want to copy the array to protect its data or make it writable before converting it to a tensor. This type of warning will be suppressed for the rest of this program. (Triggered internally at /pytorch/torch/csrc/utils/tensor_numpy.cpp:206.)
  time_features = torch.from_numpy(
/root/miniconda3/lib/python3.12/site-packages/torch/nn/modules/transformer.py:515: UserWarning: The PyTorch API of nested tensors is in prototype stage and will change in the near future. We recommend specifying layout=torch.jagged when constructing a nested tensor, as this layout receives active development, has better operator coverage, and works with torch.compile. (Triggered internally at /pytorch/aten/src/ATen/NestedTensorImpl.cpp:178.)
  output = torch._nested_tensor_from_mask(
{"dataset": "METRLA", "target": 0, "seed": 101, "rmur_q4": 0.014317544177174568, "static": 0.02045556716620922, "cached": 0.016888782382011414, "oracle_greedy": 0.10082943737506866, "wall": 151.1}
{"dataset": "METRLA", "target": 0, "seed": 202, "rmur_q4": 0.009400095790624619, "static": 0.024920884519815445, "cached": 0.020323894917964935, "oracle_greedy": 0.10110709816217422, "wall": 92.4}
{"dataset": "METRLA", "target": 0, "seed": 303, "rmur_q4": 0.032616425305604935, "static": 0.03344399854540825, "cached": 0.029752487316727638, "oracle_greedy": 0.11038076877593994, "wall": 107.8}
{"dataset": "METRLA", "target": 13, "seed": 101, "rmur_q4": 0.0005678117740899324, "static": -0.007575864903628826, "cached": 0.004904426634311676, "oracle_greedy": 0.08913800120353699, "wall": 108.8}
{"dataset": "METRLA", "target": 13, "seed": 202, "rmur_q4": 0.0042588491924107075, "static": 0.011824464425444603, "cached": 0.011924555525183678, "oracle_greedy": 0.10743846744298935, "wall": 79.8}
{"dataset": "METRLA", "target": 13, "seed": 303, "rmur_q4": -0.0003294878115411848, "static": 0.008759155869483948, "cached": 0.0016142599051818252, "oracle_greedy": 0.08485262840986252, "wall": 123.1}
{"dataset": "METRLA", "target": 27, "seed": 101, "rmur_q4": -0.003108266508206725, "static": -0.0010430087568238378, "cached": -0.0012691931333392859, "oracle_greedy": 0.04828741028904915, "wall": 181.8}
{"dataset": "METRLA", "target": 27, "seed": 202, "rmur_q4": 0.0007767379283905029, "static": 0.0018930478254333138, "cached": -0.0009041666053235531, "oracle_greedy": 0.045083120465278625, "wall": 90.4}
{"dataset": "METRLA", "target": 27, "seed": 303, "rmur_q4": 0.007672082632780075, "static": -0.0014447355642914772, "cached": -0.0008745384402573109, "oracle_greedy": 0.06555229425430298, "wall": 100.7}
{"dataset": "METRLA", "target": 41, "seed": 101, "rmur_q4": 0.009224874898791313, "static": 0.004980818834155798, "cached": -0.0013138537760823965, "oracle_greedy": 0.083694227039814, "wall": 88.6}
{"dataset": "METRLA", "target": 41, "seed": 202, "rmur_q4": 0.00965314544737339, "static": 0.003775839228183031, "cached": 0.007015641778707504, "oracle_greedy": 0.0669565424323082, "wall": 111.9}
{"dataset": "METRLA", "target": 41, "seed": 303, "rmur_q4": 0.00715717114508152, "static": 0.006338476203382015, "cached": -0.00021526032651308924, "oracle_greedy": 0.07889923453330994, "wall": 110.8}
{"dataset": "METRLA", "target": 54, "seed": 101, "rmur_q4": -0.005882990546524525, "static": -0.004648929461836815, "cached": -0.003296039067208767, "oracle_greedy": 0.08341633528470993, "wall": 68.1}
{"dataset": "METRLA", "target": 54, "seed": 202, "rmur_q4": 0.009229118004441261, "static": 0.006462533492594957, "cached": 0.01617705449461937, "oracle_greedy": 0.0911126360297203, "wall": 57.1}
{"dataset": "METRLA", "target": 54, "seed": 303, "rmur_q4": 0.009329508058726788, "static": 0.0019842502661049366, "cached": 0.005515966564416885, "oracle_greedy": 0.08018317818641663, "wall": 109.0}
{"dataset": "METRLA", "target": 68, "seed": 101, "rmur_q4": 0.0018462472362443805, "static": 0.0038646040484309196, "cached": 0.0032390679698437452, "oracle_greedy": 0.09076076745986938, "wall": 83.3}
{"dataset": "METRLA", "target": 68, "seed": 202, "rmur_q4": 0.00927701499313116, "static": 0.022996611893177032, "cached": 0.01804307848215103, "oracle_greedy": 0.0986509844660759, "wall": 79.1}
{"dataset": "METRLA", "target": 68, "seed": 303, "rmur_q4": 0.028798282146453857, "static": 0.021930480375885963, "cached": 0.022673573344945908, "oracle_greedy": 0.10383117198944092, "wall": 76.8}
{"dataset": "METRLA", "target": 82, "seed": 101, "rmur_q4": 0.0628761276602745, "static": 0.017657320946455002, "cached": 0.049876730889081955, "oracle_greedy": 0.15969495475292206, "wall": 76.8}
{"dataset": "METRLA", "target": 82, "seed": 202, "rmur_q4": 0.01714661717414856, "static": 0.00027081285952590406, "cached": 0.01151724811643362, "oracle_greedy": 0.1542569100856781, "wall": 106.4}
{"dataset": "METRLA", "target": 82, "seed": 303, "rmur_q4": -0.011872580274939537, "static": -0.057690300047397614, "cached": -0.054478928446769714, "oracle_greedy": 0.11697635054588318, "wall": 91.4}
{"dataset": "METRLA", "target": 96, "seed": 101, "rmur_q4": 0.029338765889406204, "static": 0.04021170735359192, "cached": 0.02762644551694393, "oracle_greedy": 0.2413559854030609, "wall": 164.1}
{"dataset": "METRLA", "target": 96, "seed": 202, "rmur_q4": 0.0474516935646534, "static": 0.049934495240449905, "cached": 0.045574478805065155, "oracle_greedy": 0.2292843908071518, "wall": 185.2}
{"dataset": "METRLA", "target": 96, "seed": 303, "rmur_q4": 0.03743802756071091, "static": 0.033205822110176086, "cached": 0.05104346573352814, "oracle_greedy": 0.24881085753440857, "wall": 164.3}
{"dataset": "METRLA", "target": 109, "seed": 101, "rmur_q4": 0.0033118692226707935, "static": -0.005084680858999491, "cached": 0.0008608597563579679, "oracle_greedy": 0.0798221305012703, "wall": 113.2}
{"dataset": "METRLA", "target": 109, "seed": 202, "rmur_q4": -0.005919267423450947, "static": -0.006146188825368881, "cached": -0.009104711934924126, "oracle_greedy": 0.07281402498483658, "wall": 76.6}
{"dataset": "METRLA", "target": 109, "seed": 303, "rmur_q4": -0.007180129177868366, "static": -0.011770647019147873, "cached": -0.004537676926702261, "oracle_greedy": 0.0829826071858406, "wall": 57.1}
{"dataset": "METRLA", "target": 123, "seed": 101, "rmur_q4": -0.007378312759101391, "static": -0.00803089328110218, "cached": -0.007423435337841511, "oracle_greedy": 0.03561479225754738, "wall": 59.6}
{"dataset": "METRLA", "target": 123, "seed": 202, "rmur_q4": -0.0013916342286393046, "static": 0.00018398332758806646, "cached": -0.0019704012665897608, "oracle_greedy": 0.0474463626742363, "wall": 61.9}
{"dataset": "METRLA", "target": 123, "seed": 303, "rmur_q4": -0.0038393219001591206, "static": 9.761095498106442e-06, "cached": -0.0029172443319112062, "oracle_greedy": 0.04030317813158035, "wall": 60.8}
{"dataset": "METRLA", "target": 137, "seed": 101, "rmur_q4": 0.013181830756366253, "static": 0.01391532551497221, "cached": 0.0005887980223633349, "oracle_greedy": 0.12925724685192108, "wall": 60.2}
{"dataset": "METRLA", "target": 137, "seed": 202, "rmur_q4": 0.013424691744148731, "static": 0.012506441213190556, "cached": 0.00851165596395731, "oracle_greedy": 0.12268295139074326, "wall": 58.5}
{"dataset": "METRLA", "target": 137, "seed": 303, "rmur_q4": 0.015163554809987545, "static": 0.009090357460081577, "cached": 0.0069735851138830185, "oracle_greedy": 0.12628129124641418, "wall": 62.5}
{"dataset": "METRLA", "target": 151, "seed": 101, "rmur_q4": 0.013860992155969143, "static": 0.014285202138125896, "cached": 0.010195941664278507, "oracle_greedy": 0.08159036934375763, "wall": 57.5}
{"dataset": "METRLA", "target": 151, "seed": 202, "rmur_q4": 0.0114282900467515, "static": 0.002243934664875269, "cached": 0.006424868945032358, "oracle_greedy": 0.07439984381198883, "wall": 53.7}
{"dataset": "METRLA", "target": 151, "seed": 303, "rmur_q4": -0.007130701094865799, "static": -0.008762207813560963, "cached": -0.009347476996481419, "oracle_greedy": 0.07619404792785645, "wall": 58.8}
{"dataset": "METRLA", "target": 164, "seed": 101, "rmur_q4": 0.011486999690532684, "static": -0.0019626719877123833, "cached": -0.001797361415810883, "oracle_greedy": 0.12798209488391876, "wall": 56.0}
{"dataset": "METRLA", "target": 164, "seed": 202, "rmur_q4": 0.007206240203231573, "static": -0.01333654671907425, "cached": 0.0007449209806509316, "oracle_greedy": 0.10817677527666092, "wall": 78.0}
{"dataset": "METRLA", "target": 164, "seed": 303, "rmur_q4": 0.0039176191203296185, "static": -0.005075286142528057, "cached": 0.0069769518449902534, "oracle_greedy": 0.13083238899707794, "wall": 90.2}
{"dataset": "METRLA", "target": 178, "seed": 101, "rmur_q4": 0.010762088932096958, "static": 0.006382561754435301, "cached": 0.00585173349827528, "oracle_greedy": 0.07593907415866852, "wall": 67.9}
{"dataset": "METRLA", "target": 178, "seed": 202, "rmur_q4": 0.003653975436463952, "static": 0.008499673567712307, "cached": 0.004927824251353741, "oracle_greedy": 0.0694526955485344, "wall": 74.2}
{"dataset": "METRLA", "target": 178, "seed": 303, "rmur_q4": -0.007465289905667305, "static": -0.004708573687821627, "cached": -0.010745619423687458, "oracle_greedy": 0.0822266936302185, "wall": 65.3}
{"dataset": "METRLA", "target": 192, "seed": 101, "rmur_q4": -0.004560302477329969, "static": 0.003105009440332651, "cached": 0.004599711392074823, "oracle_greedy": 0.08373930305242538, "wall": 75.7}
{"dataset": "METRLA", "target": 192, "seed": 202, "rmur_q4": -0.00031298137037083507, "static": 0.006748843006789684, "cached": 0.0014274506829679012, "oracle_greedy": 0.10432352870702744, "wall": 71.0}
{"dataset": "METRLA", "target": 192, "seed": 303, "rmur_q4": 0.007965439930558205, "static": 0.011362680234014988, "cached": 0.011806718073785305, "oracle_greedy": 0.09702441841363907, "wall": 67.9}
{"dataset": "METRLA", "target": 206, "seed": 101, "rmur_q4": 0.024160634726285934, "static": 0.022108985111117363, "cached": 0.019787505269050598, "oracle_greedy": 0.18476144969463348, "wall": 75.6}
{"dataset": "METRLA", "target": 206, "seed": 202, "rmur_q4": 0.027077198028564453, "static": 0.02243831194937229, "cached": 0.02566295675933361, "oracle_greedy": 0.15468542277812958, "wall": 49.7}
{"dataset": "METRLA", "target": 206, "seed": 303, "rmur_q4": 0.01523189153522253, "static": 0.017770852893590927, "cached": 0.015719912946224213, "oracle_greedy": 0.17789116501808167, "wall": 71.3}
{
  "G_RMUR_q4_mean": 0.009663295655021404,
  "delta_static": {
    "mean": 0.002824081498639922,
    "low": -0.0011971527420911344,
    "high": 0.008339824096770107
  },
  "delta_cached": {
    "mean": 0.002067948861016096,
    "low": -0.000604041156073739,
    "high": 0.005280556097879218
  },
  "targets_positive_gain": 14,
  "targets_above_static": 9,
  "targets_above_cached": 9,
  "pass_g1": false
}
=== PEMSBAY ===
/root/miniconda3/lib/python3.12/site-packages/torch/cuda/__init__.py:63: FutureWarning: The pynvml package is deprecated. Please install nvidia-ml-py instead. If you did not install pynvml directly, please report this to the maintainers of the package that installed pynvml for you.
  import pynvml  # type: ignore[import]
/root/icl_ess_threshold/PAMI_MUR/experiments/neural_expert.py:265: UserWarning: The given NumPy array is not writable, and PyTorch does not support non-writable tensors. This means writing to this tensor will result in undefined behavior. You may want to copy the array to protect its data or make it writable before converting it to a tensor. This type of warning will be suppressed for the rest of this program. (Triggered internally at /pytorch/torch/csrc/utils/tensor_numpy.cpp:206.)
  time_features = torch.from_numpy(
/root/miniconda3/lib/python3.12/site-packages/torch/nn/modules/transformer.py:515: UserWarning: The PyTorch API of nested tensors is in prototype stage and will change in the near future. We recommend specifying layout=torch.jagged when constructing a nested tensor, as this layout receives active development, has better operator coverage, and works with torch.compile. (Triggered internally at /pytorch/aten/src/ATen/NestedTensorImpl.cpp:178.)
  output = torch._nested_tensor_from_mask(
{"dataset": "PEMSBAY", "target": 0, "seed": 101, "rmur_q4": -0.0028170356526970863, "static": 0.00751007255166769, "cached": 0.0034313902724534273, "oracle_greedy": 0.08892126381397247, "wall": 78.6}
{"dataset": "PEMSBAY", "target": 0, "seed": 202, "rmur_q4": 0.013920356519520283, "static": 0.011873160488903522, "cached": 0.013943636789917946, "oracle_greedy": 0.09565889090299606, "wall": 76.9}
{"dataset": "PEMSBAY", "target": 0, "seed": 303, "rmur_q4": 0.014676796272397041, "static": 0.013148332946002483, "cached": 0.01265880186110735, "oracle_greedy": 0.09906774759292603, "wall": 94.3}
{"dataset": "PEMSBAY", "target": 21, "seed": 101, "rmur_q4": 0.030005257576704025, "static": 0.030781298875808716, "cached": 0.03515695780515671, "oracle_greedy": 0.1136137843132019, "wall": 108.1}
{"dataset": "PEMSBAY", "target": 21, "seed": 202, "rmur_q4": 0.008878679014742374, "static": 0.011442115530371666, "cached": 0.007778563071042299, "oracle_greedy": 0.08120088279247284, "wall": 87.1}
{"dataset": "PEMSBAY", "target": 21, "seed": 303, "rmur_q4": 0.03412528336048126, "static": 0.03835655376315117, "cached": 0.03580949082970619, "oracle_greedy": 0.10217919945716858, "wall": 91.8}
{"dataset": "PEMSBAY", "target": 43, "seed": 101, "rmur_q4": 0.015665629878640175, "static": 0.013232878409326077, "cached": 0.015036792494356632, "oracle_greedy": 0.09742061048746109, "wall": 93.4}
{"dataset": "PEMSBAY", "target": 43, "seed": 202, "rmur_q4": 0.00872815027832985, "static": 0.008180688135325909, "cached": 0.006317479535937309, "oracle_greedy": 0.0861889123916626, "wall": 99.8}
{"dataset": "PEMSBAY", "target": 43, "seed": 303, "rmur_q4": 0.010081296786665916, "static": 0.012108156457543373, "cached": 0.00867976900190115, "oracle_greedy": 0.09087089449167252, "wall": 75.9}
{"dataset": "PEMSBAY", "target": 64, "seed": 101, "rmur_q4": 0.011563774198293686, "static": 0.012771370820701122, "cached": 0.014816396869719028, "oracle_greedy": 0.08503925055265427, "wall": 101.6}
{"dataset": "PEMSBAY", "target": 64, "seed": 202, "rmur_q4": 0.021732056513428688, "static": 0.023054052144289017, "cached": 0.01337889488786459, "oracle_greedy": 0.07580827176570892, "wall": 114.9}
{"dataset": "PEMSBAY", "target": 64, "seed": 303, "rmur_q4": 0.014807848259806633, "static": 0.016523439437150955, "cached": 0.007657230366021395, "oracle_greedy": 0.06446244567632675, "wall": 88.4}
{"dataset": "PEMSBAY", "target": 86, "seed": 101, "rmur_q4": 0.003296399023383856, "static": 0.001534773618914187, "cached": 0.002650899812579155, "oracle_greedy": 0.03486340120434761, "wall": 91.0}
{"dataset": "PEMSBAY", "target": 86, "seed": 202, "rmur_q4": 0.0019109417917206883, "static": 0.00050113326869905, "cached": -0.00017454320914112031, "oracle_greedy": 0.030453970655798912, "wall": 115.3}
{"dataset": "PEMSBAY", "target": 86, "seed": 303, "rmur_q4": 0.0016455939039587975, "static": 0.004881180357187986, "cached": -0.0009517963626421988, "oracle_greedy": 0.03351099416613579, "wall": 99.2}
{"dataset": "PEMSBAY", "target": 108, "seed": 101, "rmur_q4": 0.015069291926920414, "static": 0.013796092942357063, "cached": 0.025578102096915245, "oracle_greedy": 0.09917374700307846, "wall": 116.5}
{"dataset": "PEMSBAY", "target": 108, "seed": 202, "rmur_q4": 0.0063131931237876415, "static": 0.01585971936583519, "cached": 0.01518656499683857, "oracle_greedy": 0.11090623587369919, "wall": 193.6}
{"dataset": "PEMSBAY", "target": 108, "seed": 303, "rmur_q4": 0.021093452349305153, "static": 0.017241260036826134, "cached": 0.01582908071577549, "oracle_greedy": 0.0948605164885521, "wall": 104.6}
{"dataset": "PEMSBAY", "target": 129, "seed": 101, "rmur_q4": -0.013673610985279083, "static": -0.004321204498410225, "cached": -0.006825587246567011, "oracle_greedy": 0.08691181987524033, "wall": 99.8}
{"dataset": "PEMSBAY", "target": 129, "seed": 202, "rmur_q4": -0.06795091181993484, "static": -0.03971781209111214, "cached": -0.058651357889175415, "oracle_greedy": 0.10831151902675629, "wall": 99.3}
{"dataset": "PEMSBAY", "target": 129, "seed": 303, "rmur_q4": -0.00015089607040863484, "static": 0.0026754122227430344, "cached": 0.009064926765859127, "oracle_greedy": 0.0861484631896019, "wall": 125.8}
{"dataset": "PEMSBAY", "target": 151, "seed": 101, "rmur_q4": -0.011521952226758003, "static": 4.254460509400815e-05, "cached": -0.01795143447816372, "oracle_greedy": 0.1481696516275406, "wall": 130.4}
{"dataset": "PEMSBAY", "target": 151, "seed": 202, "rmur_q4": 0.041229501366615295, "static": 0.045507773756980896, "cached": 0.038652412593364716, "oracle_greedy": 0.1556214690208435, "wall": 106.7}
{"dataset": "PEMSBAY", "target": 151, "seed": 303, "rmur_q4": 0.033345554023981094, "static": 0.02777733840048313, "cached": 0.034855540841817856, "oracle_greedy": 0.14395709335803986, "wall": 88.3}
{"dataset": "PEMSBAY", "target": 172, "seed": 101, "rmur_q4": 0.008316842839121819, "static": 0.01306457445025444, "cached": 0.0074170962907373905, "oracle_greedy": 0.0553695410490036, "wall": 75.8}
{"dataset": "PEMSBAY", "target": 172, "seed": 202, "rmur_q4": 0.009015464223921299, "static": 0.0034337840043008327, "cached": 0.005046387668699026, "oracle_greedy": 0.057973891496658325, "wall": 94.6}
{"dataset": "PEMSBAY", "target": 172, "seed": 303, "rmur_q4": 0.027211615815758705, "static": 0.030130142346024513, "cached": 0.03240383788943291, "oracle_greedy": 0.08272001147270203, "wall": 105.9}
{"dataset": "PEMSBAY", "target": 194, "seed": 101, "rmur_q4": 0.004924526903778315, "static": 0.005931306630373001, "cached": 0.0051879738457500935, "oracle_greedy": 0.054951637983322144, "wall": 75.5}
{"dataset": "PEMSBAY", "target": 194, "seed": 202, "rmur_q4": 0.012384338304400444, "static": 0.015283433720469475, "cached": 0.014053894206881523, "oracle_greedy": 0.05956779420375824, "wall": 81.5}
{"dataset": "PEMSBAY", "target": 194, "seed": 303, "rmur_q4": -0.006017994601279497, "static": 0.002330118790268898, "cached": 0.0009181427303701639, "oracle_greedy": 0.04846073314547539, "wall": 95.2}
{"dataset": "PEMSBAY", "target": 216, "seed": 101, "rmur_q4": 0.019529715180397034, "static": 0.0023961500264704227, "cached": 0.012417708523571491, "oracle_greedy": 0.11274503916501999, "wall": 92.1}
{"dataset": "PEMSBAY", "target": 216, "seed": 202, "rmur_q4": -0.01285998523235321, "static": -0.001986035378649831, "cached": 0.002292959950864315, "oracle_greedy": 0.14218226075172424, "wall": 85.7}
{"dataset": "PEMSBAY", "target": 216, "seed": 303, "rmur_q4": 0.01717063970863819, "static": -0.00018769645248539746, "cached": 0.012346995994448662, "oracle_greedy": 0.11048562824726105, "wall": 86.6}
{"dataset": "PEMSBAY", "target": 237, "seed": 101, "rmur_q4": 0.026758506894111633, "static": 0.007075079716742039, "cached": 0.01142970472574234, "oracle_greedy": 0.09032393246889114, "wall": 82.2}
{"dataset": "PEMSBAY", "target": 237, "seed": 202, "rmur_q4": 0.00934592355042696, "static": 0.0077733201906085014, "cached": 0.007500320207327604, "oracle_greedy": 0.07809857279062271, "wall": 107.1}
{"dataset": "PEMSBAY", "target": 237, "seed": 303, "rmur_q4": 0.011999350041151047, "static": 0.015803063288331032, "cached": 0.009309421293437481, "oracle_greedy": 0.0782826840877533, "wall": 117.5}
{"dataset": "PEMSBAY", "target": 259, "seed": 101, "rmur_q4": 0.07517082244157791, "static": 0.0665273442864418, "cached": 0.03818611800670624, "oracle_greedy": 0.20316268503665924, "wall": 239.3}
{"dataset": "PEMSBAY", "target": 259, "seed": 202, "rmur_q4": 0.014559687115252018, "static": -0.008630884811282158, "cached": 0.013291467912495136, "oracle_greedy": 0.14568784832954407, "wall": 113.0}
{"dataset": "PEMSBAY", "target": 259, "seed": 303, "rmur_q4": 0.003679386107251048, "static": 0.001457301084883511, "cached": 0.03588443621993065, "oracle_greedy": 0.21000562608242035, "wall": 102.1}
{"dataset": "PEMSBAY", "target": 280, "seed": 101, "rmur_q4": 0.03583953157067299, "static": 0.02997824363410473, "cached": 0.020623771473765373, "oracle_greedy": 0.18444666266441345, "wall": 104.8}
{"dataset": "PEMSBAY", "target": 280, "seed": 202, "rmur_q4": 0.044189292937517166, "static": 0.03736281767487526, "cached": 0.03926220163702965, "oracle_greedy": 0.19427968561649323, "wall": 101.9}
{"dataset": "PEMSBAY", "target": 280, "seed": 303, "rmur_q4": 0.018039917573332787, "static": 0.021159391850233078, "cached": 0.014896177686750889, "oracle_greedy": 0.1700136959552765, "wall": 105.4}
{"dataset": "PEMSBAY", "target": 302, "seed": 101, "rmur_q4": 0.0017772223800420761, "static": 0.004403137136250734, "cached": 0.005010879132896662, "oracle_greedy": 0.0631629154086113, "wall": 109.8}
{"dataset": "PEMSBAY", "target": 302, "seed": 202, "rmur_q4": 0.018173515796661377, "static": 0.025761721655726433, "cached": 0.028938647359609604, "oracle_greedy": 0.07687762379646301, "wall": 87.8}
{"dataset": "PEMSBAY", "target": 302, "seed": 303, "rmur_q4": 0.014583212323486805, "static": 0.017931655049324036, "cached": 0.014839956536889076, "oracle_greedy": 0.0644637942314148, "wall": 82.4}
{"dataset": "PEMSBAY", "target": 324, "seed": 101, "rmur_q4": 0.038957055658102036, "static": 0.030570510774850845, "cached": 0.03366086632013321, "oracle_greedy": 0.17299526929855347, "wall": 84.7}
{"dataset": "PEMSBAY", "target": 324, "seed": 202, "rmur_q4": 0.004308330360800028, "static": 0.0253169983625412, "cached": 0.024176668375730515, "oracle_greedy": 0.14550131559371948, "wall": 81.2}
{"dataset": "PEMSBAY", "target": 324, "seed": 303, "rmur_q4": 0.01586012728512287, "static": 0.02545165829360485, "cached": 0.018169717863202095, "oracle_greedy": 0.16153009235858917, "wall": 72.9}
{
  "G_RMUR_q4_mean": 0.01301857697065619,
  "delta_static": {
    "mean": -0.0007959536099709413,
    "low": -0.0036444838046766864,
    "high": 0.0019357991730127341
  },
  "delta_cached": {
    "mean": -0.0002979556184072861,
    "low": -0.0023871439947773373,
    "high": 0.0018757923120271392
  },
  "targets_positive_gain": 15,
  "targets_above_static": 5,
  "targets_above_cached": 7,
  "pass_g1": false
}
