/root/miniconda3/lib/python3.12/site-packages/torch/cuda/__init__.py:63: FutureWarning: The pynvml package is deprecated. Please install nvidia-ml-py instead. If you did not install pynvml directly, please report this to the maintainers of the package that installed pynvml for you.
  import pynvml  # type: ignore[import]
{
  "run_id": "R071_candidate_size",
  "status": "pilot_not_confirmatory",
  "config": {
    "candidate_count": 4,
    "group_count": 4,
    "budget": 4,
    "redundancy_ratio": 0.5,
    "harmful_fraction": 0.0,
    "anchor_noise": 1.0,
    "useful_residual_fraction": 0.1,
    "harmful_residual_fraction": 1.8,
    "seed": 505,
    "train_episodes": 2000,
    "test_episodes": 1500,
    "epochs": 15,
    "device": "cuda:0",
    "calibration_alpha": 0.1,
    "mmr_gamma_grid": [
      0.0,
      0.25,
      0.5,
      1.0
    ],
    "mmr_gamma_selected": 0.0,
    "mmr_validation": {
      "0.0": {
        "mean_prediction_gain": 0.47711209433634455,
        "negative_transfer_rate": 0.0,
        "mean_utility_recovery": 0.9999999999655778,
        "mean_selected_contexts": 4.0,
        "mean_gain_per_selected_context": 0.11927802358408614,
        "mean_duplicate_selections": 2.0,
        "duplicate_selection_rate": 0.5
      },
      "0.25": {
        "mean_prediction_gain": 0.47711209433634455,
        "negative_transfer_rate": 0.0,
        "mean_utility_recovery": 0.9999999999655778,
        "mean_selected_contexts": 4.0,
        "mean_gain_per_selected_context": 0.11927802358408614,
        "mean_duplicate_selections": 2.0,
        "duplicate_selection_rate": 0.5
      },
      "0.5": {
        "mean_prediction_gain": 0.47711209433634455,
        "negative_transfer_rate": 0.0,
        "mean_utility_recovery": 0.9999999999655778,
        "mean_selected_contexts": 4.0,
        "mean_gain_per_selected_context": 0.11927802358408614,
        "mean_duplicate_selections": 2.0,
        "duplicate_selection_rate": 0.5
      },
      "1.0": {
        "mean_prediction_gain": 0.47711209433634455,
        "negative_transfer_rate": 0.0,
        "mean_utility_recovery": 0.9999999999655778,
        "mean_selected_contexts": 4.0,
        "mean_gain_per_selected_context": 0.11927802358408614,
        "mean_duplicate_selections": 2.0,
        "duplicate_selection_rate": 0.5
      }
    },
    "calibration_radius": 0.20907188951969147,
    "free_threshold_grid": [
      0.0,
      1.1220574378967285e-05,
      0.003971239924430849,
      0.017388808727264442,
      0.039478021860122677,
      0.0696361839771271,
      0.11100584268569946,
      0.17104436457157135,
      0.25061742067337045,
      0.3773861587047583,
      0.6314891427755366,
      3.0650413036346436
    ],
    "free_threshold_selected": 0.25061742067337045,
    "free_threshold_target_contexts": 0.9266666666666666,
    "free_threshold_validation": {
      "0.0": {
        "mean_prediction_gain": 0.46731824847939424,
        "negative_transfer_rate": 0.0,
        "mean_utility_recovery": 0.9774685693511495,
        "mean_selected_contexts": 3.016,
        "mean_gain_per_selected_context": 0.15399862573447046,
        "mean_duplicate_selections": 1.0713333333333332,
        "duplicate_selection_rate": 0.3025555555555556
      },
      "1.1220574378967285e-05": {
        "mean_prediction_gain": 0.46731824847939424,
        "negative_transfer_rate": 0.0,
        "mean_utility_recovery": 0.9774685693511495,
        "mean_selected_contexts": 3.016,
        "mean_gain_per_selected_context": 0.15399862573447046,
        "mean_duplicate_selections": 1.0713333333333332,
        "duplicate_selection_rate": 0.3025555555555556
      },
      "0.003971239924430849": {
        "mean_prediction_gain": 0.4668810705530923,
        "negative_transfer_rate": 0.0,
        "mean_utility_recovery": 0.9752319446576433,
        "mean_selected_contexts": 2.9593333333333334,
        "mean_gain_per_selected_context": 0.15717570080638232,
        "mean_duplicate_selections": 1.0213333333333334,
        "duplicate_selection_rate": 0.29033333333333333
      },
      "0.017388808727264442": {
        "mean_prediction_gain": 0.4644210911629877,
        "negative_transfer_rate": 0.0,
        "mean_utility_recovery": 0.9678979957743405,
        "mean_selected_contexts": 2.768666666666667,
        "mean_gain_per_selected_context": 0.1654831477568489,
        "mean_duplicate_selections": 0.852,
        "duplicate_selection_rate": 0.2472222222222222
      },
      "0.039478021860122677": {
        "mean_prediction_gain": 0.4572915990309945,
        "negative_transfer_rate": 0.0,
        "mean_utility_recovery": 0.942779993960652,
        "mean_selected_contexts": 2.4426666666666668,
        "mean_gain_per_selected_context": 0.18285588851284365,
        "mean_duplicate_selections": 0.5833333333333334,
        "duplicate_selection_rate": 0.174
      },
      "0.0696361839771271": {
        "mean_prediction_gain": 0.4436947817657298,
        "negative_transfer_rate": 0.0,
        "mean_utility_recovery": 0.8877228015514548,
        "mean_selected_contexts": 2.0793333333333335,
        "mean_gain_per_selected_context": 0.20789366218703445,
        "mean_duplicate_selections": 0.3446666666666667,
        "duplicate_selection_rate": 0.1062222222222222
      },
      "0.11100584268569946": {
        "mean_prediction_gain": 0.42500664428062734,
        "negative_transfer_rate": 0.0,
        "mean_utility_recovery": 0.7974004487548182,
        "mean_selected_contexts": 1.624,
        "mean_gain_per_selected_context": 0.258609438103491,
        "mean_duplicate_selections": 0.14266666666666666,
        "duplicate_selection_rate": 0.047111111111111104
      },
      "0.17104436457157135": {
        "mean_prediction_gain": 0.3920234920072059,
        "negative_transfer_rate": 0.0,
        "mean_utility_recovery": 0.6666450263151464,
        "mean_selected_contexts": 1.1533333333333333,
        "mean_gain_per_selected_context": 0.34337838688635847,
        "mean_duplicate_selections": 0.03666666666666667,
        "duplicate_selection_rate": 0.013333333333333334
      },
      "0.25061742067337045": {
        "mean_prediction_gain": 0.3433959982059896,
        "negative_transfer_rate": 0.0,
        "mean_utility_recovery": 0.5115001940082928,
        "mean_selected_contexts": 0.754,
        "mean_gain_per_selected_context": 0.4602987990231931,
        "mean_duplicate_selections": 0.006,
        "duplicate_selection_rate": 0.002444444444444444
      },
      "0.3773861587047583": {
        "mean_prediction_gain": 0.2713969291591396,
        "negative_transfer_rate": 0.0,
        "mean_utility_recovery": 0.32206710547215833,
        "mean_selected_contexts": 0.418,
        "mean_gain_per_selected_context": 0.6515957195279106,
        "mean_duplicate_selections": 0.0,
        "duplicate_selection_rate": 0.0
      },
      "0.6314891427755366": {
        "mean_prediction_gain": 0.14677673980842035,
        "negative_transfer_rate": 0.0,
        "mean_utility_recovery": 0.12049350210590895,
        "mean_selected_contexts": 0.144,
        "mean_gain_per_selected_context": 1.0201520265313968,
        "mean_duplicate_selections": 0.0,
        "duplicate_selection_rate": 0.0
      },
      "3.0650413036346436": {
        "mean_prediction_gain": 0.0,
        "negative_transfer_rate": 0.0,
        "mean_utility_recovery": 0.0,
        "mean_selected_contexts": 0.0,
        "mean_gain_per_selected_context": NaN,
        "mean_duplicate_selections": 0.0,
        "duplicate_selection_rate": 0.0
      }
    }
  },
  "metrics": {
    "relevance": {
      "mean_prediction_gain": 0.5223637477767964,
      "negative_transfer_rate": 0.0,
      "mean_utility_recovery": 1.0000000001200668,
      "mean_selected_contexts": 4.0,
      "mean_gain_per_selected_context": 0.1305909369441991,
      "mean_duplicate_selections": 2.0,
      "duplicate_selection_rate": 0.5
    },
    "mmr": {
      "mean_prediction_gain": 0.5223637477767964,
      "negative_transfer_rate": 0.0,
      "mean_utility_recovery": 1.0000000001200668,
      "mean_selected_contexts": 4.0,
      "mean_gain_per_selected_context": 0.1305909369441991,
      "mean_duplicate_selections": 2.0,
      "duplicate_selection_rate": 0.5
    },
    "coverage": {
      "mean_prediction_gain": 0.5223637477767964,
      "negative_transfer_rate": 0.0,
      "mean_utility_recovery": 1.0000000001200668,
      "mean_selected_contexts": 4.0,
      "mean_gain_per_selected_context": 0.1305909369441991,
      "mean_duplicate_selections": 2.0,
      "duplicate_selection_rate": 0.5
    },
    "oracle_static": {
      "mean_prediction_gain": 0.5223637477767964,
      "negative_transfer_rate": 0.0,
      "mean_utility_recovery": 1.0000000001200668,
      "mean_selected_contexts": 4.0,
      "mean_gain_per_selected_context": 0.1305909369441991,
      "mean_duplicate_selections": 2.0,
      "duplicate_selection_rate": 0.5
    },
    "static_utility": {
      "mean_prediction_gain": 0.5223637477767964,
      "negative_transfer_rate": 0.0,
      "mean_utility_recovery": 1.0000000001200668,
      "mean_selected_contexts": 4.0,
      "mean_gain_per_selected_context": 0.1305909369441991,
      "mean_duplicate_selections": 2.0,
      "duplicate_selection_rate": 0.5
    },
    "mur_light": {
      "mean_prediction_gain": 0.5090593790095299,
      "negative_transfer_rate": 0.0,
      "mean_utility_recovery": 0.9685889258118441,
      "mean_selected_contexts": 2.9606666666666666,
      "mean_gain_per_selected_context": 0.1720171854881274,
      "mean_duplicate_selections": 1.0386666666666666,
      "duplicate_selection_rate": 0.2971111111111111,
      "positive_selection_precision": 0.649628462058095
    },
    "mur_interval": {
      "mean_prediction_gain": 0.4076997876538274,
      "negative_transfer_rate": 0.0,
      "mean_utility_recovery": 0.5924866154357376,
      "mean_selected_contexts": 0.954,
      "mean_gain_per_selected_context": 0.43046248309533547,
      "mean_duplicate_selections": 0.027333333333333334,
      "duplicate_selection_rate": 0.010111111111111109,
      "positive_selection_precision": 0.9713487071977638
    },
    "mur_free_threshold": {
      "mean_prediction_gain": 0.38468701087404045,
      "negative_transfer_rate": 0.0,
      "mean_utility_recovery": 0.5171152010138339,
      "mean_selected_contexts": 0.7646666666666667,
      "mean_gain_per_selected_context": 0.5057681389203019,
      "mean_duplicate_selections": 0.010666666666666666,
      "duplicate_selection_rate": 0.0041111111111111105,
      "positive_selection_precision": 0.986050566695728
    },
    "oracle": {
      "mean_prediction_gain": 0.5223637477730712,
      "negative_transfer_rate": 0.0,
      "mean_utility_recovery": 1.0,
      "mean_selected_contexts": 2.0,
      "mean_gain_per_selected_context": 0.2611818738865356,
      "mean_duplicate_selections": 0.0,
      "duplicate_selection_rate": 0.0
    },
    "state_conditioning_headroom": -7.131510087958086e-12,
    "mur_estimation_gap": 0.02546954841384019,
    "mur_headroom_recovery": NaN
  },
  "state_diagnostics": {
    "random": {
      "utility_mae": 0.1211840194843968,
      "top1_accuracy": 0.6813333333333333,
      "one_step_regret": 0.012377322292576234
    },
    "oracle_prefix": {
      "utility_mae": 0.10580703851631419,
      "top1_accuracy": 0.5026666666666667,
      "one_step_regret": 0.012325313885851452
    },
    "mur_rollout": {
      "utility_mae": 0.11321226230918209,
      "top1_accuracy": 0.5773333333333334,
      "one_step_regret": 0.015502617576314758
    }
  },
  "wall_seconds": 23.892231225967407,
  "provenance": {
    "script_sha256": "628f9002d6ce0713a79d15c8c59c5c789416c254fbf99953fcea3c81c4d70721",
    "synthetic_sha256": "01266f6e3312b25217202382aa7289a8d60f88662f69718497fd7a89f59641d1",
    "experiment_sha256": "7848c12daf71a95ca7b312ec0d37e1e97bc462688eaa67b316879bc328f00b4b"
  }
}
