/root/miniconda3/lib/python3.12/site-packages/torch/cuda/__init__.py:63: FutureWarning: The pynvml package is deprecated. Please install nvidia-ml-py instead. If you did not install pynvml directly, please report this to the maintainers of the package that installed pynvml for you.
  import pynvml  # type: ignore[import]
{"target": 0, "seed": 101, "random": 0.02659, "relevance": 0.02853, "mmr": 0.02749, "dpp": 0.02778, "facility_location": 0.03112, "mutual_information": 0.04537, "kcenter": 0.01399, "kmeans_representatives": 0.01789, "delfit_style": 0.02209, "pool_all": 0.06059, "base_only": 0.0}
{"target": 0, "seed": 202, "random": 0.02141, "relevance": 0.01944, "mmr": 0.02266, "dpp": 0.02183, "facility_location": 0.03067, "mutual_information": 0.04819, "kcenter": 0.01401, "kmeans_representatives": 0.01891, "delfit_style": 0.0189, "pool_all": 0.06025, "base_only": 0.0}
{"target": 0, "seed": 303, "random": 0.02135, "relevance": 0.03142, "mmr": 0.02764, "dpp": 0.02477, "facility_location": 0.03002, "mutual_information": 0.04535, "kcenter": 0.01216, "kmeans_representatives": 0.01353, "delfit_style": 0.02824, "pool_all": 0.05891, "base_only": 0.0}
{"target": 9, "seed": 101, "random": 0.01135, "relevance": 0.01046, "mmr": 0.00844, "dpp": 0.00799, "facility_location": 0.01275, "mutual_information": 0.02046, "kcenter": 0.01382, "kmeans_representatives": 0.01034, "delfit_style": 0.0146, "pool_all": 0.02984, "base_only": 0.0}
{"target": 9, "seed": 202, "random": 0.01033, "relevance": 0.01058, "mmr": 0.00797, "dpp": 0.00635, "facility_location": 0.00993, "mutual_information": 0.0174, "kcenter": 0.01175, "kmeans_representatives": 0.00806, "delfit_style": 0.01204, "pool_all": 0.02794, "base_only": 0.0}
{"target": 9, "seed": 303, "random": 0.01009, "relevance": 0.00824, "mmr": 0.00476, "dpp": 0.00354, "facility_location": 0.01101, "mutual_information": 0.01996, "kcenter": 0.01025, "kmeans_representatives": 0.00944, "delfit_style": 0.01235, "pool_all": 0.0297, "base_only": 0.0}
{"target": 19, "seed": 101, "random": 0.00857, "relevance": 0.00419, "mmr": 0.00421, "dpp": 0.00436, "facility_location": 0.01389, "mutual_information": 0.00454, "kcenter": 0.00934, "kmeans_representatives": 0.01222, "delfit_style": 0.0144, "pool_all": 0.02378, "base_only": 0.0}
{"target": 19, "seed": 202, "random": 0.00966, "relevance": 0.00054, "mmr": 0.00309, "dpp": 0.0039, "facility_location": 0.01466, "mutual_information": 0.00614, "kcenter": 0.00975, "kmeans_representatives": 0.01166, "delfit_style": 0.01014, "pool_all": 0.02247, "base_only": 0.0}
{"target": 19, "seed": 303, "random": 0.00949, "relevance": 0.00664, "mmr": 0.00568, "dpp": 0.00528, "facility_location": 0.01452, "mutual_information": 0.00352, "kcenter": 0.00863, "kmeans_representatives": 0.0115, "delfit_style": 0.01516, "pool_all": 0.02376, "base_only": 0.0}
{"target": 29, "seed": 101, "random": 0.00987, "relevance": 0.01913, "mmr": 0.01702, "dpp": 0.01743, "facility_location": 0.00848, "mutual_information": 0.02324, "kcenter": 0.00677, "kmeans_representatives": -0.00072, "delfit_style": 0.00907, "pool_all": 0.02812, "base_only": 0.0}
{"target": 29, "seed": 202, "random": 0.0084, "relevance": 0.01856, "mmr": 0.0151, "dpp": 0.01491, "facility_location": 0.00796, "mutual_information": 0.02374, "kcenter": 0.00481, "kmeans_representatives": 0.00375, "delfit_style": 0.00664, "pool_all": 0.02468, "base_only": 0.0}
{"target": 29, "seed": 303, "random": 0.00673, "relevance": 0.0189, "mmr": 0.01684, "dpp": 0.01686, "facility_location": 0.0074, "mutual_information": 0.02399, "kcenter": 0.00572, "kmeans_representatives": 0.0062, "delfit_style": 0.0084, "pool_all": 0.02433, "base_only": 0.0}
{"target": 39, "seed": 101, "random": 0.03314, "relevance": 0.05389, "mmr": 0.04719, "dpp": 0.04981, "facility_location": 0.01993, "mutual_information": 0.05601, "kcenter": 0.0378, "kmeans_representatives": 0.0338, "delfit_style": 0.03211, "pool_all": 0.09649, "base_only": 0.0}
{"target": 39, "seed": 202, "random": 0.03418, "relevance": 0.05922, "mmr": 0.05025, "dpp": 0.0492, "facility_location": 0.0215, "mutual_information": 0.05254, "kcenter": 0.04247, "kmeans_representatives": 0.03982, "delfit_style": 0.03704, "pool_all": 0.0986, "base_only": 0.0}
{"target": 39, "seed": 303, "random": 0.0341, "relevance": 0.06137, "mmr": 0.05165, "dpp": 0.05214, "facility_location": 0.02009, "mutual_information": 0.06467, "kcenter": 0.04516, "kmeans_representatives": 0.04034, "delfit_style": 0.04055, "pool_all": 0.10485, "base_only": 0.0}
{"target": 49, "seed": 101, "random": 0.01262, "relevance": 0.00823, "mmr": 0.00532, "dpp": 0.0056, "facility_location": 0.01397, "mutual_information": 0.0142, "kcenter": 0.01287, "kmeans_representatives": 0.01418, "delfit_style": 0.01451, "pool_all": 0.03472, "base_only": 0.0}
{"target": 49, "seed": 202, "random": 0.01236, "relevance": 0.00545, "mmr": 0.00247, "dpp": 0.00403, "facility_location": 0.01213, "mutual_information": 0.00888, "kcenter": 0.01178, "kmeans_representatives": 0.01013, "delfit_style": 0.01354, "pool_all": 0.0331, "base_only": 0.0}
{"target": 49, "seed": 303, "random": 0.01159, "relevance": 0.00898, "mmr": 0.00255, "dpp": 0.00015, "facility_location": 0.01373, "mutual_information": 0.01228, "kcenter": 0.01256, "kmeans_representatives": 0.0099, "delfit_style": 0.01333, "pool_all": 0.03241, "base_only": 0.0}
{"target": 59, "seed": 101, "random": 0.00543, "relevance": -0.00532, "mmr": 0.00064, "dpp": 0.00444, "facility_location": 0.00384, "mutual_information": 0.00565, "kcenter": 0.00512, "kmeans_representatives": 0.00624, "delfit_style": 0.00433, "pool_all": 0.01691, "base_only": 0.0}
{"target": 59, "seed": 202, "random": 0.00573, "relevance": -0.0072, "mmr": 0.00063, "dpp": 0.00386, "facility_location": 0.0016, "mutual_information": 0.00413, "kcenter": 0.00547, "kmeans_representatives": 0.00531, "delfit_style": 0.00441, "pool_all": 0.0144, "base_only": 0.0}
{"target": 59, "seed": 303, "random": 0.00538, "relevance": -0.00424, "mmr": 0.00111, "dpp": 0.00449, "facility_location": 0.00368, "mutual_information": 0.00769, "kcenter": 0.00669, "kmeans_representatives": 0.00222, "delfit_style": 0.00638, "pool_all": 0.01691, "base_only": 0.0}
{"target": 69, "seed": 101, "random": 0.008, "relevance": 0.00011, "mmr": 0.00094, "dpp": 0.00394, "facility_location": 0.00822, "mutual_information": 0.01514, "kcenter": 0.00958, "kmeans_representatives": 0.00685, "delfit_style": 0.00716, "pool_all": 0.021, "base_only": 0.0}
{"target": 69, "seed": 202, "random": 0.00776, "relevance": -0.00263, "mmr": 0.00074, "dpp": 0.00432, "facility_location": 0.00774, "mutual_information": 0.01459, "kcenter": 0.01042, "kmeans_representatives": 0.00904, "delfit_style": 0.00515, "pool_all": 0.01955, "base_only": 0.0}
{"target": 69, "seed": 303, "random": 0.00876, "relevance": 0.00061, "mmr": 0.0024, "dpp": 0.00519, "facility_location": 0.01038, "mutual_information": 0.01748, "kcenter": 0.01094, "kmeans_representatives": 0.01116, "delfit_style": 0.00984, "pool_all": 0.02382, "base_only": 0.0}
{"target": 78, "seed": 101, "random": 0.01099, "relevance": -0.00622, "mmr": 0.00022, "dpp": -0.00086, "facility_location": 0.00881, "mutual_information": 0.01745, "kcenter": 0.01738, "kmeans_representatives": 0.00963, "delfit_style": 0.00949, "pool_all": 0.02856, "base_only": 0.0}
{"target": 78, "seed": 202, "random": 0.00952, "relevance": -0.00708, "mmr": -0.00322, "dpp": -0.00699, "facility_location": 0.0094, "mutual_information": 0.02335, "kcenter": 0.01702, "kmeans_representatives": 0.0091, "delfit_style": 0.01051, "pool_all": 0.03017, "base_only": 0.0}
{"target": 78, "seed": 303, "random": 0.01096, "relevance": -0.00547, "mmr": -0.00077, "dpp": -0.00411, "facility_location": 0.01171, "mutual_information": 0.0228, "kcenter": 0.0166, "kmeans_representatives": 0.00907, "delfit_style": 0.01073, "pool_all": 0.03212, "base_only": 0.0}
{"target": 88, "seed": 101, "random": 0.01763, "relevance": 0.02115, "mmr": 0.01766, "dpp": 0.01164, "facility_location": 0.02487, "mutual_information": 0.01218, "kcenter": 0.01729, "kmeans_representatives": 0.01746, "delfit_style": 0.02262, "pool_all": 0.04392, "base_only": 0.0}
{"target": 88, "seed": 202, "random": 0.01887, "relevance": 0.01065, "mmr": 0.01532, "dpp": 0.01145, "facility_location": 0.02398, "mutual_information": 0.01406, "kcenter": 0.01934, "kmeans_representatives": 0.02099, "delfit_style": 0.01928, "pool_all": 0.04438, "base_only": 0.0}
{"target": 88, "seed": 303, "random": 0.017, "relevance": 0.02038, "mmr": 0.01416, "dpp": 0.0105, "facility_location": 0.02713, "mutual_information": 0.01629, "kcenter": 0.01771, "kmeans_representatives": 0.02281, "delfit_style": 0.02227, "pool_all": 0.04172, "base_only": 0.0}
{"target": 98, "seed": 101, "random": 0.01556, "relevance": 0.01581, "mmr": 0.01688, "dpp": 0.0198, "facility_location": 0.01804, "mutual_information": 0.03196, "kcenter": 0.01403, "kmeans_representatives": 0.01669, "delfit_style": 0.01194, "pool_all": 0.03621, "base_only": 0.0}
{"target": 98, "seed": 202, "random": 0.01738, "relevance": 0.01553, "mmr": 0.01688, "dpp": 0.02068, "facility_location": 0.01752, "mutual_information": 0.03157, "kcenter": 0.01597, "kmeans_representatives": 0.01768, "delfit_style": 0.01325, "pool_all": 0.03529, "base_only": 0.0}
{"target": 98, "seed": 303, "random": 0.01616, "relevance": 0.01214, "mmr": 0.01318, "dpp": 0.01696, "facility_location": 0.01921, "mutual_information": 0.02457, "kcenter": 0.01434, "kmeans_representatives": 0.01253, "delfit_style": 0.01479, "pool_all": 0.03454, "base_only": 0.0}
{"target": 108, "seed": 101, "random": 0.00269, "relevance": 0.00034, "mmr": 0.00264, "dpp": 0.00529, "facility_location": -0.00181, "mutual_information": 0.00685, "kcenter": 0.00494, "kmeans_representatives": -0.00037, "delfit_style": 0.00043, "pool_all": 0.01034, "base_only": 0.0}
{"target": 108, "seed": 202, "random": 0.00351, "relevance": -0.00108, "mmr": 0.0036, "dpp": 0.0067, "facility_location": -0.0029, "mutual_information": 0.00891, "kcenter": 0.00668, "kmeans_representatives": -1e-05, "delfit_style": 0.00109, "pool_all": 0.0118, "base_only": 0.0}
{"target": 108, "seed": 303, "random": 0.00199, "relevance": -0.0018, "mmr": 0.0018, "dpp": 0.00558, "facility_location": -0.00258, "mutual_information": 0.00639, "kcenter": 0.00619, "kmeans_representatives": -0.00029, "delfit_style": 0.00053, "pool_all": 0.01046, "base_only": 0.0}
{"target": 118, "seed": 101, "random": 0.01749, "relevance": -0.00235, "mmr": -4e-05, "dpp": 0.00477, "facility_location": 0.02638, "mutual_information": 0.01541, "kcenter": 0.01692, "kmeans_representatives": 0.01311, "delfit_style": 0.01681, "pool_all": 0.05109, "base_only": 0.0}
{"target": 118, "seed": 202, "random": 0.0215, "relevance": -0.00205, "mmr": 8e-05, "dpp": 0.00727, "facility_location": 0.02899, "mutual_information": 0.01711, "kcenter": 0.0172, "kmeans_representatives": 0.01504, "delfit_style": 0.01968, "pool_all": 0.0528, "base_only": 0.0}
{"target": 118, "seed": 303, "random": 0.01985, "relevance": -0.00593, "mmr": -0.00251, "dpp": 0.00327, "facility_location": 0.02423, "mutual_information": 0.01027, "kcenter": 0.01684, "kmeans_representatives": 0.01189, "delfit_style": 0.02099, "pool_all": 0.04977, "base_only": 0.0}
{"target": 128, "seed": 101, "random": 0.0162, "relevance": 0.02218, "mmr": 0.01857, "dpp": 0.01913, "facility_location": 0.02473, "mutual_information": 0.02245, "kcenter": 0.00779, "kmeans_representatives": 0.01419, "delfit_style": 0.01473, "pool_all": 0.04093, "base_only": 0.0}
{"target": 128, "seed": 202, "random": 0.01908, "relevance": 0.0214, "mmr": 0.01826, "dpp": 0.02035, "facility_location": 0.02636, "mutual_information": 0.02519, "kcenter": 0.00819, "kmeans_representatives": 0.0155, "delfit_style": 0.01719, "pool_all": 0.04592, "base_only": 0.0}
{"target": 128, "seed": 303, "random": 0.01459, "relevance": 0.01574, "mmr": 0.01514, "dpp": 0.01736, "facility_location": 0.02222, "mutual_information": 0.02177, "kcenter": 0.00745, "kmeans_representatives": 0.01224, "delfit_style": 0.01487, "pool_all": 0.03907, "base_only": 0.0}
{"target": 138, "seed": 101, "random": 0.00835, "relevance": 0.01182, "mmr": 0.00985, "dpp": 0.00934, "facility_location": 0.00321, "mutual_information": 0.01273, "kcenter": 0.01068, "kmeans_representatives": 0.00694, "delfit_style": 0.00984, "pool_all": 0.02178, "base_only": 0.0}
{"target": 138, "seed": 202, "random": 0.00708, "relevance": 0.0105, "mmr": 0.01177, "dpp": 0.01104, "facility_location": 0.00432, "mutual_information": 0.01336, "kcenter": 0.00921, "kmeans_representatives": 0.00702, "delfit_style": 0.01125, "pool_all": 0.0197, "base_only": 0.0}
{"target": 138, "seed": 303, "random": 0.00859, "relevance": 0.01102, "mmr": 0.01159, "dpp": 0.01278, "facility_location": 0.00215, "mutual_information": 0.01385, "kcenter": 0.01198, "kmeans_representatives": 0.00679, "delfit_style": 0.0122, "pool_all": 0.01971, "base_only": 0.0}
/root/miniconda3/lib/python3.12/site-packages/sklearn/base.py:1336: ConvergenceWarning: Number of distinct clusters (7) found smaller than n_clusters (8). Possibly due to duplicate points in X.
  return fit_method(estimator, *args, **kwargs)
{"target": 148, "seed": 101, "random": 0.00583, "relevance": 0.00286, "mmr": 0.00417, "dpp": 0.00266, "facility_location": 0.00115, "mutual_information": 0.00421, "kcenter": 0.00334, "kmeans_representatives": 0.00353, "delfit_style": 0.00322, "pool_all": 0.01536, "base_only": 0.0}
/root/miniconda3/lib/python3.12/site-packages/sklearn/base.py:1336: ConvergenceWarning: Number of distinct clusters (7) found smaller than n_clusters (8). Possibly due to duplicate points in X.
  return fit_method(estimator, *args, **kwargs)
{"target": 148, "seed": 202, "random": 0.00479, "relevance": 0.00015, "mmr": 0.00347, "dpp": 0.00395, "facility_location": 0.00237, "mutual_information": 0.00416, "kcenter": 0.00366, "kmeans_representatives": 0.00372, "delfit_style": 0.00387, "pool_all": 0.01576, "base_only": 0.0}
/root/miniconda3/lib/python3.12/site-packages/sklearn/base.py:1336: ConvergenceWarning: Number of distinct clusters (7) found smaller than n_clusters (8). Possibly due to duplicate points in X.
  return fit_method(estimator, *args, **kwargs)
{"target": 148, "seed": 303, "random": 0.00518, "relevance": 0.00049, "mmr": 0.00513, "dpp": 0.00187, "facility_location": 0.00252, "mutual_information": 0.00369, "kcenter": 0.00321, "kmeans_representatives": 0.00385, "delfit_style": 0.00352, "pool_all": 0.016, "base_only": 0.0}
{"target": 157, "seed": 101, "random": 0.01033, "relevance": -0.01171, "mmr": -0.00751, "dpp": -0.00558, "facility_location": 0.01712, "mutual_information": 0.02696, "kcenter": 0.00449, "kmeans_representatives": -0.00344, "delfit_style": 0.00684, "pool_all": 0.0513, "base_only": 0.0}
{"target": 157, "seed": 202, "random": 0.01319, "relevance": -0.00781, "mmr": -0.00572, "dpp": -0.00347, "facility_location": 0.01472, "mutual_information": 0.02284, "kcenter": 0.01347, "kmeans_representatives": 0.00986, "delfit_style": 0.00619, "pool_all": 0.04973, "base_only": 0.0}
{"target": 157, "seed": 303, "random": 0.01356, "relevance": -0.00618, "mmr": -0.00314, "dpp": -0.00321, "facility_location": 0.01215, "mutual_information": 0.03567, "kcenter": 0.01172, "kmeans_representatives": 0.00873, "delfit_style": 0.00749, "pool_all": 0.0484, "base_only": 0.0}
{"target": 167, "seed": 101, "random": 0.009, "relevance": 0.02171, "mmr": 0.01875, "dpp": 0.01379, "facility_location": 0.00887, "mutual_information": 0.01756, "kcenter": 0.01268, "kmeans_representatives": 0.00772, "delfit_style": 0.01204, "pool_all": 0.0222, "base_only": 0.0}
{"target": 167, "seed": 202, "random": 0.01022, "relevance": 0.0251, "mmr": 0.0219, "dpp": 0.01662, "facility_location": 0.01087, "mutual_information": 0.02055, "kcenter": 0.01221, "kmeans_representatives": 0.00997, "delfit_style": 0.01875, "pool_all": 0.02298, "base_only": 0.0}
{"target": 167, "seed": 303, "random": 0.00782, "relevance": 0.02199, "mmr": 0.01889, "dpp": 0.01362, "facility_location": 0.00903, "mutual_information": 0.01474, "kcenter": 0.01103, "kmeans_representatives": 0.00806, "delfit_style": 0.01181, "pool_all": 0.02163, "base_only": 0.0}
/root/miniconda3/lib/python3.12/site-packages/sklearn/base.py:1336: ConvergenceWarning: Number of distinct clusters (7) found smaller than n_clusters (8). Possibly due to duplicate points in X.
  return fit_method(estimator, *args, **kwargs)
{"target": 177, "seed": 101, "random": 0.00129, "relevance": -0.00226, "mmr": -0.00117, "dpp": -0.01019, "facility_location": -0.00252, "mutual_information": -0.01019, "kcenter": -0.01113, "kmeans_representatives": -0.01016, "delfit_style": -0.01101, "pool_all": 0.00736, "base_only": 0.0}
/root/miniconda3/lib/python3.12/site-packages/sklearn/base.py:1336: ConvergenceWarning: Number of distinct clusters (7) found smaller than n_clusters (8). Possibly due to duplicate points in X.
  return fit_method(estimator, *args, **kwargs)
{"target": 177, "seed": 202, "random": 0.00025, "relevance": -0.00271, "mmr": -0.00079, "dpp": -0.01054, "facility_location": -0.00259, "mutual_information": -0.01679, "kcenter": -0.0143, "kmeans_representatives": -0.01308, "delfit_style": -0.01389, "pool_all": 0.00742, "base_only": 0.0}
/root/miniconda3/lib/python3.12/site-packages/sklearn/base.py:1336: ConvergenceWarning: Number of distinct clusters (7) found smaller than n_clusters (8). Possibly due to duplicate points in X.
  return fit_method(estimator, *args, **kwargs)
{"target": 177, "seed": 303, "random": 0.00062, "relevance": -0.00352, "mmr": -0.0012, "dpp": -0.00995, "facility_location": -0.0012, "mutual_information": -0.01377, "kcenter": -0.013, "kmeans_representatives": -0.01473, "delfit_style": -0.01297, "pool_all": 0.00799, "base_only": 0.0}
{"target": 187, "seed": 101, "random": 0.0124, "relevance": 0.00789, "mmr": 0.01612, "dpp": 0.01659, "facility_location": 0.01688, "mutual_information": 0.01761, "kcenter": 0.01495, "kmeans_representatives": 0.01466, "delfit_style": 0.00804, "pool_all": 0.03372, "base_only": 0.0}
{"target": 187, "seed": 202, "random": 0.01298, "relevance": 0.00499, "mmr": 0.01252, "dpp": 0.01474, "facility_location": 0.01807, "mutual_information": 0.02517, "kcenter": 0.01631, "kmeans_representatives": 0.01716, "delfit_style": 0.01369, "pool_all": 0.03387, "base_only": 0.0}
{"target": 187, "seed": 303, "random": 0.01069, "relevance": 0.00786, "mmr": 0.0154, "dpp": 0.01577, "facility_location": 0.01664, "mutual_information": 0.01935, "kcenter": 0.01464, "kmeans_representatives": 0.01426, "delfit_style": 0.00611, "pool_all": 0.03514, "base_only": 0.0}
/root/miniconda3/lib/python3.12/site-packages/sklearn/base.py:1336: ConvergenceWarning: Number of distinct clusters (4) found smaller than n_clusters (8). Possibly due to duplicate points in X.
  return fit_method(estimator, *args, **kwargs)
{"target": 197, "seed": 101, "random": 0.00083, "relevance": -0.00068, "mmr": 0.00049, "dpp": -0.0003, "facility_location": -0.00067, "mutual_information": -0.0003, "kcenter": -0.0003, "kmeans_representatives": -0.0003, "delfit_style": -0.0003, "pool_all": 0.00583, "base_only": 0.0}
/root/miniconda3/lib/python3.12/site-packages/sklearn/base.py:1336: ConvergenceWarning: Number of distinct clusters (4) found smaller than n_clusters (8). Possibly due to duplicate points in X.
  return fit_method(estimator, *args, **kwargs)
{"target": 197, "seed": 202, "random": 0.00061, "relevance": -0.00131, "mmr": 0.00049, "dpp": -0.00181, "facility_location": -0.0013, "mutual_information": -0.00181, "kcenter": -0.00181, "kmeans_representatives": -0.00181, "delfit_style": -0.00181, "pool_all": 0.00655, "base_only": 0.0}
/root/miniconda3/lib/python3.12/site-packages/sklearn/base.py:1336: ConvergenceWarning: Number of distinct clusters (4) found smaller than n_clusters (8). Possibly due to duplicate points in X.
  return fit_method(estimator, *args, **kwargs)
{"target": 197, "seed": 303, "random": 0.00063, "relevance": -0.00154, "mmr": 0.00075, "dpp": -9e-05, "facility_location": -0.00157, "mutual_information": -9e-05, "kcenter": -9e-05, "kmeans_representatives": -9e-05, "delfit_style": -9e-05, "pool_all": 0.00681, "base_only": 0.0}
{"target": 207, "seed": 101, "random": 0.01073, "relevance": -0.00039, "mmr": 0.00182, "dpp": 0.0055, "facility_location": 0.00921, "mutual_information": 0.01628, "kcenter": 0.01353, "kmeans_representatives": 0.00874, "delfit_style": 0.01283, "pool_all": 0.02542, "base_only": 0.0}
{"target": 207, "seed": 202, "random": 0.01045, "relevance": -0.00483, "mmr": -0.00126, "dpp": 0.00086, "facility_location": 0.00934, "mutual_information": 0.01458, "kcenter": 0.01236, "kmeans_representatives": 0.0093, "delfit_style": 0.00858, "pool_all": 0.02341, "base_only": 0.0}
{"target": 207, "seed": 303, "random": 0.01044, "relevance": -0.00439, "mmr": -0.0023, "dpp": 0.00051, "facility_location": 0.01137, "mutual_information": 0.01641, "kcenter": 0.01133, "kmeans_representatives": 0.00989, "delfit_style": 0.00944, "pool_all": 0.02231, "base_only": 0.0}
{"target": 217, "seed": 101, "random": 0.01272, "relevance": -0.01798, "mmr": -0.01181, "dpp": 0.00685, "facility_location": -0.00456, "mutual_information": 0.03206, "kcenter": 0.01398, "kmeans_representatives": 0.00698, "delfit_style": 0.01559, "pool_all": 0.04353, "base_only": 0.0}
{"target": 217, "seed": 202, "random": 0.01281, "relevance": -0.01363, "mmr": -0.01188, "dpp": 0.00452, "facility_location": -0.00193, "mutual_information": 0.03393, "kcenter": 0.01567, "kmeans_representatives": 0.00844, "delfit_style": 0.01614, "pool_all": 0.04241, "base_only": 0.0}
{"target": 217, "seed": 303, "random": 0.01358, "relevance": -0.01216, "mmr": -0.00937, "dpp": 0.00808, "facility_location": -0.00246, "mutual_information": 0.03307, "kcenter": 0.01392, "kmeans_representatives": 0.00902, "delfit_style": 0.0139, "pool_all": 0.04529, "base_only": 0.0}
{"target": 227, "seed": 101, "random": 0.00237, "relevance": 0.01116, "mmr": 0.00748, "dpp": -0.00062, "facility_location": 0.00434, "mutual_information": 0.01307, "kcenter": 0.00577, "kmeans_representatives": 0.00865, "delfit_style": 0.00963, "pool_all": 0.01672, "base_only": 0.0}
{"target": 227, "seed": 202, "random": 0.00246, "relevance": 0.00914, "mmr": 0.00639, "dpp": 0.00085, "facility_location": 0.00438, "mutual_information": 0.00817, "kcenter": 0.00493, "kmeans_representatives": 0.00643, "delfit_style": 0.00791, "pool_all": 0.01357, "base_only": 0.0}
{"target": 227, "seed": 303, "random": 0.0048, "relevance": 0.01305, "mmr": 0.00985, "dpp": -0.00178, "facility_location": 0.00508, "mutual_information": 0.01345, "kcenter": 0.004, "kmeans_representatives": 0.00696, "delfit_style": 0.00689, "pool_all": 0.01619, "base_only": 0.0}
{"target": 236, "seed": 101, "random": 0.00832, "relevance": 0.00098, "mmr": -0.00134, "dpp": 0.00264, "facility_location": 0.0068, "mutual_information": 0.01314, "kcenter": 0.00849, "kmeans_representatives": 0.00675, "delfit_style": 0.00712, "pool_all": 0.01851, "base_only": 0.0}
{"target": 236, "seed": 202, "random": 0.0102, "relevance": 0.00238, "mmr": 0.00082, "dpp": 0.00308, "facility_location": 0.00829, "mutual_information": 0.0154, "kcenter": 0.01048, "kmeans_representatives": 0.00805, "delfit_style": 0.00993, "pool_all": 0.02175, "base_only": 0.0}
{"target": 236, "seed": 303, "random": 0.01009, "relevance": 0.00681, "mmr": 0.00289, "dpp": 0.00426, "facility_location": 0.0094, "mutual_information": 0.01619, "kcenter": 0.00944, "kmeans_representatives": 0.00975, "delfit_style": 0.00923, "pool_all": 0.02065, "base_only": 0.0}
{"target": 246, "seed": 101, "random": 0.01917, "relevance": 0.02022, "mmr": 0.02353, "dpp": 0.02637, "facility_location": 0.01801, "mutual_information": 0.03752, "kcenter": 0.02274, "kmeans_representatives": 0.0164, "delfit_style": 0.01676, "pool_all": 0.04351, "base_only": 0.0}
{"target": 246, "seed": 202, "random": 0.01699, "relevance": 0.01727, "mmr": 0.02214, "dpp": 0.02433, "facility_location": 0.01816, "mutual_information": 0.03814, "kcenter": 0.02515, "kmeans_representatives": 0.01625, "delfit_style": 0.01608, "pool_all": 0.04467, "base_only": 0.0}
{"target": 246, "seed": 303, "random": 0.0187, "relevance": 0.02281, "mmr": 0.02255, "dpp": 0.02542, "facility_location": 0.0167, "mutual_information": 0.03885, "kcenter": 0.02456, "kmeans_representatives": 0.01163, "delfit_style": 0.01785, "pool_all": 0.04601, "base_only": 0.0}
{"target": 256, "seed": 101, "random": 0.02598, "relevance": 0.01153, "mmr": 0.03128, "dpp": 0.03575, "facility_location": 0.02214, "mutual_information": 0.05707, "kcenter": 0.03945, "kmeans_representatives": 0.02656, "delfit_style": 0.02571, "pool_all": 0.0704, "base_only": 0.0}
{"target": 256, "seed": 202, "random": 0.02828, "relevance": 0.01342, "mmr": 0.03529, "dpp": 0.03642, "facility_location": 0.02449, "mutual_information": 0.06378, "kcenter": 0.04466, "kmeans_representatives": 0.02873, "delfit_style": 0.04195, "pool_all": 0.07408, "base_only": 0.0}
{"target": 256, "seed": 303, "random": 0.03462, "relevance": 0.01469, "mmr": 0.03643, "dpp": 0.03959, "facility_location": 0.02414, "mutual_information": 0.04858, "kcenter": 0.04752, "kmeans_representatives": 0.02471, "delfit_style": 0.02958, "pool_all": 0.08114, "base_only": 0.0}
{"target": 266, "seed": 101, "random": 0.0155, "relevance": 0.00371, "mmr": 0.00123, "dpp": 0.00934, "facility_location": 0.01634, "mutual_information": 0.03176, "kcenter": 0.01297, "kmeans_representatives": 0.01273, "delfit_style": 0.01095, "pool_all": 0.03731, "base_only": 0.0}
{"target": 266, "seed": 202, "random": 0.01684, "relevance": 0.00212, "mmr": 0.00078, "dpp": 0.00458, "facility_location": 0.01782, "mutual_information": 0.02321, "kcenter": 0.01156, "kmeans_representatives": 0.01412, "delfit_style": 0.01352, "pool_all": 0.03553, "base_only": 0.0}
{"target": 266, "seed": 303, "random": 0.01402, "relevance": 0.01347, "mmr": 0.00535, "dpp": 0.00631, "facility_location": 0.01978, "mutual_information": 0.02407, "kcenter": 0.01125, "kmeans_representatives": 0.01208, "delfit_style": 0.00774, "pool_all": 0.03926, "base_only": 0.0}
{"target": 276, "seed": 101, "random": 0.03399, "relevance": 0.03199, "mmr": 0.03659, "dpp": 0.04449, "facility_location": 0.01101, "mutual_information": 0.06512, "kcenter": 0.05396, "kmeans_representatives": 0.02861, "delfit_style": 0.0474, "pool_all": 0.09134, "base_only": 0.0}
{"target": 276, "seed": 202, "random": 0.03859, "relevance": 0.02892, "mmr": 0.03101, "dpp": 0.03895, "facility_location": 0.00302, "mutual_information": 0.07507, "kcenter": 0.05433, "kmeans_representatives": 0.02819, "delfit_style": 0.04404, "pool_all": 0.10044, "base_only": 0.0}
{"target": 276, "seed": 303, "random": 0.02925, "relevance": 0.02232, "mmr": 0.02923, "dpp": 0.04217, "facility_location": 0.00903, "mutual_information": 0.0787, "kcenter": 0.05735, "kmeans_representatives": 0.04099, "delfit_style": 0.03728, "pool_all": 0.09989, "base_only": 0.0}
{"target": 286, "seed": 101, "random": 0.01431, "relevance": -0.01463, "mmr": 0.00778, "dpp": 0.01425, "facility_location": 0.01497, "mutual_information": 0.04164, "kcenter": 0.02569, "kmeans_representatives": -0.0021, "delfit_style": 0.03175, "pool_all": 0.05879, "base_only": 0.0}
{"target": 286, "seed": 202, "random": 0.01666, "relevance": -0.01334, "mmr": 0.00915, "dpp": 0.0152, "facility_location": 0.01531, "mutual_information": 0.04051, "kcenter": 0.02767, "kmeans_representatives": 0.01918, "delfit_style": 0.03234, "pool_all": 0.05662, "base_only": 0.0}
{"target": 286, "seed": 303, "random": 0.01143, "relevance": -0.01367, "mmr": 0.01241, "dpp": 0.01768, "facility_location": 0.01749, "mutual_information": 0.04161, "kcenter": 0.0269, "kmeans_representatives": -0.00164, "delfit_style": 0.03501, "pool_all": 0.06024, "base_only": 0.0}
{"target": 296, "seed": 101, "random": 0.01206, "relevance": -0.01215, "mmr": 0.01079, "dpp": 0.01477, "facility_location": 0.01085, "mutual_information": 0.03381, "kcenter": 0.01127, "kmeans_representatives": 0.01295, "delfit_style": 0.00991, "pool_all": 0.04486, "base_only": 0.0}
{"target": 296, "seed": 202, "random": 0.01499, "relevance": -0.00779, "mmr": 0.01291, "dpp": 0.01686, "facility_location": 0.01514, "mutual_information": 0.04195, "kcenter": 0.01396, "kmeans_representatives": 0.01896, "delfit_style": 0.01439, "pool_all": 0.04714, "base_only": 0.0}
{"target": 296, "seed": 303, "random": 0.01779, "relevance": -0.00978, "mmr": 0.00829, "dpp": 0.01401, "facility_location": 0.01323, "mutual_information": 0.03603, "kcenter": 0.01365, "kmeans_representatives": 0.011, "delfit_style": 0.0124, "pool_all": 0.04936, "base_only": 0.0}
{"target": 306, "seed": 101, "random": 0.01004, "relevance": -0.00074, "mmr": 0.00295, "dpp": 0.00542, "facility_location": 0.00779, "mutual_information": 0.01887, "kcenter": 0.00729, "kmeans_representatives": 0.00821, "delfit_style": 0.00848, "pool_all": 0.0258, "base_only": 0.0}
{"target": 306, "seed": 202, "random": 0.00988, "relevance": -0.00403, "mmr": 0.00354, "dpp": 0.00597, "facility_location": 0.00592, "mutual_information": 0.01696, "kcenter": 0.00752, "kmeans_representatives": 0.00922, "delfit_style": 0.00654, "pool_all": 0.0238, "base_only": 0.0}
{"target": 306, "seed": 303, "random": 0.00965, "relevance": -0.00465, "mmr": 0.00358, "dpp": 0.00479, "facility_location": 0.00739, "mutual_information": 0.02141, "kcenter": 0.00895, "kmeans_representatives": 0.01002, "delfit_style": 0.0081, "pool_all": 0.028, "base_only": 0.0}
