/root/miniconda3/lib/python3.12/site-packages/torch/cuda/__init__.py:63: FutureWarning: The pynvml package is deprecated. Please install nvidia-ml-py instead. If you did not install pynvml directly, please report this to the maintainers of the package that installed pynvml for you.
  import pynvml  # type: ignore[import]
{
  "run_id": "R070_oracle_ladder",
  "status": "pilot_not_confirmatory",
  "config": {
    "candidate_count": 16,
    "group_count": 16,
    "budget": 4,
    "redundancy_ratio": 0.0,
    "harmful_fraction": 0.0,
    "anchor_noise": 1.0,
    "useful_residual_fraction": 0.1,
    "harmful_residual_fraction": 1.8,
    "seed": 303,
    "train_episodes": 3000,
    "test_episodes": 2500,
    "epochs": 20,
    "device": "cuda:0",
    "calibration_alpha": 0.1,
    "mmr_gamma_grid": [
      0.0,
      0.25,
      0.5,
      1.0
    ],
    "mmr_gamma_selected": 1.0,
    "mmr_validation": {
      "0.0": {
        "mean_prediction_gain": 0.2456785595357418,
        "negative_transfer_rate": 0.0,
        "mean_utility_recovery": 0.36386895380676654,
        "mean_selected_contexts": 4.0,
        "mean_gain_per_selected_context": 0.06141963988393545,
        "mean_duplicate_selections": 0.0,
        "duplicate_selection_rate": 0.0
      },
      "0.25": {
        "mean_prediction_gain": 0.27985477044284346,
        "negative_transfer_rate": 0.0,
        "mean_utility_recovery": 0.4090944635987985,
        "mean_selected_contexts": 4.0,
        "mean_gain_per_selected_context": 0.06996369261071086,
        "mean_duplicate_selections": 0.0,
        "duplicate_selection_rate": 0.0
      },
      "0.5": {
        "mean_prediction_gain": 0.30540284233391285,
        "negative_transfer_rate": 0.0,
        "mean_utility_recovery": 0.4440138750577382,
        "mean_selected_contexts": 4.0,
        "mean_gain_per_selected_context": 0.07635071058347821,
        "mean_duplicate_selections": 0.0,
        "duplicate_selection_rate": 0.0
      },
      "1.0": {
        "mean_prediction_gain": 0.3393839745521545,
        "negative_transfer_rate": 0.0,
        "mean_utility_recovery": 0.4882311937145507,
        "mean_selected_contexts": 4.0,
        "mean_gain_per_selected_context": 0.08484599363803863,
        "mean_duplicate_selections": 0.0,
        "duplicate_selection_rate": 0.0
      }
    },
    "calibration_radius": 0.043077677488327026
  },
  "metrics": {
    "relevance": {
      "mean_prediction_gain": 0.2407191174596548,
      "negative_transfer_rate": 0.0,
      "mean_utility_recovery": 0.35448012293598574,
      "mean_selected_contexts": 4.0,
      "mean_gain_per_selected_context": 0.0601797793649137,
      "mean_duplicate_selections": 0.0,
      "duplicate_selection_rate": 0.0
    },
    "mmr": {
      "mean_prediction_gain": 0.35086332115232943,
      "negative_transfer_rate": 0.0,
      "mean_utility_recovery": 0.4958710269088181,
      "mean_selected_contexts": 4.0,
      "mean_gain_per_selected_context": 0.08771583028808236,
      "mean_duplicate_selections": 0.0,
      "duplicate_selection_rate": 0.0
    },
    "coverage": {
      "mean_prediction_gain": 0.2407191174596548,
      "negative_transfer_rate": 0.0,
      "mean_utility_recovery": 0.35448012293598574,
      "mean_selected_contexts": 4.0,
      "mean_gain_per_selected_context": 0.0601797793649137,
      "mean_duplicate_selections": 0.0,
      "duplicate_selection_rate": 0.0
    },
    "oracle_static": {
      "mean_prediction_gain": 0.6965212562486529,
      "negative_transfer_rate": 0.0,
      "mean_utility_recovery": 1.0,
      "mean_selected_contexts": 4.0,
      "mean_gain_per_selected_context": 0.17413031406216323,
      "mean_duplicate_selections": 0.0,
      "duplicate_selection_rate": 0.0
    },
    "static_utility": {
      "mean_prediction_gain": 0.6640876784697175,
      "negative_transfer_rate": 0.0,
      "mean_utility_recovery": 0.9454607439559015,
      "mean_selected_contexts": 4.0,
      "mean_gain_per_selected_context": 0.16602191961742938,
      "mean_duplicate_selections": 0.0,
      "duplicate_selection_rate": 0.0
    },
    "mur_light": {
      "mean_prediction_gain": 0.6774924514889717,
      "negative_transfer_rate": 0.0,
      "mean_utility_recovery": 0.9682040166070692,
      "mean_selected_contexts": 4.0,
      "mean_gain_per_selected_context": 0.16937311287224294,
      "mean_duplicate_selections": 0.0,
      "duplicate_selection_rate": 0.0
    },
    "mur_interval": {
      "mean_prediction_gain": 0.6747373581275344,
      "negative_transfer_rate": 0.0,
      "mean_utility_recovery": 0.9610624623290052,
      "mean_selected_contexts": 3.9256,
      "mean_gain_per_selected_context": 0.17159496662281454,
      "mean_duplicate_selections": 0.0,
      "duplicate_selection_rate": 0.0
    },
    "oracle": {
      "mean_prediction_gain": 0.6965212562486529,
      "negative_transfer_rate": 0.0,
      "mean_utility_recovery": 1.0,
      "mean_selected_contexts": 4.0,
      "mean_gain_per_selected_context": 0.17413031406216323,
      "mean_duplicate_selections": 0.0,
      "duplicate_selection_rate": 0.0
    },
    "state_conditioning_headroom": 0.0,
    "mur_estimation_gap": 0.027319776085753828,
    "mur_headroom_recovery": NaN
  },
  "state_diagnostics": {
    "random": {
      "utility_mae": 0.019598942838352233,
      "top1_accuracy": 0.8184,
      "one_step_regret": 0.006977303075790405
    },
    "oracle_prefix": {
      "utility_mae": 0.01791127974525865,
      "top1_accuracy": 0.6684,
      "one_step_regret": 0.009276441027969122
    },
    "mur_rollout": {
      "utility_mae": 0.01842065608324162,
      "top1_accuracy": 0.6539,
      "one_step_regret": 0.011913435285910963
    }
  },
  "wall_seconds": 71.01108479499817,
  "provenance": {
    "script_sha256": "ccb4555be03004bc44857d8d59e0a9a2be7df9d2d36fd9907b9f5cda96b1261b",
    "synthetic_sha256": "01266f6e3312b25217202382aa7289a8d60f88662f69718497fd7a89f59641d1",
    "experiment_sha256": "a56a3b5ae07ae4199af058798eb06a5e6930bfdea2622e0a7989050e44f6f67a"
  }
}
