/root/miniconda3/lib/python3.12/site-packages/torch/cuda/__init__.py:63: FutureWarning: The pynvml package is deprecated. Please install nvidia-ml-py instead. If you did not install pynvml directly, please report this to the maintainers of the package that installed pynvml for you.
  import pynvml  # type: ignore[import]
{
  "run_id": "R070_oracle_ladder",
  "status": "pilot_not_confirmatory",
  "config": {
    "candidate_count": 16,
    "group_count": 16,
    "budget": 4,
    "redundancy_ratio": 0.75,
    "harmful_fraction": 0.0,
    "anchor_noise": 1.0,
    "useful_residual_fraction": 0.1,
    "harmful_residual_fraction": 1.8,
    "seed": 303,
    "train_episodes": 3000,
    "test_episodes": 2500,
    "epochs": 20,
    "device": "cuda:0",
    "calibration_alpha": 0.1,
    "mmr_gamma_grid": [
      0.0,
      0.25,
      0.5,
      1.0
    ],
    "mmr_gamma_selected": 0.5,
    "mmr_validation": {
      "0.0": {
        "mean_prediction_gain": 0.16846470760703086,
        "negative_transfer_rate": 0.0,
        "mean_utility_recovery": 0.7001154656818064,
        "mean_selected_contexts": 4.0,
        "mean_gain_per_selected_context": 0.042116176901757715,
        "mean_duplicate_selections": 1.216,
        "duplicate_selection_rate": 0.304
      },
      "0.25": {
        "mean_prediction_gain": 0.23627808212637902,
        "negative_transfer_rate": 0.0,
        "mean_utility_recovery": 0.988978686364038,
        "mean_selected_contexts": 4.0,
        "mean_gain_per_selected_context": 0.059069520531594755,
        "mean_duplicate_selections": 0.0552,
        "duplicate_selection_rate": 0.0138
      },
      "0.5": {
        "mean_prediction_gain": 0.23867546805739404,
        "negative_transfer_rate": 0.0,
        "mean_utility_recovery": 1.0,
        "mean_selected_contexts": 4.0,
        "mean_gain_per_selected_context": 0.05966886701434851,
        "mean_duplicate_selections": 0.0,
        "duplicate_selection_rate": 0.0
      },
      "1.0": {
        "mean_prediction_gain": 0.23867546805739404,
        "negative_transfer_rate": 0.0,
        "mean_utility_recovery": 1.0,
        "mean_selected_contexts": 4.0,
        "mean_gain_per_selected_context": 0.05966886701434851,
        "mean_duplicate_selections": 0.0,
        "duplicate_selection_rate": 0.0
      }
    },
    "calibration_radius": 0.07936349511146545
  },
  "metrics": {
    "relevance": {
      "mean_prediction_gain": 0.17116593877077102,
      "negative_transfer_rate": 0.0,
      "mean_utility_recovery": 0.6873210731534786,
      "mean_selected_contexts": 4.0,
      "mean_gain_per_selected_context": 0.042791484692692755,
      "mean_duplicate_selections": 1.208,
      "duplicate_selection_rate": 0.302
    },
    "mmr": {
      "mean_prediction_gain": 0.24977566714286803,
      "negative_transfer_rate": 0.0,
      "mean_utility_recovery": 1.0,
      "mean_selected_contexts": 4.0,
      "mean_gain_per_selected_context": 0.06244391678571701,
      "mean_duplicate_selections": 0.0,
      "duplicate_selection_rate": 0.0
    },
    "coverage": {
      "mean_prediction_gain": 0.24977566714286803,
      "negative_transfer_rate": 0.0,
      "mean_utility_recovery": 1.0,
      "mean_selected_contexts": 4.0,
      "mean_gain_per_selected_context": 0.06244391678571701,
      "mean_duplicate_selections": 0.0,
      "duplicate_selection_rate": 0.0
    },
    "oracle_static": {
      "mean_prediction_gain": 0.17924114038944244,
      "negative_transfer_rate": 0.0,
      "mean_utility_recovery": 0.715661106899544,
      "mean_selected_contexts": 4.0,
      "mean_gain_per_selected_context": 0.04481028509736061,
      "mean_duplicate_selections": 2.6132,
      "duplicate_selection_rate": 0.6533
    },
    "static_utility": {
      "mean_prediction_gain": 0.16654108369350434,
      "negative_transfer_rate": 0.0,
      "mean_utility_recovery": 0.6354002435819799,
      "mean_selected_contexts": 4.0,
      "mean_gain_per_selected_context": 0.041635270923376086,
      "mean_duplicate_selections": 2.6052,
      "duplicate_selection_rate": 0.6513
    },
    "mur_light": {
      "mean_prediction_gain": 0.2075465599477291,
      "negative_transfer_rate": 0.0,
      "mean_utility_recovery": 0.8049219671293577,
      "mean_selected_contexts": 3.9304,
      "mean_gain_per_selected_context": 0.052684865251424004,
      "mean_duplicate_selections": 1.3144,
      "duplicate_selection_rate": 0.33026666666666665
    },
    "mur_interval": {
      "mean_prediction_gain": 0.1508170392870903,
      "negative_transfer_rate": 0.0,
      "mean_utility_recovery": 0.4850979398421513,
      "mean_selected_contexts": 1.206,
      "mean_gain_per_selected_context": 0.1329868958214593,
      "mean_duplicate_selections": 0.104,
      "duplicate_selection_rate": 0.02903333333333333
    },
    "oracle": {
      "mean_prediction_gain": 0.24977566714286803,
      "negative_transfer_rate": 0.0,
      "mean_utility_recovery": 1.0,
      "mean_selected_contexts": 3.9972,
      "mean_gain_per_selected_context": 0.062508575095733,
      "mean_duplicate_selections": 0.0,
      "duplicate_selection_rate": 0.0
    },
    "state_conditioning_headroom": 0.28239150578699435,
    "mur_estimation_gap": 0.16906813893518494,
    "mur_headroom_recovery": 0.4012987803439396
  },
  "state_diagnostics": {
    "random": {
      "utility_mae": 0.03882561735503792,
      "top1_accuracy": 0.194,
      "one_step_regret": 0.02108932425379753
    },
    "oracle_prefix": {
      "utility_mae": 0.0340913930314304,
      "top1_accuracy": 0.1336,
      "one_step_regret": 0.014721050778776407
    },
    "mur_rollout": {
      "utility_mae": 0.03666473796001465,
      "top1_accuracy": 0.1098,
      "one_step_regret": 0.03177237725257873
    }
  },
  "wall_seconds": 66.79678320884705,
  "provenance": {
    "script_sha256": "ccb4555be03004bc44857d8d59e0a9a2be7df9d2d36fd9907b9f5cda96b1261b",
    "synthetic_sha256": "01266f6e3312b25217202382aa7289a8d60f88662f69718497fd7a89f59641d1",
    "experiment_sha256": "a56a3b5ae07ae4199af058798eb06a5e6930bfdea2622e0a7989050e44f6f67a"
  }
}
