/root/miniconda3/lib/python3.12/site-packages/torch/cuda/__init__.py:63: FutureWarning: The pynvml package is deprecated. Please install nvidia-ml-py instead. If you did not install pynvml directly, please report this to the maintainers of the package that installed pynvml for you.
  import pynvml  # type: ignore[import]
{
  "run_id": "R070_oracle_ladder",
  "status": "pilot_not_confirmatory",
  "config": {
    "candidate_count": 16,
    "group_count": 16,
    "budget": 4,
    "redundancy_ratio": 0.5,
    "harmful_fraction": 0.0,
    "anchor_noise": 1.0,
    "useful_residual_fraction": 0.1,
    "harmful_residual_fraction": 1.8,
    "seed": 202,
    "train_episodes": 3000,
    "test_episodes": 2500,
    "epochs": 20,
    "device": "cuda:0",
    "calibration_alpha": 0.1,
    "mmr_gamma_grid": [
      0.0,
      0.25,
      0.5,
      1.0
    ],
    "mmr_gamma_selected": 1.0,
    "mmr_validation": {
      "0.0": {
        "mean_prediction_gain": 0.2091102593243122,
        "negative_transfer_rate": 0.0,
        "mean_utility_recovery": 0.47765073747937487,
        "mean_selected_contexts": 4.0,
        "mean_gain_per_selected_context": 0.05227756483107805,
        "mean_duplicate_selections": 0.544,
        "duplicate_selection_rate": 0.136
      },
      "0.25": {
        "mean_prediction_gain": 0.26201485963761806,
        "negative_transfer_rate": 0.0,
        "mean_utility_recovery": 0.593522827881248,
        "mean_selected_contexts": 4.0,
        "mean_gain_per_selected_context": 0.06550371490940451,
        "mean_duplicate_selections": 0.0,
        "duplicate_selection_rate": 0.0
      },
      "0.5": {
        "mean_prediction_gain": 0.2824962960869074,
        "negative_transfer_rate": 0.0,
        "mean_utility_recovery": 0.6337704677971125,
        "mean_selected_contexts": 4.0,
        "mean_gain_per_selected_context": 0.07062407402172685,
        "mean_duplicate_selections": 0.0,
        "duplicate_selection_rate": 0.0
      },
      "1.0": {
        "mean_prediction_gain": 0.3080551174849272,
        "negative_transfer_rate": 0.0,
        "mean_utility_recovery": 0.68243241092074,
        "mean_selected_contexts": 4.0,
        "mean_gain_per_selected_context": 0.0770137793712318,
        "mean_duplicate_selections": 0.0,
        "duplicate_selection_rate": 0.0
      }
    },
    "calibration_radius": 0.0744154304265976
  },
  "metrics": {
    "relevance": {
      "mean_prediction_gain": 0.21473886917829513,
      "negative_transfer_rate": 0.0,
      "mean_utility_recovery": 0.48539820147442025,
      "mean_selected_contexts": 4.0,
      "mean_gain_per_selected_context": 0.05368471729457378,
      "mean_duplicate_selections": 0.5468,
      "duplicate_selection_rate": 0.1367
    },
    "mmr": {
      "mean_prediction_gain": 0.31511039372384547,
      "negative_transfer_rate": 0.0,
      "mean_utility_recovery": 0.6931590863613041,
      "mean_selected_contexts": 4.0,
      "mean_gain_per_selected_context": 0.07877759843096137,
      "mean_duplicate_selections": 0.0,
      "duplicate_selection_rate": 0.0
    },
    "coverage": {
      "mean_prediction_gain": 0.24785699898600577,
      "negative_transfer_rate": 0.0,
      "mean_utility_recovery": 0.559184211997962,
      "mean_selected_contexts": 4.0,
      "mean_gain_per_selected_context": 0.06196424974650144,
      "mean_duplicate_selections": 0.0,
      "duplicate_selection_rate": 0.0
    },
    "oracle_static": {
      "mean_prediction_gain": 0.3466905298471451,
      "negative_transfer_rate": 0.0,
      "mean_utility_recovery": 0.7807338496476813,
      "mean_selected_contexts": 4.0,
      "mean_gain_per_selected_context": 0.08667263246178628,
      "mean_duplicate_selections": 1.6796,
      "duplicate_selection_rate": 0.4199
    },
    "static_utility": {
      "mean_prediction_gain": 0.33170666849017144,
      "negative_transfer_rate": 0.0,
      "mean_utility_recovery": 0.7339867023676898,
      "mean_selected_contexts": 4.0,
      "mean_gain_per_selected_context": 0.08292666712254286,
      "mean_duplicate_selections": 1.6588,
      "duplicate_selection_rate": 0.4147
    },
    "mur_light": {
      "mean_prediction_gain": 0.36128725729882716,
      "negative_transfer_rate": 0.0,
      "mean_utility_recovery": 0.8001533280153426,
      "mean_selected_contexts": 3.9924,
      "mean_gain_per_selected_context": 0.09046828020041188,
      "mean_duplicate_selections": 0.8676,
      "duplicate_selection_rate": 0.217
    },
    "mur_interval": {
      "mean_prediction_gain": 0.30001811755895613,
      "negative_transfer_rate": 0.0,
      "mean_utility_recovery": 0.6058908727203287,
      "mean_selected_contexts": 2.276,
      "mean_gain_per_selected_context": 0.13684178475459347,
      "mean_duplicate_selections": 0.3716,
      "duplicate_selection_rate": 0.10293333333333332
    },
    "oracle": {
      "mean_prediction_gain": 0.44173100229650736,
      "negative_transfer_rate": 0.0,
      "mean_utility_recovery": 1.0,
      "mean_selected_contexts": 4.0,
      "mean_gain_per_selected_context": 0.11043275057412684,
      "mean_duplicate_selections": 0.0,
      "duplicate_selection_rate": 0.0
    },
    "state_conditioning_headroom": 0.21515463473303448,
    "mur_estimation_gap": 0.18211025393160693,
    "mur_headroom_recovery": 0.15358433176412523
  },
  "state_diagnostics": {
    "random": {
      "utility_mae": 0.03516239863073992,
      "top1_accuracy": 0.4168,
      "one_step_regret": 0.022712319204211236
    },
    "oracle_prefix": {
      "utility_mae": 0.03220383842149428,
      "top1_accuracy": 0.2548,
      "one_step_regret": 0.027238596932217477
    },
    "mur_rollout": {
      "utility_mae": 0.03402556830731248,
      "top1_accuracy": 0.2433,
      "one_step_regret": 0.04122143069766462
    }
  },
  "wall_seconds": 69.0282552242279,
  "provenance": {
    "script_sha256": "ccb4555be03004bc44857d8d59e0a9a2be7df9d2d36fd9907b9f5cda96b1261b",
    "synthetic_sha256": "01266f6e3312b25217202382aa7289a8d60f88662f69718497fd7a89f59641d1",
    "experiment_sha256": "a56a3b5ae07ae4199af058798eb06a5e6930bfdea2622e0a7989050e44f6f67a"
  }
}
