/root/miniconda3/lib/python3.12/site-packages/torch/cuda/__init__.py:63: FutureWarning: The pynvml package is deprecated. Please install nvidia-ml-py instead. If you did not install pynvml directly, please report this to the maintainers of the package that installed pynvml for you.
  import pynvml  # type: ignore[import]
{
  "run_id": "R070_oracle_ladder",
  "status": "pilot_not_confirmatory",
  "config": {
    "candidate_count": 16,
    "group_count": 16,
    "budget": 4,
    "redundancy_ratio": 0.25,
    "harmful_fraction": 0.0,
    "anchor_noise": 1.0,
    "useful_residual_fraction": 0.1,
    "harmful_residual_fraction": 1.8,
    "seed": 202,
    "train_episodes": 3000,
    "test_episodes": 2500,
    "epochs": 20,
    "device": "cuda:0",
    "calibration_alpha": 0.1,
    "mmr_gamma_grid": [
      0.0,
      0.25,
      0.5,
      1.0
    ],
    "mmr_gamma_selected": 1.0,
    "mmr_validation": {
      "0.0": {
        "mean_prediction_gain": 0.23208098789453507,
        "negative_transfer_rate": 0.0,
        "mean_utility_recovery": 0.4049072708503948,
        "mean_selected_contexts": 4.0,
        "mean_gain_per_selected_context": 0.05802024697363377,
        "mean_duplicate_selections": 0.2204,
        "duplicate_selection_rate": 0.0551
      },
      "0.25": {
        "mean_prediction_gain": 0.27500317819118497,
        "negative_transfer_rate": 0.0,
        "mean_utility_recovery": 0.4754696722701614,
        "mean_selected_contexts": 4.0,
        "mean_gain_per_selected_context": 0.06875079454779624,
        "mean_duplicate_selections": 0.0,
        "duplicate_selection_rate": 0.0
      },
      "0.5": {
        "mean_prediction_gain": 0.3000248857229948,
        "negative_transfer_rate": 0.0,
        "mean_utility_recovery": 0.5152846500329277,
        "mean_selected_contexts": 4.0,
        "mean_gain_per_selected_context": 0.0750062214307487,
        "mean_duplicate_selections": 0.0,
        "duplicate_selection_rate": 0.0
      },
      "1.0": {
        "mean_prediction_gain": 0.33291734468638895,
        "negative_transfer_rate": 0.0,
        "mean_utility_recovery": 0.5615877006442413,
        "mean_selected_contexts": 4.0,
        "mean_gain_per_selected_context": 0.08322933617159724,
        "mean_duplicate_selections": 0.0,
        "duplicate_selection_rate": 0.0
      }
    },
    "calibration_radius": 0.06940672546625137
  },
  "metrics": {
    "relevance": {
      "mean_prediction_gain": 0.2340800872772932,
      "negative_transfer_rate": 0.0,
      "mean_utility_recovery": 0.4132032689507559,
      "mean_selected_contexts": 4.0,
      "mean_gain_per_selected_context": 0.0585200218193233,
      "mean_duplicate_selections": 0.2156,
      "duplicate_selection_rate": 0.0539
    },
    "mmr": {
      "mean_prediction_gain": 0.3375540993511677,
      "negative_transfer_rate": 0.0,
      "mean_utility_recovery": 0.5735971074431139,
      "mean_selected_contexts": 4.0,
      "mean_gain_per_selected_context": 0.08438852483779193,
      "mean_duplicate_selections": 0.0,
      "duplicate_selection_rate": 0.0
    },
    "coverage": {
      "mean_prediction_gain": 0.2480473555535078,
      "negative_transfer_rate": 0.0,
      "mean_utility_recovery": 0.4376828029921111,
      "mean_selected_contexts": 4.0,
      "mean_gain_per_selected_context": 0.06201183888837695,
      "mean_duplicate_selections": 0.0,
      "duplicate_selection_rate": 0.0
    },
    "oracle_static": {
      "mean_prediction_gain": 0.5090628743320703,
      "negative_transfer_rate": 0.0,
      "mean_utility_recovery": 0.8848115453296017,
      "mean_selected_contexts": 4.0,
      "mean_gain_per_selected_context": 0.12726571858301758,
      "mean_duplicate_selections": 0.834,
      "duplicate_selection_rate": 0.2085
    },
    "static_utility": {
      "mean_prediction_gain": 0.4845911755055189,
      "negative_transfer_rate": 0.0,
      "mean_utility_recovery": 0.8297515710098947,
      "mean_selected_contexts": 4.0,
      "mean_gain_per_selected_context": 0.12114779387637972,
      "mean_duplicate_selections": 0.832,
      "duplicate_selection_rate": 0.208
    },
    "mur_light": {
      "mean_prediction_gain": 0.4894867895781994,
      "negative_transfer_rate": 0.0,
      "mean_utility_recovery": 0.8388716669975169,
      "mean_selected_contexts": 4.0,
      "mean_gain_per_selected_context": 0.12237169739454985,
      "mean_duplicate_selections": 0.548,
      "duplicate_selection_rate": 0.137
    },
    "mur_interval": {
      "mean_prediction_gain": 0.45209863802194594,
      "negative_transfer_rate": 0.0,
      "mean_utility_recovery": 0.739982916596464,
      "mean_selected_contexts": 3.2044,
      "mean_gain_per_selected_context": 0.1420993175906457,
      "mean_duplicate_selections": 0.4368,
      "duplicate_selection_rate": 0.11656666666666665
    },
    "oracle": {
      "mean_prediction_gain": 0.5738348801553249,
      "negative_transfer_rate": 0.0,
      "mean_utility_recovery": 1.0,
      "mean_selected_contexts": 4.0,
      "mean_gain_per_selected_context": 0.14345872003883123,
      "mean_duplicate_selections": 0.0,
      "duplicate_selection_rate": 0.0
    },
    "state_conditioning_headroom": 0.11287568613069006,
    "mur_estimation_gap": 0.14699017695524932,
    "mur_headroom_recovery": -0.30223063968852193
  },
  "state_diagnostics": {
    "random": {
      "utility_mae": 0.031581209505377024,
      "top1_accuracy": 0.5732,
      "one_step_regret": 0.022346885734796523
    },
    "oracle_prefix": {
      "utility_mae": 0.03035476903445248,
      "top1_accuracy": 0.3744,
      "one_step_regret": 0.03133125638961792
    },
    "mur_rollout": {
      "utility_mae": 0.03087626172889923,
      "top1_accuracy": 0.3755,
      "one_step_regret": 0.04002689542546868
    }
  },
  "wall_seconds": 71.92849969863892,
  "provenance": {
    "script_sha256": "ccb4555be03004bc44857d8d59e0a9a2be7df9d2d36fd9907b9f5cda96b1261b",
    "synthetic_sha256": "01266f6e3312b25217202382aa7289a8d60f88662f69718497fd7a89f59641d1",
    "experiment_sha256": "a56a3b5ae07ae4199af058798eb06a5e6930bfdea2622e0a7989050e44f6f67a"
  }
}
