/root/miniconda3/lib/python3.12/site-packages/torch/cuda/__init__.py:63: FutureWarning: The pynvml package is deprecated. Please install nvidia-ml-py instead. If you did not install pynvml directly, please report this to the maintainers of the package that installed pynvml for you.
  import pynvml  # type: ignore[import]
{
  "run_id": "R074_traffic_oracle_gate",
  "status": "oracle_gate",
  "config": {
    "seed": 505,
    "target_sensor_index": 0,
    "candidate_sensors": [
      145,
      142,
      54,
      111,
      37,
      19,
      186,
      24,
      89,
      57,
      182,
      161,
      169,
      204,
      8,
      105
    ],
    "candidate_construction_seed": 20260920,
    "candidate_sensor_correlations": [
      0.8253288475977513,
      0.8064218436974481,
      0.801715560169334,
      0.7898626330717134,
      0.7540783441596745,
      0.7513468159103422,
      0.7489218417297628,
      0.7483331065442443,
      0.746103984588368,
      0.7440382988039851,
      0.7427812104801033,
      0.7423862251353416,
      0.7397030998605243,
      0.6459161640704663,
      0.5337782059972652,
      0.3156759538297062
    ],
    "candidate_count": 16,
    "budget": 4,
    "history_length": 12,
    "horizon": 12,
    "train_fraction": 0.6,
    "validation_fraction": 0.2,
    "train_episodes": 4000,
    "validation_episodes": 1000,
    "test_episodes": 2000,
    "expert_repeats": 3,
    "ridge_penalty": 10.0,
    "sensor_count": 206,
    "observation_count": 34272
  },
  "metrics": {
    "base_only": {
      "mean_prediction_gain": 0.0,
      "negative_transfer_rate": 0.0,
      "mean_utility_recovery": 0.0,
      "mean_selected_contexts": 0.0
    },
    "oracle_static": {
      "mean_prediction_gain": 0.15240046381950378,
      "negative_transfer_rate": 0.1615,
      "mean_utility_recovery": 0.4508087635040283,
      "mean_selected_contexts": 3.951
    },
    "oracle_greedy": {
      "mean_prediction_gain": 0.1750854104757309,
      "negative_transfer_rate": 0.0,
      "mean_utility_recovery": 1.0,
      "mean_selected_contexts": 3.7885
    }
  },
  "oracle_quantities": {
    "gain_base_to_oracle_static": 0.15240046381950378,
    "gain_base_to_oracle_greedy": 0.1750854104757309,
    "state_conditioning_headroom": 0.1295650311158938
  },
  "wall_seconds": 1.0644299983978271,
  "provenance": {
    "data_path": "../data/traffic_metrla/METR-LA.csv",
    "data_sha256": "27aafa513afdc54091613f4c9f7f0c53299ee33248aa0d9684df85f009dbae1a",
    "traffic_module_sha256": "569773f0a30d0dbbdf2a87e164bb9f37972110e3a850ac98cd4c617ece72c29d"
  }
}
