/root/miniconda3/lib/python3.12/site-packages/torch/cuda/__init__.py:63: FutureWarning: The pynvml package is deprecated. Please install nvidia-ml-py instead. If you did not install pynvml directly, please report this to the maintainers of the package that installed pynvml for you.
  import pynvml  # type: ignore[import]
{"target": 0, "seed": 101, "random": -0.00092, "relevance": -0.03274, "mmr": -0.02613, "dpp": -0.01721, "facility_location": -0.01369, "mutual_information": 0.00464, "kcenter": -0.01621, "kmeans_representatives": 0.00148, "delfit_style": -0.01026, "pool_all": 0.03768, "base_only": 0.0}
{"target": 0, "seed": 202, "random": -0.00727, "relevance": -0.01119, "mmr": -0.0237, "dpp": -0.02245, "facility_location": -0.01061, "mutual_information": 0.0143, "kcenter": -0.01019, "kmeans_representatives": -0.00342, "delfit_style": -0.00342, "pool_all": 0.02527, "base_only": 0.0}
{"target": 0, "seed": 303, "random": -0.00822, "relevance": -0.02513, "mmr": -0.01772, "dpp": -0.02377, "facility_location": -0.01933, "mutual_information": 0.01554, "kcenter": -0.0444, "kmeans_representatives": 0.00568, "delfit_style": -0.00542, "pool_all": 0.02649, "base_only": 0.0}
{"target": 6, "seed": 101, "random": -0.00742, "relevance": -0.00648, "mmr": -0.00597, "dpp": -0.00941, "facility_location": -0.01892, "mutual_information": -0.00634, "kcenter": -0.0154, "kmeans_representatives": -0.01871, "delfit_style": -0.01871, "pool_all": -0.00945, "base_only": 0.0}
{"target": 6, "seed": 202, "random": -0.0162, "relevance": -0.00367, "mmr": -0.00337, "dpp": -0.00321, "facility_location": -0.00726, "mutual_information": -0.00203, "kcenter": -0.00491, "kmeans_representatives": -0.01275, "delfit_style": -0.01275, "pool_all": -0.0135, "base_only": 0.0}
{"target": 6, "seed": 303, "random": -0.01619, "relevance": -0.00287, "mmr": -0.00106, "dpp": -0.0041, "facility_location": -0.01425, "mutual_information": -0.00783, "kcenter": -0.00541, "kmeans_representatives": -0.01823, "delfit_style": -0.01823, "pool_all": -0.0105, "base_only": 0.0}
{"target": 13, "seed": 101, "random": -0.00795, "relevance": -0.04046, "mmr": -0.0408, "dpp": -0.02233, "facility_location": -0.05262, "mutual_information": 0.00286, "kcenter": -0.06146, "kmeans_representatives": -0.0056, "delfit_style": -0.0056, "pool_all": 0.01034, "base_only": 0.0}
{"target": 13, "seed": 202, "random": -0.01041, "relevance": -0.02917, "mmr": -0.02808, "dpp": -0.02783, "facility_location": -0.02853, "mutual_information": -0.0307, "kcenter": -0.02971, "kmeans_representatives": -0.00767, "delfit_style": -0.00767, "pool_all": -0.00424, "base_only": 0.0}
{"target": 13, "seed": 303, "random": -0.01311, "relevance": -0.06683, "mmr": -0.07464, "dpp": -0.04351, "facility_location": -0.06897, "mutual_information": -0.02837, "kcenter": -0.04418, "kmeans_representatives": -0.00916, "delfit_style": -0.00916, "pool_all": -0.00445, "base_only": 0.0}
{"target": 19, "seed": 101, "random": -0.01027, "relevance": -0.01382, "mmr": -0.01364, "dpp": -0.01021, "facility_location": 0.01053, "mutual_information": -0.04484, "kcenter": -0.01143, "kmeans_representatives": -0.00672, "delfit_style": -0.00672, "pool_all": 0.01486, "base_only": 0.0}
{"target": 19, "seed": 202, "random": -0.00761, "relevance": -0.00116, "mmr": -0.0087, "dpp": -0.01047, "facility_location": -0.00189, "mutual_information": -0.01235, "kcenter": -0.0143, "kmeans_representatives": -0.01963, "delfit_style": -0.01963, "pool_all": -0.00488, "base_only": 0.0}
{"target": 19, "seed": 303, "random": -0.00938, "relevance": -0.01819, "mmr": -0.01979, "dpp": -0.01888, "facility_location": -0.00792, "mutual_information": -0.00027, "kcenter": -0.01595, "kmeans_representatives": -0.02351, "delfit_style": -0.02351, "pool_all": -0.00568, "base_only": 0.0}
{"target": 26, "seed": 101, "random": -0.0067, "relevance": -0.00685, "mmr": -0.00873, "dpp": -0.0061, "facility_location": -0.0056, "mutual_information": 0.00129, "kcenter": -0.00178, "kmeans_representatives": -0.00977, "delfit_style": -0.00977, "pool_all": -0.01335, "base_only": 0.0}
{"target": 26, "seed": 202, "random": -0.00437, "relevance": -0.00811, "mmr": -0.0091, "dpp": -0.00952, "facility_location": -0.00324, "mutual_information": -0.00109, "kcenter": -0.00098, "kmeans_representatives": -0.00797, "delfit_style": -0.00797, "pool_all": -0.00413, "base_only": 0.0}
{"target": 26, "seed": 303, "random": -0.00707, "relevance": -0.01218, "mmr": -0.01195, "dpp": -0.00856, "facility_location": 0.00138, "mutual_information": -0.0097, "kcenter": -0.00555, "kmeans_representatives": -0.00875, "delfit_style": -0.00875, "pool_all": -0.00939, "base_only": 0.0}
{"target": 33, "seed": 101, "random": -0.00062, "relevance": -0.0075, "mmr": -0.01123, "dpp": -0.00701, "facility_location": -0.01918, "mutual_information": -0.02264, "kcenter": -0.00576, "kmeans_representatives": 0.00571, "delfit_style": 0.00571, "pool_all": 0.02505, "base_only": 0.0}
{"target": 33, "seed": 202, "random": 6e-05, "relevance": -0.01264, "mmr": -0.01527, "dpp": -0.01581, "facility_location": -0.02434, "mutual_information": -0.01807, "kcenter": -0.01999, "kmeans_representatives": -0.01798, "delfit_style": -0.01798, "pool_all": 0.00687, "base_only": 0.0}
{"target": 33, "seed": 303, "random": -0.0106, "relevance": -0.02865, "mmr": -0.03674, "dpp": -0.03748, "facility_location": -0.04189, "mutual_information": 0.01029, "kcenter": -0.02761, "kmeans_representatives": 7e-05, "delfit_style": 7e-05, "pool_all": 0.02572, "base_only": 0.0}
{"target": 39, "seed": 101, "random": -0.00439, "relevance": -0.0086, "mmr": -0.01045, "dpp": -0.01331, "facility_location": -0.00496, "mutual_information": -0.01305, "kcenter": -0.01771, "kmeans_representatives": -0.01338, "delfit_style": -0.01333, "pool_all": 0.00161, "base_only": 0.0}
{"target": 39, "seed": 202, "random": -0.00439, "relevance": -0.01448, "mmr": -0.0135, "dpp": -0.01258, "facility_location": -0.01272, "mutual_information": -0.00464, "kcenter": -0.00823, "kmeans_representatives": -0.00612, "delfit_style": -0.00612, "pool_all": -0.00352, "base_only": 0.0}
{"target": 39, "seed": 303, "random": -0.01097, "relevance": -0.02043, "mmr": -0.01748, "dpp": -0.0184, "facility_location": -0.02037, "mutual_information": -0.00429, "kcenter": -0.01895, "kmeans_representatives": -0.01756, "delfit_style": -0.01756, "pool_all": -0.00607, "base_only": 0.0}
{"target": 46, "seed": 101, "random": -0.0095, "relevance": -0.00285, "mmr": -0.00225, "dpp": -0.01207, "facility_location": -0.00237, "mutual_information": -0.00964, "kcenter": -0.01112, "kmeans_representatives": -0.00791, "delfit_style": -0.01054, "pool_all": 0.00114, "base_only": 0.0}
{"target": 46, "seed": 202, "random": -0.01331, "relevance": -0.00425, "mmr": -0.00569, "dpp": -0.01826, "facility_location": -0.00578, "mutual_information": -0.00702, "kcenter": -0.01426, "kmeans_representatives": -0.01446, "delfit_style": -0.01446, "pool_all": -0.01056, "base_only": 0.0}
{"target": 46, "seed": 303, "random": -0.01019, "relevance": -0.00063, "mmr": -0.00208, "dpp": -0.02262, "facility_location": -0.01095, "mutual_information": -0.00472, "kcenter": -0.02754, "kmeans_representatives": -0.00641, "delfit_style": -0.00641, "pool_all": -0.00777, "base_only": 0.0}
{"target": 53, "seed": 101, "random": -0.01087, "relevance": -0.00639, "mmr": -0.00554, "dpp": -0.00535, "facility_location": -0.00151, "mutual_information": 0.00742, "kcenter": -0.01507, "kmeans_representatives": -8e-05, "delfit_style": -8e-05, "pool_all": 0.00647, "base_only": 0.0}
{"target": 53, "seed": 202, "random": -0.00703, "relevance": -0.00428, "mmr": -0.00494, "dpp": -0.01044, "facility_location": -0.00745, "mutual_information": -0.01156, "kcenter": -0.00578, "kmeans_representatives": -0.00338, "delfit_style": -0.00338, "pool_all": 0.00093, "base_only": 0.0}
{"target": 53, "seed": 303, "random": -0.01004, "relevance": -0.01669, "mmr": -0.01913, "dpp": -0.01392, "facility_location": -0.00269, "mutual_information": -0.01671, "kcenter": -0.01477, "kmeans_representatives": -0.00698, "delfit_style": -0.00698, "pool_all": 0.00441, "base_only": 0.0}
{"target": 59, "seed": 101, "random": -0.00997, "relevance": -0.02107, "mmr": -0.01733, "dpp": -0.01093, "facility_location": -0.03342, "mutual_information": -0.01859, "kcenter": -0.0436, "kmeans_representatives": -0.02156, "delfit_style": -0.02156, "pool_all": 0.00329, "base_only": 0.0}
{"target": 59, "seed": 202, "random": -0.01661, "relevance": -0.01531, "mmr": -0.01322, "dpp": -0.0132, "facility_location": -0.01155, "mutual_information": -0.01287, "kcenter": -0.0164, "kmeans_representatives": -0.01591, "delfit_style": -0.01591, "pool_all": -0.01745, "base_only": 0.0}
{"target": 59, "seed": 303, "random": -0.01381, "relevance": -0.0084, "mmr": -0.01486, "dpp": -0.0075, "facility_location": -0.00644, "mutual_information": -0.00668, "kcenter": -0.01758, "kmeans_representatives": -0.00278, "delfit_style": -0.00278, "pool_all": -0.00838, "base_only": 0.0}
{"target": 66, "seed": 101, "random": -0.00449, "relevance": 0.00517, "mmr": 0.00671, "dpp": 0.00277, "facility_location": 0.0006, "mutual_information": -0.00754, "kcenter": -0.0038, "kmeans_representatives": -0.00311, "delfit_style": 0.00381, "pool_all": 0.00546, "base_only": 0.0}
{"target": 66, "seed": 202, "random": -0.01532, "relevance": -0.00625, "mmr": -0.0094, "dpp": -0.01239, "facility_location": 6e-05, "mutual_information": -0.00371, "kcenter": -0.01565, "kmeans_representatives": -0.00219, "delfit_style": -0.00418, "pool_all": -0.00865, "base_only": 0.0}
{"target": 66, "seed": 303, "random": -0.01001, "relevance": 0.00772, "mmr": 0.00544, "dpp": -0.00638, "facility_location": -0.00307, "mutual_information": 0.00598, "kcenter": -0.02412, "kmeans_representatives": -0.01289, "delfit_style": -0.01289, "pool_all": 0.00038, "base_only": 0.0}
{"target": 73, "seed": 101, "random": -0.00543, "relevance": 0.01098, "mmr": 0.0072, "dpp": 0.01328, "facility_location": -0.00368, "mutual_information": 0.0166, "kcenter": 0.00224, "kmeans_representatives": -0.00806, "delfit_style": -0.00806, "pool_all": 0.01787, "base_only": 0.0}
{"target": 73, "seed": 202, "random": -0.00039, "relevance": -0.01426, "mmr": -0.01174, "dpp": 0.00053, "facility_location": -0.01585, "mutual_information": 0.01498, "kcenter": -0.00403, "kmeans_representatives": -0.00928, "delfit_style": -0.00928, "pool_all": 0.01788, "base_only": 0.0}
{"target": 73, "seed": 303, "random": -0.00045, "relevance": -0.01295, "mmr": -0.0121, "dpp": -0.00029, "facility_location": -0.02076, "mutual_information": 0.00181, "kcenter": -0.00263, "kmeans_representatives": -0.00684, "delfit_style": -0.00684, "pool_all": 0.01651, "base_only": 0.0}
{"target": 79, "seed": 101, "random": -0.01295, "relevance": -0.01076, "mmr": -0.01329, "dpp": -0.02661, "facility_location": -0.04161, "mutual_information": -0.01111, "kcenter": -0.06113, "kmeans_representatives": 0.00136, "delfit_style": 0.00136, "pool_all": 0.02934, "base_only": 0.0}
{"target": 79, "seed": 202, "random": -0.01351, "relevance": -0.03921, "mmr": -0.04722, "dpp": -0.05444, "facility_location": -0.05559, "mutual_information": 0.00983, "kcenter": -0.08583, "kmeans_representatives": 0.00114, "delfit_style": -0.01861, "pool_all": 0.02324, "base_only": 0.0}
{"target": 79, "seed": 303, "random": -0.01829, "relevance": -0.09947, "mmr": -0.0945, "dpp": -0.10366, "facility_location": -0.10377, "mutual_information": -0.01825, "kcenter": -0.05568, "kmeans_representatives": 0.00238, "delfit_style": 0.00121, "pool_all": 0.02007, "base_only": 0.0}
{"target": 86, "seed": 101, "random": -0.01296, "relevance": -0.01716, "mmr": -0.02826, "dpp": -0.02757, "facility_location": -0.03311, "mutual_information": -0.03803, "kcenter": -0.01677, "kmeans_representatives": 0.01687, "delfit_style": 0.01687, "pool_all": 0.02568, "base_only": 0.0}
{"target": 86, "seed": 202, "random": -0.00791, "relevance": -0.01215, "mmr": -0.01076, "dpp": -0.01735, "facility_location": -0.01774, "mutual_information": -0.0088, "kcenter": -0.01752, "kmeans_representatives": 0.00773, "delfit_style": 0.00773, "pool_all": 0.0091, "base_only": 0.0}
{"target": 86, "seed": 303, "random": -0.00128, "relevance": -0.04398, "mmr": -0.04732, "dpp": -0.04131, "facility_location": -0.06224, "mutual_information": -0.01372, "kcenter": -0.04294, "kmeans_representatives": 0.01101, "delfit_style": 0.01101, "pool_all": 0.01306, "base_only": 0.0}
{"target": 93, "seed": 101, "random": -0.00616, "relevance": -0.00722, "mmr": -0.01509, "dpp": -0.00693, "facility_location": 0.00097, "mutual_information": 0.00883, "kcenter": -0.0042, "kmeans_representatives": -0.004, "delfit_style": -0.004, "pool_all": 0.01086, "base_only": 0.0}
{"target": 93, "seed": 202, "random": -0.01, "relevance": -0.00536, "mmr": -0.01289, "dpp": -0.00845, "facility_location": -0.00019, "mutual_information": 0.00788, "kcenter": 0.00238, "kmeans_representatives": -0.0162, "delfit_style": -0.0162, "pool_all": 0.00591, "base_only": 0.0}
{"target": 93, "seed": 303, "random": -0.01164, "relevance": 0.00688, "mmr": -0.00139, "dpp": 0.00067, "facility_location": -0.00102, "mutual_information": 0.00552, "kcenter": 0.00366, "kmeans_representatives": -0.01478, "delfit_style": -0.01008, "pool_all": 0.00113, "base_only": 0.0}
{"target": 99, "seed": 101, "random": -0.01029, "relevance": -0.01908, "mmr": -0.02408, "dpp": -0.00735, "facility_location": -0.01006, "mutual_information": -0.01028, "kcenter": -0.04079, "kmeans_representatives": -0.02023, "delfit_style": -0.02023, "pool_all": -0.00433, "base_only": 0.0}
{"target": 99, "seed": 202, "random": -0.00955, "relevance": -0.02832, "mmr": -0.02876, "dpp": -0.03649, "facility_location": -0.00417, "mutual_information": -0.00881, "kcenter": -0.0186, "kmeans_representatives": -0.00497, "delfit_style": -0.00497, "pool_all": -0.01052, "base_only": 0.0}
{"target": 99, "seed": 303, "random": -0.00773, "relevance": -0.02538, "mmr": -0.03516, "dpp": -0.01109, "facility_location": -0.0092, "mutual_information": -0.02344, "kcenter": -0.01612, "kmeans_representatives": -0.01473, "delfit_style": -0.01473, "pool_all": -0.00238, "base_only": 0.0}
{"target": 106, "seed": 101, "random": -0.01202, "relevance": 0.0036, "mmr": -0.00282, "dpp": -0.01193, "facility_location": 0.00542, "mutual_information": -0.01855, "kcenter": -0.01618, "kmeans_representatives": -0.03183, "delfit_style": -0.03183, "pool_all": -0.01549, "base_only": 0.0}
{"target": 106, "seed": 202, "random": -0.01079, "relevance": 0.00319, "mmr": -0.00489, "dpp": -0.00963, "facility_location": 0.00542, "mutual_information": -0.01231, "kcenter": -0.02231, "kmeans_representatives": -0.02243, "delfit_style": -0.02243, "pool_all": -0.01254, "base_only": 0.0}
{"target": 106, "seed": 303, "random": -0.02124, "relevance": -0.02883, "mmr": -0.02529, "dpp": -0.02082, "facility_location": 0.00524, "mutual_information": -0.02043, "kcenter": -0.02319, "kmeans_representatives": -0.01513, "delfit_style": -0.01513, "pool_all": -0.01912, "base_only": 0.0}
{"target": 112, "seed": 101, "random": -0.00988, "relevance": -0.00898, "mmr": -0.01002, "dpp": -0.01475, "facility_location": -0.00148, "mutual_information": -0.00913, "kcenter": -0.01174, "kmeans_representatives": 9e-05, "delfit_style": 9e-05, "pool_all": -0.00628, "base_only": 0.0}
{"target": 112, "seed": 202, "random": -0.00523, "relevance": -0.00843, "mmr": -0.00869, "dpp": -0.01124, "facility_location": -0.00642, "mutual_information": -0.01091, "kcenter": -0.00368, "kmeans_representatives": -0.00379, "delfit_style": -0.00379, "pool_all": -0.00676, "base_only": 0.0}
{"target": 112, "seed": 303, "random": -0.00506, "relevance": -0.00639, "mmr": -0.00611, "dpp": -0.00895, "facility_location": -0.00439, "mutual_information": -0.00565, "kcenter": -0.01035, "kmeans_representatives": 0.00204, "delfit_style": 0.00204, "pool_all": -0.00407, "base_only": 0.0}
{"target": 119, "seed": 101, "random": -0.01567, "relevance": -0.11622, "mmr": -0.09694, "dpp": -0.06514, "facility_location": -0.06525, "mutual_information": 0.01428, "kcenter": -0.03432, "kmeans_representatives": -0.07707, "delfit_style": -0.07707, "pool_all": 0.0233, "base_only": 0.0}
{"target": 119, "seed": 202, "random": -0.01273, "relevance": -0.08994, "mmr": -0.07338, "dpp": -0.04291, "facility_location": -0.04429, "mutual_information": 0.01827, "kcenter": -0.00652, "kmeans_representatives": -0.03666, "delfit_style": -0.03666, "pool_all": 0.03053, "base_only": 0.0}
{"target": 119, "seed": 303, "random": -0.00917, "relevance": -0.12296, "mmr": -0.09592, "dpp": -0.07842, "facility_location": -0.07842, "mutual_information": 0.03204, "kcenter": -0.01976, "kmeans_representatives": -0.04101, "delfit_style": -0.0794, "pool_all": 0.02607, "base_only": 0.0}
{"target": 126, "seed": 101, "random": -0.01029, "relevance": 0.01391, "mmr": 0.00946, "dpp": -0.00431, "facility_location": -0.00109, "mutual_information": -0.00939, "kcenter": -0.00563, "kmeans_representatives": -0.01193, "delfit_style": -0.01193, "pool_all": 0.00534, "base_only": 0.0}
{"target": 126, "seed": 202, "random": -0.00402, "relevance": 0.00624, "mmr": 0.00145, "dpp": -0.01236, "facility_location": -0.00059, "mutual_information": -0.02128, "kcenter": -0.01368, "kmeans_representatives": -0.01936, "delfit_style": -0.01936, "pool_all": -0.00395, "base_only": 0.0}
{"target": 126, "seed": 303, "random": -0.00678, "relevance": 0.01203, "mmr": 0.00263, "dpp": 0.00142, "facility_location": -0.00269, "mutual_information": 0.00664, "kcenter": -0.03408, "kmeans_representatives": -0.01144, "delfit_style": -0.01144, "pool_all": 0.00806, "base_only": 0.0}
{"target": 132, "seed": 101, "random": -0.02412, "relevance": -0.01788, "mmr": -0.02653, "dpp": 0.00442, "facility_location": -0.05175, "mutual_information": 0.02239, "kcenter": -0.05964, "kmeans_representatives": 0.0015, "delfit_style": 0.0015, "pool_all": 0.02837, "base_only": 0.0}
{"target": 132, "seed": 202, "random": -0.00048, "relevance": -0.01431, "mmr": -0.02425, "dpp": -0.00692, "facility_location": -0.02632, "mutual_information": -0.01458, "kcenter": -0.0436, "kmeans_representatives": 0.00815, "delfit_style": 0.00815, "pool_all": 0.0137, "base_only": 0.0}
{"target": 132, "seed": 303, "random": -0.01683, "relevance": -0.02907, "mmr": -0.04468, "dpp": -0.03135, "facility_location": -0.05175, "mutual_information": 0.03974, "kcenter": -0.06111, "kmeans_representatives": -0.00915, "delfit_style": -0.00915, "pool_all": 0.03378, "base_only": 0.0}
{"target": 139, "seed": 101, "random": -0.00033, "relevance": 0.004, "mmr": 0.00512, "dpp": 0.00501, "facility_location": -0.0036, "mutual_information": 0.01085, "kcenter": 0.00185, "kmeans_representatives": -0.00914, "delfit_style": -0.00914, "pool_all": 0.01163, "base_only": 0.0}
{"target": 139, "seed": 202, "random": -0.00731, "relevance": 0.00939, "mmr": -0.00297, "dpp": -0.00253, "facility_location": -0.00357, "mutual_information": 0.00554, "kcenter": -0.00977, "kmeans_representatives": -0.01433, "delfit_style": -0.00795, "pool_all": 0.00699, "base_only": 0.0}
{"target": 139, "seed": 303, "random": -0.00697, "relevance": -0.00049, "mmr": -0.00809, "dpp": 0.00047, "facility_location": -0.00776, "mutual_information": 0.00308, "kcenter": -0.0089, "kmeans_representatives": -0.00856, "delfit_style": -0.00856, "pool_all": 0.01055, "base_only": 0.0}
{"target": 146, "seed": 101, "random": -0.00903, "relevance": -0.02399, "mmr": -0.02833, "dpp": -0.03392, "facility_location": -0.02617, "mutual_information": -0.0193, "kcenter": -0.02422, "kmeans_representatives": -0.00753, "delfit_style": -0.00753, "pool_all": -0.00829, "base_only": 0.0}
{"target": 146, "seed": 202, "random": -0.00859, "relevance": -0.02311, "mmr": -0.02689, "dpp": -0.02501, "facility_location": -0.02819, "mutual_information": 0.00718, "kcenter": -0.02041, "kmeans_representatives": -0.01187, "delfit_style": -0.01187, "pool_all": 0.00505, "base_only": 0.0}
{"target": 146, "seed": 303, "random": -0.00684, "relevance": -0.05216, "mmr": -0.04567, "dpp": -0.04502, "facility_location": -0.05882, "mutual_information": -0.02352, "kcenter": -0.03956, "kmeans_representatives": -0.0112, "delfit_style": -0.0112, "pool_all": -0.00435, "base_only": 0.0}
{"target": 152, "seed": 101, "random": -0.00817, "relevance": 0.00366, "mmr": 0.00138, "dpp": 0.00167, "facility_location": -0.0013, "mutual_information": 0.00422, "kcenter": -0.01002, "kmeans_representatives": -0.01943, "delfit_style": -0.01454, "pool_all": 0.00034, "base_only": 0.0}
{"target": 152, "seed": 202, "random": -0.01167, "relevance": -0.01097, "mmr": -0.01719, "dpp": -0.01017, "facility_location": -0.00643, "mutual_information": -0.0118, "kcenter": -0.0107, "kmeans_representatives": -0.008, "delfit_style": -0.008, "pool_all": 0.00274, "base_only": 0.0}
{"target": 152, "seed": 303, "random": -0.01466, "relevance": -0.00502, "mmr": -0.0068, "dpp": -0.01068, "facility_location": -0.00433, "mutual_information": 0.00441, "kcenter": -0.01836, "kmeans_representatives": -0.00633, "delfit_style": -0.00633, "pool_all": 0.00694, "base_only": 0.0}
{"target": 159, "seed": 101, "random": 0.00833, "relevance": -0.00869, "mmr": -0.01466, "dpp": -0.01212, "facility_location": 0.00395, "mutual_information": -0.00059, "kcenter": -0.00449, "kmeans_representatives": 0.00203, "delfit_style": 0.00203, "pool_all": 0.0339, "base_only": 0.0}
{"target": 159, "seed": 202, "random": 0.0069, "relevance": -0.00258, "mmr": -0.01044, "dpp": 0.00011, "facility_location": -0.00632, "mutual_information": 0.00313, "kcenter": 0.00435, "kmeans_representatives": 0.00987, "delfit_style": 0.00987, "pool_all": 0.04333, "base_only": 0.0}
{"target": 159, "seed": 303, "random": 0.00539, "relevance": -0.00738, "mmr": -0.0144, "dpp": -0.00964, "facility_location": -0.01066, "mutual_information": -0.00159, "kcenter": -0.0024, "kmeans_representatives": -0.0022, "delfit_style": -0.0022, "pool_all": 0.02432, "base_only": 0.0}
{"target": 166, "seed": 101, "random": 0.00155, "relevance": -0.04127, "mmr": -0.02113, "dpp": -0.01414, "facility_location": -0.03164, "mutual_information": -0.04328, "kcenter": -0.01209, "kmeans_representatives": 0.01837, "delfit_style": 0.01837, "pool_all": -0.00941, "base_only": 0.0}
{"target": 166, "seed": 202, "random": -0.01462, "relevance": -0.02747, "mmr": -0.01313, "dpp": -0.01018, "facility_location": -0.00466, "mutual_information": -0.02476, "kcenter": -0.00849, "kmeans_representatives": -0.00991, "delfit_style": -0.00991, "pool_all": -0.01221, "base_only": 0.0}
{"target": 166, "seed": 303, "random": 0.01003, "relevance": 0.0133, "mmr": 0.02372, "dpp": 0.0196, "facility_location": 0.01355, "mutual_information": 0.05462, "kcenter": 0.02595, "kmeans_representatives": 0.01903, "delfit_style": 0.01903, "pool_all": 0.04209, "base_only": 0.0}
{"target": 172, "seed": 101, "random": 0.0047, "relevance": -0.00971, "mmr": -0.01906, "dpp": -0.02002, "facility_location": -0.03668, "mutual_information": -0.07879, "kcenter": -0.05045, "kmeans_representatives": 0.00611, "delfit_style": 0.00611, "pool_all": 0.04175, "base_only": 0.0}
{"target": 172, "seed": 202, "random": -0.00325, "relevance": -0.02768, "mmr": -0.03096, "dpp": -0.03569, "facility_location": -0.0395, "mutual_information": -0.01689, "kcenter": -0.04389, "kmeans_representatives": 0.00494, "delfit_style": 0.00494, "pool_all": 0.01819, "base_only": 0.0}
{"target": 172, "seed": 303, "random": 0.0026, "relevance": -0.03495, "mmr": -0.03298, "dpp": -0.03845, "facility_location": -0.0438, "mutual_information": -0.04482, "kcenter": -0.06108, "kmeans_representatives": -0.00306, "delfit_style": -0.00306, "pool_all": 0.02303, "base_only": 0.0}
{"target": 179, "seed": 101, "random": -0.00761, "relevance": -0.01031, "mmr": -0.01733, "dpp": -0.0046, "facility_location": 0.00048, "mutual_information": -0.04793, "kcenter": 0.00666, "kmeans_representatives": -0.00789, "delfit_style": -0.00541, "pool_all": 0.00802, "base_only": 0.0}
{"target": 179, "seed": 202, "random": -0.01957, "relevance": -0.01645, "mmr": -0.01897, "dpp": -0.02518, "facility_location": -0.00724, "mutual_information": -0.01652, "kcenter": -0.01473, "kmeans_representatives": -0.00495, "delfit_style": -0.00495, "pool_all": 0.00064, "base_only": 0.0}
{"target": 179, "seed": 303, "random": -0.02433, "relevance": -0.00506, "mmr": -0.0063, "dpp": -0.00946, "facility_location": -0.02932, "mutual_information": 0.00069, "kcenter": -0.01236, "kmeans_representatives": 0.00233, "delfit_style": 0.00233, "pool_all": -0.00345, "base_only": 0.0}
{"target": 186, "seed": 101, "random": -0.01318, "relevance": -0.0052, "mmr": -0.00367, "dpp": -0.01432, "facility_location": 0.00866, "mutual_information": -0.02776, "kcenter": -0.00711, "kmeans_representatives": -0.00439, "delfit_style": -0.00439, "pool_all": 0.00114, "base_only": 0.0}
{"target": 186, "seed": 202, "random": -0.01335, "relevance": -0.01518, "mmr": -0.01495, "dpp": -0.0168, "facility_location": -0.00234, "mutual_information": -0.01009, "kcenter": -0.01381, "kmeans_representatives": -0.01021, "delfit_style": -0.01021, "pool_all": -0.00988, "base_only": 0.0}
{"target": 186, "seed": 303, "random": -0.01202, "relevance": 0.00209, "mmr": 0.00121, "dpp": -0.02579, "facility_location": 0.01996, "mutual_information": 0.00067, "kcenter": -0.02019, "kmeans_representatives": -0.00667, "delfit_style": -0.00667, "pool_all": 0.00974, "base_only": 0.0}
{"target": 192, "seed": 101, "random": 0.00141, "relevance": -0.02048, "mmr": -0.02317, "dpp": -0.03205, "facility_location": -0.02998, "mutual_information": -0.01583, "kcenter": -0.01635, "kmeans_representatives": -0.00268, "delfit_style": -0.00268, "pool_all": 0.02667, "base_only": 0.0}
{"target": 192, "seed": 202, "random": -0.00301, "relevance": -0.01903, "mmr": -0.02903, "dpp": -0.03494, "facility_location": -0.03198, "mutual_information": -0.00652, "kcenter": -0.0313, "kmeans_representatives": -0.0378, "delfit_style": -0.0378, "pool_all": 0.01089, "base_only": 0.0}
{"target": 192, "seed": 303, "random": 0.0043, "relevance": -0.01214, "mmr": -0.02313, "dpp": -0.0226, "facility_location": -0.03659, "mutual_information": 0.01773, "kcenter": -0.06485, "kmeans_representatives": -0.04558, "delfit_style": -0.04558, "pool_all": 0.02547, "base_only": 0.0}
{"target": 199, "seed": 101, "random": -0.00768, "relevance": -0.0155, "mmr": -0.00841, "dpp": -0.00256, "facility_location": -0.00624, "mutual_information": 0.01882, "kcenter": -0.01074, "kmeans_representatives": -0.00133, "delfit_style": -0.00133, "pool_all": 0.02028, "base_only": 0.0}
{"target": 199, "seed": 202, "random": -0.00386, "relevance": -0.01525, "mmr": -0.01047, "dpp": -0.00721, "facility_location": -0.00536, "mutual_information": 0.01513, "kcenter": 0.00379, "kmeans_representatives": -0.0039, "delfit_style": -0.0039, "pool_all": 0.01878, "base_only": 0.0}
{"target": 199, "seed": 303, "random": -0.0094, "relevance": -0.01013, "mmr": -0.0061, "dpp": -0.002, "facility_location": -0.00675, "mutual_information": 0.0077, "kcenter": -0.00215, "kmeans_representatives": -0.00666, "delfit_style": -0.00666, "pool_all": 0.00618, "base_only": 0.0}
{"target": 206, "seed": 101, "random": 0.00539, "relevance": -0.02086, "mmr": -0.01976, "dpp": -0.02272, "facility_location": 0.00096, "mutual_information": 0.0294, "kcenter": -0.00154, "kmeans_representatives": 0.00739, "delfit_style": 0.00739, "pool_all": 0.03287, "base_only": 0.0}
{"target": 206, "seed": 202, "random": 0.00458, "relevance": -0.00396, "mmr": -0.00969, "dpp": -0.00449, "facility_location": 0.0093, "mutual_information": -0.02833, "kcenter": 0.0023, "kmeans_representatives": 0.01238, "delfit_style": 0.01238, "pool_all": 0.02515, "base_only": 0.0}
{"target": 206, "seed": 303, "random": 0.00354, "relevance": -0.00743, "mmr": -0.01356, "dpp": -0.01473, "facility_location": -0.00306, "mutual_information": 0.0032, "kcenter": -0.00337, "kmeans_representatives": 0.01535, "delfit_style": 0.01535, "pool_all": 0.02611, "base_only": 0.0}
