/root/miniconda3/lib/python3.12/site-packages/torch/cuda/__init__.py:63: FutureWarning: The pynvml package is deprecated. Please install nvidia-ml-py instead. If you did not install pynvml directly, please report this to the maintainers of the package that installed pynvml for you.
  import pynvml  # type: ignore[import]
{"target": 0, "seed": 101, "random": 0.00472, "relevance": -0.03942, "mmr": -0.02812, "dpp": -0.0003, "facility_location": -0.01054, "mutual_information": -0.00069, "kcenter": 0.01089, "kmeans_representatives": 0.00066, "delfit_style": 0.00066, "pool_all": 0.03306, "base_only": 0.0}
{"target": 0, "seed": 202, "random": 0.00406, "relevance": -0.05019, "mmr": -0.03968, "dpp": -0.00194, "facility_location": -0.01898, "mutual_information": -0.01136, "kcenter": 0.01284, "kmeans_representatives": 0.0033, "delfit_style": 0.0033, "pool_all": 0.03216, "base_only": 0.0}
{"target": 0, "seed": 303, "random": 0.00214, "relevance": -0.05488, "mmr": -0.04486, "dpp": -0.01214, "facility_location": -0.01605, "mutual_information": -0.02247, "kcenter": 0.0026, "kmeans_representatives": 0.00476, "delfit_style": -0.00436, "pool_all": 0.02128, "base_only": 0.0}
{"target": 28, "seed": 101, "random": 0.00599, "relevance": -0.00996, "mmr": -0.0096, "dpp": -8e-05, "facility_location": 0.00394, "mutual_information": 0.013, "kcenter": 0.00477, "kmeans_representatives": 0.00016, "delfit_style": 0.00016, "pool_all": 0.02046, "base_only": 0.0}
{"target": 28, "seed": 202, "random": 0.00626, "relevance": -0.0088, "mmr": -0.00903, "dpp": -0.00014, "facility_location": 0.00515, "mutual_information": 0.01862, "kcenter": 0.00868, "kmeans_representatives": 0.006, "delfit_style": 0.006, "pool_all": 0.02577, "base_only": 0.0}
{"target": 28, "seed": 303, "random": 0.00746, "relevance": -0.01274, "mmr": -0.01286, "dpp": -0.00402, "facility_location": 0.00114, "mutual_information": -0.00286, "kcenter": 0.00594, "kmeans_representatives": 0.00442, "delfit_style": 0.00442, "pool_all": 0.02111, "base_only": 0.0}
{"target": 56, "seed": 101, "random": 0.02096, "relevance": -0.05624, "mmr": -0.01682, "dpp": 0.01185, "facility_location": 0.01648, "mutual_information": 0.05034, "kcenter": 0.03178, "kmeans_representatives": 0.02395, "delfit_style": 0.02395, "pool_all": 0.07258, "base_only": 0.0}
{"target": 56, "seed": 202, "random": 0.0261, "relevance": -0.05939, "mmr": -0.01685, "dpp": 0.01182, "facility_location": 0.02167, "mutual_information": 0.05531, "kcenter": 0.04323, "kmeans_representatives": 0.01947, "delfit_style": 0.01947, "pool_all": 0.08489, "base_only": 0.0}
{"target": 56, "seed": 303, "random": 0.02276, "relevance": -0.05833, "mmr": -0.02468, "dpp": 0.0042, "facility_location": 0.01957, "mutual_information": 0.04258, "kcenter": 0.02842, "kmeans_representatives": 0.02858, "delfit_style": 0.02858, "pool_all": 0.07384, "base_only": 0.0}
{"target": 85, "seed": 101, "random": 0.0098, "relevance": -0.00338, "mmr": 0.00103, "dpp": 0.00731, "facility_location": 0.0102, "mutual_information": -0.00256, "kcenter": 0.00532, "kmeans_representatives": 0.00044, "delfit_style": 0.00044, "pool_all": 0.02463, "base_only": 0.0}
{"target": 85, "seed": 202, "random": 0.01148, "relevance": -0.00623, "mmr": 0.00047, "dpp": 0.00851, "facility_location": 0.01544, "mutual_information": 0.00047, "kcenter": 0.00772, "kmeans_representatives": 0.00667, "delfit_style": 0.00667, "pool_all": 0.02711, "base_only": 0.0}
{"target": 85, "seed": 303, "random": 0.00936, "relevance": -0.00465, "mmr": -0.0014, "dpp": 0.00437, "facility_location": 0.01364, "mutual_information": -0.00229, "kcenter": 0.00401, "kmeans_representatives": 0.00359, "delfit_style": 0.00359, "pool_all": 0.02073, "base_only": 0.0}
{"target": 113, "seed": 101, "random": 0.00654, "relevance": -0.0098, "mmr": -0.00486, "dpp": 0.00454, "facility_location": -0.00331, "mutual_information": 0.00548, "kcenter": 0.0109, "kmeans_representatives": 0.00332, "delfit_style": 0.00332, "pool_all": 0.01982, "base_only": 0.0}
{"target": 113, "seed": 202, "random": 0.00506, "relevance": -0.01601, "mmr": -0.00834, "dpp": 0.00216, "facility_location": -0.00548, "mutual_information": 0.00264, "kcenter": 0.00997, "kmeans_representatives": 0.00411, "delfit_style": 0.00252, "pool_all": 0.02152, "base_only": 0.0}
{"target": 113, "seed": 303, "random": 0.00619, "relevance": -0.01593, "mmr": -0.00928, "dpp": 0.00212, "facility_location": -0.00435, "mutual_information": 0.00355, "kcenter": 0.01229, "kmeans_representatives": 0.00861, "delfit_style": 0.00861, "pool_all": 0.02709, "base_only": 0.0}
{"target": 142, "seed": 101, "random": 0.00146, "relevance": -0.00205, "mmr": -0.00056, "dpp": 0.0034, "facility_location": -0.00248, "mutual_information": 0.00517, "kcenter": 0.00501, "kmeans_representatives": 0.00057, "delfit_style": 0.00057, "pool_all": 0.00946, "base_only": 0.0}
{"target": 142, "seed": 202, "random": 0.00228, "relevance": -0.00271, "mmr": 0.00112, "dpp": 0.00612, "facility_location": -0.00179, "mutual_information": 0.00834, "kcenter": 0.00692, "kmeans_representatives": 0.00269, "delfit_style": 0.00269, "pool_all": 0.01214, "base_only": 0.0}
{"target": 142, "seed": 303, "random": 0.00063, "relevance": -0.00241, "mmr": -0.00042, "dpp": 0.0033, "facility_location": -0.00215, "mutual_information": 0.00483, "kcenter": 0.00303, "kmeans_representatives": 0.00052, "delfit_style": 0.00052, "pool_all": 0.00935, "base_only": 0.0}
{"target": 170, "seed": 101, "random": 0.00834, "relevance": -0.0129, "mmr": -0.00435, "dpp": 0.00635, "facility_location": 0.00031, "mutual_information": 0.02064, "kcenter": 0.01182, "kmeans_representatives": 0.00536, "delfit_style": 0.00536, "pool_all": 0.02739, "base_only": 0.0}
{"target": 170, "seed": 202, "random": 0.00742, "relevance": -0.01983, "mmr": -0.00685, "dpp": 0.00678, "facility_location": -0.00062, "mutual_information": 0.01188, "kcenter": 0.01202, "kmeans_representatives": 0.00398, "delfit_style": 0.00398, "pool_all": 0.02521, "base_only": 0.0}
{"target": 170, "seed": 303, "random": 0.00932, "relevance": -0.01524, "mmr": -0.00294, "dpp": 0.00605, "facility_location": 0.00113, "mutual_information": 0.01988, "kcenter": 0.01195, "kmeans_representatives": 0.00532, "delfit_style": 0.00609, "pool_all": 0.02669, "base_only": 0.0}
{"target": 199, "seed": 101, "random": 0.00322, "relevance": 0.00851, "mmr": 0.00659, "dpp": 0.00249, "facility_location": 0.00322, "mutual_information": 0.00956, "kcenter": 0.00576, "kmeans_representatives": 0.00221, "delfit_style": 0.00221, "pool_all": 0.01166, "base_only": 0.0}
{"target": 199, "seed": 202, "random": 0.00482, "relevance": 0.00841, "mmr": 0.00597, "dpp": 0.0053, "facility_location": 0.00275, "mutual_information": 0.00982, "kcenter": 0.0074, "kmeans_representatives": 0.00095, "delfit_style": 0.00095, "pool_all": 0.01315, "base_only": 0.0}
{"target": 199, "seed": 303, "random": 0.00256, "relevance": 0.00656, "mmr": 0.00399, "dpp": 0.00139, "facility_location": 0.00278, "mutual_information": 0.00773, "kcenter": 0.0061, "kmeans_representatives": -3e-05, "delfit_style": -3e-05, "pool_all": 0.01005, "base_only": 0.0}
{"target": 227, "seed": 101, "random": 0.0145, "relevance": -0.0197, "mmr": -0.01201, "dpp": 0.01888, "facility_location": 0.00589, "mutual_information": 0.03396, "kcenter": -0.0004, "kmeans_representatives": 0.00892, "delfit_style": 0.00892, "pool_all": 0.06219, "base_only": 0.0}
{"target": 227, "seed": 202, "random": 0.0156, "relevance": -0.03343, "mmr": -0.01851, "dpp": 0.01841, "facility_location": 0.00718, "mutual_information": 0.04293, "kcenter": 8e-05, "kmeans_representatives": 0.01244, "delfit_style": 0.01244, "pool_all": 0.07214, "base_only": 0.0}
{"target": 227, "seed": 303, "random": 0.01398, "relevance": -0.03463, "mmr": -0.02107, "dpp": 0.01209, "facility_location": 0.00572, "mutual_information": 0.03885, "kcenter": 0.00149, "kmeans_representatives": 0.00533, "delfit_style": 0.00533, "pool_all": 0.06535, "base_only": 0.0}
{"target": 256, "seed": 101, "random": 0.00968, "relevance": 0.00053, "mmr": 0.00122, "dpp": -0.00094, "facility_location": 0.00699, "mutual_information": 0.01442, "kcenter": 0.00801, "kmeans_representatives": 0.00638, "delfit_style": 0.00593, "pool_all": 0.01975, "base_only": 0.0}
{"target": 256, "seed": 202, "random": 0.0069, "relevance": -0.00441, "mmr": -0.00295, "dpp": -0.0055, "facility_location": 0.00826, "mutual_information": 0.01848, "kcenter": 0.00915, "kmeans_representatives": 0.00536, "delfit_style": 0.00536, "pool_all": 0.02403, "base_only": 0.0}
{"target": 256, "seed": 303, "random": 0.0086, "relevance": -0.00277, "mmr": -0.00264, "dpp": -0.00692, "facility_location": 0.00853, "mutual_information": 0.01395, "kcenter": 0.00485, "kmeans_representatives": 0.00594, "delfit_style": 0.00692, "pool_all": 0.0209, "base_only": 0.0}
{"target": 284, "seed": 101, "random": 0.00684, "relevance": -0.00411, "mmr": -0.00375, "dpp": -0.00121, "facility_location": 0.01059, "mutual_information": 0.00816, "kcenter": 0.00198, "kmeans_representatives": 0.00856, "delfit_style": 0.00856, "pool_all": 0.01991, "base_only": 0.0}
{"target": 284, "seed": 202, "random": 0.00657, "relevance": -0.00751, "mmr": -0.0043, "dpp": -0.00036, "facility_location": 0.00939, "mutual_information": 0.00513, "kcenter": 0.00396, "kmeans_representatives": 0.00779, "delfit_style": 0.00779, "pool_all": 0.01974, "base_only": 0.0}
{"target": 284, "seed": 303, "random": 0.00569, "relevance": -0.00601, "mmr": -0.00422, "dpp": -0.00241, "facility_location": 0.00901, "mutual_information": 0.00468, "kcenter": 0.00026, "kmeans_representatives": 0.0049, "delfit_style": 0.0049, "pool_all": 0.01563, "base_only": 0.0}
{"target": 312, "seed": 101, "random": 0.00786, "relevance": -0.02446, "mmr": -0.01522, "dpp": -0.00588, "facility_location": 0.01114, "mutual_information": 0.01812, "kcenter": 0.0015, "kmeans_representatives": 6e-05, "delfit_style": 6e-05, "pool_all": 0.03085, "base_only": 0.0}
{"target": 312, "seed": 202, "random": 0.00604, "relevance": -0.03782, "mmr": -0.02184, "dpp": -0.00529, "facility_location": 0.00747, "mutual_information": 0.02472, "kcenter": 0.00575, "kmeans_representatives": -0.00472, "delfit_style": -0.00472, "pool_all": 0.03159, "base_only": 0.0}
{"target": 312, "seed": 303, "random": 0.00392, "relevance": -0.03883, "mmr": -0.02419, "dpp": -0.00984, "facility_location": 0.00849, "mutual_information": 0.02427, "kcenter": -0.00405, "kmeans_representatives": 0.00202, "delfit_style": 0.00202, "pool_all": 0.02904, "base_only": 0.0}
{"target": 341, "seed": 101, "random": 0.00665, "relevance": -0.01379, "mmr": -0.00686, "dpp": 0.00432, "facility_location": 0.00466, "mutual_information": 0.00204, "kcenter": -0.00639, "kmeans_representatives": -0.00754, "delfit_style": -0.00754, "pool_all": 0.02744, "base_only": 0.0}
{"target": 341, "seed": 202, "random": 0.00922, "relevance": -0.01499, "mmr": -0.00729, "dpp": 0.00549, "facility_location": 0.00484, "mutual_information": 0.02006, "kcenter": -0.00416, "kmeans_representatives": -0.00657, "delfit_style": -0.00657, "pool_all": 0.03491, "base_only": 0.0}
{"target": 341, "seed": 303, "random": 0.00713, "relevance": -0.01359, "mmr": -0.00686, "dpp": 0.00505, "facility_location": 0.00368, "mutual_information": 0.003, "kcenter": 0.00243, "kmeans_representatives": -0.00731, "delfit_style": -0.00731, "pool_all": 0.02893, "base_only": 0.0}
{"target": 369, "seed": 101, "random": 0.00758, "relevance": -0.01315, "mmr": -0.00372, "dpp": 0.01618, "facility_location": -0.00201, "mutual_information": 0.01343, "kcenter": 0.01137, "kmeans_representatives": 0.01114, "delfit_style": 0.01114, "pool_all": 0.02693, "base_only": 0.0}
{"target": 369, "seed": 202, "random": 0.00565, "relevance": -0.01717, "mmr": -0.00793, "dpp": 0.01689, "facility_location": 0.00014, "mutual_information": 0.01854, "kcenter": 0.01242, "kmeans_representatives": 0.01351, "delfit_style": 0.01351, "pool_all": 0.02966, "base_only": 0.0}
{"target": 369, "seed": 303, "random": 0.00542, "relevance": -0.01785, "mmr": -0.0086, "dpp": 0.01302, "facility_location": -0.00047, "mutual_information": 0.00951, "kcenter": 0.01015, "kmeans_representatives": 0.0114, "delfit_style": 0.0114, "pool_all": 0.02554, "base_only": 0.0}
{"target": 398, "seed": 101, "random": 0.00771, "relevance": 0.00385, "mmr": 0.00559, "dpp": -0.00467, "facility_location": 0.00961, "mutual_information": 0.02593, "kcenter": -0.00278, "kmeans_representatives": 0.00782, "delfit_style": 0.00782, "pool_all": 0.03724, "base_only": 0.0}
{"target": 398, "seed": 202, "random": 0.00859, "relevance": 0.00391, "mmr": 0.00718, "dpp": -0.00146, "facility_location": 0.01192, "mutual_information": 0.01796, "kcenter": 0.00501, "kmeans_representatives": 0.00629, "delfit_style": 0.00267, "pool_all": 0.04026, "base_only": 0.0}
{"target": 398, "seed": 303, "random": 0.00302, "relevance": 0.00484, "mmr": 0.00747, "dpp": -0.00238, "facility_location": 0.00574, "mutual_information": 0.03365, "kcenter": 0.00653, "kmeans_representatives": 0.00302, "delfit_style": 0.00302, "pool_all": 0.04181, "base_only": 0.0}
{"target": 426, "seed": 101, "random": 0.00022, "relevance": -0.00016, "mmr": -0.00097, "dpp": -0.00265, "facility_location": -0.00016, "mutual_information": -0.00265, "kcenter": -0.00265, "kmeans_representatives": -0.00265, "delfit_style": -0.00265, "pool_all": 0.00191, "base_only": 0.0}
{"target": 426, "seed": 202, "random": 0.00057, "relevance": 2e-05, "mmr": -0.00076, "dpp": -0.00167, "facility_location": 2e-05, "mutual_information": -0.00167, "kcenter": -0.00167, "kmeans_representatives": -0.00167, "delfit_style": -0.00167, "pool_all": 0.00266, "base_only": 0.0}
{"target": 426, "seed": 303, "random": 0.0001, "relevance": -0.00047, "mmr": -0.00057, "dpp": -0.00336, "facility_location": -0.00047, "mutual_information": -0.00336, "kcenter": -0.00336, "kmeans_representatives": -0.00336, "delfit_style": -0.00336, "pool_all": 0.00159, "base_only": 0.0}
{"target": 455, "seed": 101, "random": 0.00778, "relevance": -0.00054, "mmr": -0.00032, "dpp": -0.00113, "facility_location": 0.01295, "mutual_information": 0.0154, "kcenter": -0.00205, "kmeans_representatives": -0.00277, "delfit_style": -0.00277, "pool_all": 0.02456, "base_only": 0.0}
{"target": 455, "seed": 202, "random": 0.00861, "relevance": -0.00721, "mmr": -0.00146, "dpp": -0.00107, "facility_location": 0.01344, "mutual_information": 0.0109, "kcenter": 0.00128, "kmeans_representatives": 0.00403, "delfit_style": 0.00403, "pool_all": 0.0251, "base_only": 0.0}
{"target": 455, "seed": 303, "random": 0.00872, "relevance": -0.0037, "mmr": -0.00287, "dpp": -0.00414, "facility_location": 0.01469, "mutual_information": 0.01629, "kcenter": -0.00337, "kmeans_representatives": -0.00372, "delfit_style": -0.00372, "pool_all": 0.02585, "base_only": 0.0}
{"target": 483, "seed": 101, "random": 0.00482, "relevance": -0.01418, "mmr": -0.01193, "dpp": 0.00016, "facility_location": 0.00819, "mutual_information": 0.01089, "kcenter": 0.00307, "kmeans_representatives": 0.00439, "delfit_style": 0.00439, "pool_all": 0.02308, "base_only": 0.0}
{"target": 483, "seed": 202, "random": 0.00634, "relevance": -0.02598, "mmr": -0.02328, "dpp": 0.00166, "facility_location": 0.00807, "mutual_information": 0.00342, "kcenter": 0.00702, "kmeans_representatives": 0.00742, "delfit_style": 0.00742, "pool_all": 0.02821, "base_only": 0.0}
{"target": 483, "seed": 303, "random": 0.00794, "relevance": -0.03322, "mmr": -0.02709, "dpp": 0.00373, "facility_location": 0.0074, "mutual_information": 0.01296, "kcenter": 0.00805, "kmeans_representatives": 0.00518, "delfit_style": 0.00518, "pool_all": 0.03447, "base_only": 0.0}
{"target": 512, "seed": 101, "random": 0.00022, "relevance": -0.00016, "mmr": -0.00097, "dpp": -0.00265, "facility_location": -0.00016, "mutual_information": -0.00265, "kcenter": -0.00265, "kmeans_representatives": -0.00265, "delfit_style": -0.00265, "pool_all": 0.00191, "base_only": 0.0}
{"target": 512, "seed": 202, "random": 0.00057, "relevance": 2e-05, "mmr": -0.00076, "dpp": -0.00167, "facility_location": 2e-05, "mutual_information": -0.00167, "kcenter": -0.00167, "kmeans_representatives": -0.00167, "delfit_style": -0.00167, "pool_all": 0.00266, "base_only": 0.0}
{"target": 512, "seed": 303, "random": 0.0001, "relevance": -0.00047, "mmr": -0.00057, "dpp": -0.00336, "facility_location": -0.00047, "mutual_information": -0.00336, "kcenter": -0.00336, "kmeans_representatives": -0.00336, "delfit_style": -0.00336, "pool_all": 0.00159, "base_only": 0.0}
{"target": 540, "seed": 101, "random": 0.00844, "relevance": 0.00205, "mmr": 0.00312, "dpp": 0.00408, "facility_location": 0.00531, "mutual_information": 0.01125, "kcenter": 0.00747, "kmeans_representatives": 0.00437, "delfit_style": 0.00437, "pool_all": 0.02291, "base_only": 0.0}
{"target": 540, "seed": 202, "random": 0.01025, "relevance": -0.00894, "mmr": -0.00508, "dpp": 0.00177, "facility_location": 0.00166, "mutual_information": 0.01369, "kcenter": 0.0083, "kmeans_representatives": 0.00728, "delfit_style": 0.00728, "pool_all": 0.02388, "base_only": 0.0}
{"target": 540, "seed": 303, "random": 0.00998, "relevance": -0.00278, "mmr": 0.00094, "dpp": 0.00291, "facility_location": 0.00372, "mutual_information": 0.01748, "kcenter": 0.00722, "kmeans_representatives": 0.00559, "delfit_style": 0.00559, "pool_all": 0.02191, "base_only": 0.0}
{"target": 569, "seed": 101, "random": 0.0122, "relevance": -0.03537, "mmr": -0.00796, "dpp": 0.01533, "facility_location": -0.00143, "mutual_information": 0.02443, "kcenter": 0.01434, "kmeans_representatives": 0.00557, "delfit_style": 0.00557, "pool_all": 0.04999, "base_only": 0.0}
{"target": 569, "seed": 202, "random": 0.01504, "relevance": -0.04435, "mmr": -0.01252, "dpp": 0.01522, "facility_location": -0.00539, "mutual_information": 0.04479, "kcenter": 0.01668, "kmeans_representatives": 0.00587, "delfit_style": 0.00587, "pool_all": 0.05658, "base_only": 0.0}
{"target": 569, "seed": 303, "random": 0.01672, "relevance": -0.04215, "mmr": -0.01371, "dpp": 0.01441, "facility_location": 0.00125, "mutual_information": 0.02439, "kcenter": 0.01443, "kmeans_representatives": 0.00665, "delfit_style": 0.00665, "pool_all": 0.05665, "base_only": 0.0}
{"target": 597, "seed": 101, "random": 0.00513, "relevance": -0.00573, "mmr": -0.00255, "dpp": -0.00063, "facility_location": 0.00214, "mutual_information": 0.00724, "kcenter": 0.00903, "kmeans_representatives": 0.00113, "delfit_style": 0.00113, "pool_all": 0.01954, "base_only": 0.0}
{"target": 597, "seed": 202, "random": 0.00667, "relevance": -0.01387, "mmr": -0.00952, "dpp": -0.00123, "facility_location": 0.00328, "mutual_information": 0.00682, "kcenter": 0.0126, "kmeans_representatives": 0.00145, "delfit_style": 0.00145, "pool_all": 0.02707, "base_only": 0.0}
{"target": 597, "seed": 303, "random": 0.00775, "relevance": -0.00831, "mmr": -0.00573, "dpp": -0.00219, "facility_location": 0.00493, "mutual_information": 0.0136, "kcenter": 0.0128, "kmeans_representatives": 0.00523, "delfit_style": 0.00523, "pool_all": 0.03284, "base_only": 0.0}
{"target": 625, "seed": 101, "random": 0.0009, "relevance": -0.00177, "mmr": 0.00021, "dpp": 0.00505, "facility_location": -0.00233, "mutual_information": 0.00734, "kcenter": 0.00489, "kmeans_representatives": 0.00256, "delfit_style": 0.00256, "pool_all": 0.01017, "base_only": 0.0}
{"target": 625, "seed": 202, "random": 0.00243, "relevance": -0.00241, "mmr": 0.00123, "dpp": 0.00675, "facility_location": -0.00249, "mutual_information": 0.00755, "kcenter": 0.00664, "kmeans_representatives": 0.00408, "delfit_style": 0.00408, "pool_all": 0.0116, "base_only": 0.0}
{"target": 625, "seed": 303, "random": 0.00017, "relevance": -0.00231, "mmr": -0.00073, "dpp": 0.00537, "facility_location": -0.00127, "mutual_information": 0.00644, "kcenter": 0.00397, "kmeans_representatives": 0.00272, "delfit_style": 0.00272, "pool_all": 0.00899, "base_only": 0.0}
{"target": 654, "seed": 101, "random": 0.00013, "relevance": 0.00015, "mmr": -0.00036, "dpp": -0.00065, "facility_location": 0.00015, "mutual_information": -0.00065, "kcenter": -0.00065, "kmeans_representatives": -0.00065, "delfit_style": -0.00065, "pool_all": 0.00159, "base_only": 0.0}
{"target": 654, "seed": 202, "random": 0.0003, "relevance": -0.00024, "mmr": -0.00042, "dpp": -0.00051, "facility_location": -0.00024, "mutual_information": -0.00051, "kcenter": -0.00051, "kmeans_representatives": -0.00051, "delfit_style": -0.00051, "pool_all": 0.00219, "base_only": 0.0}
{"target": 654, "seed": 303, "random": 0.0002, "relevance": -0.00055, "mmr": -0.00059, "dpp": -0.00124, "facility_location": -0.00055, "mutual_information": -0.00124, "kcenter": -0.00124, "kmeans_representatives": -0.00124, "delfit_style": -0.00124, "pool_all": 0.00154, "base_only": 0.0}
{"target": 682, "seed": 101, "random": 0.00646, "relevance": -0.01772, "mmr": -0.0008, "dpp": 0.00785, "facility_location": -0.00208, "mutual_information": 0.01172, "kcenter": 0.00779, "kmeans_representatives": 0.00497, "delfit_style": 0.00497, "pool_all": 0.02049, "base_only": 0.0}
{"target": 682, "seed": 202, "random": 0.0093, "relevance": -0.02029, "mmr": -0.00331, "dpp": 0.00668, "facility_location": -0.00154, "mutual_information": 0.01468, "kcenter": 0.00831, "kmeans_representatives": 0.00736, "delfit_style": 0.00736, "pool_all": 0.0236, "base_only": 0.0}
{"target": 682, "seed": 303, "random": 0.0076, "relevance": -0.02088, "mmr": -0.00223, "dpp": 0.00559, "facility_location": -0.00075, "mutual_information": 0.01287, "kcenter": 0.00691, "kmeans_representatives": 0.00451, "delfit_style": 0.00451, "pool_all": 0.02001, "base_only": 0.0}
{"target": 711, "seed": 101, "random": 0.00623, "relevance": -0.0291, "mmr": -0.00936, "dpp": 0.01534, "facility_location": -0.01702, "mutual_information": 0.01591, "kcenter": 0.01755, "kmeans_representatives": 0.01416, "delfit_style": 0.01416, "pool_all": 0.02463, "base_only": 0.0}
{"target": 711, "seed": 202, "random": 0.00286, "relevance": -0.03493, "mmr": -0.00826, "dpp": 0.0163, "facility_location": -0.00953, "mutual_information": 0.01802, "kcenter": 0.01549, "kmeans_representatives": 0.01392, "delfit_style": 0.01392, "pool_all": 0.02316, "base_only": 0.0}
{"target": 711, "seed": 303, "random": -0.00051, "relevance": -0.02795, "mmr": -0.00459, "dpp": 0.0168, "facility_location": -0.01051, "mutual_information": 0.01816, "kcenter": 0.01432, "kmeans_representatives": 0.01162, "delfit_style": 0.01162, "pool_all": 0.02343, "base_only": 0.0}
{"target": 739, "seed": 101, "random": 0.00749, "relevance": -0.00876, "mmr": -0.00481, "dpp": 0.0029, "facility_location": 0.00493, "mutual_information": 0.00968, "kcenter": 0.00548, "kmeans_representatives": 0.01146, "delfit_style": 0.01146, "pool_all": 0.01954, "base_only": 0.0}
{"target": 739, "seed": 202, "random": 0.00901, "relevance": -0.01671, "mmr": -0.008, "dpp": 0.00328, "facility_location": 0.00365, "mutual_information": 0.01004, "kcenter": 0.0067, "kmeans_representatives": 0.01076, "delfit_style": 0.00513, "pool_all": 0.0208, "base_only": 0.0}
{"target": 739, "seed": 303, "random": 0.00925, "relevance": -0.01215, "mmr": -0.00454, "dpp": 0.00441, "facility_location": 0.00316, "mutual_information": 0.00935, "kcenter": 0.00459, "kmeans_representatives": 0.00745, "delfit_style": 0.00745, "pool_all": 0.02033, "base_only": 0.0}
{"target": 768, "seed": 101, "random": 0.00566, "relevance": -0.01464, "mmr": -0.01221, "dpp": -0.00319, "facility_location": 0.00377, "mutual_information": 0.01104, "kcenter": 0.00358, "kmeans_representatives": 0.0073, "delfit_style": 0.00706, "pool_all": 0.01435, "base_only": 0.0}
{"target": 768, "seed": 202, "random": 0.00231, "relevance": -0.02139, "mmr": -0.01817, "dpp": -0.00602, "facility_location": 0.00452, "mutual_information": 0.00825, "kcenter": 0.0017, "kmeans_representatives": 0.00692, "delfit_style": 0.00692, "pool_all": 0.01257, "base_only": 0.0}
{"target": 768, "seed": 303, "random": 0.00492, "relevance": -0.02233, "mmr": -0.01867, "dpp": -0.00728, "facility_location": 0.00577, "mutual_information": 0.01031, "kcenter": 0.00127, "kmeans_representatives": 0.00863, "delfit_style": 0.00863, "pool_all": 0.01315, "base_only": 0.0}
{"target": 796, "seed": 101, "random": 0.00166, "relevance": -0.0407, "mmr": -0.03788, "dpp": -0.01335, "facility_location": -0.01632, "mutual_information": 0.00331, "kcenter": -0.00702, "kmeans_representatives": 0.00123, "delfit_style": 0.00123, "pool_all": 0.01001, "base_only": 0.0}
{"target": 796, "seed": 202, "random": 0.0023, "relevance": -0.04311, "mmr": -0.03725, "dpp": -0.00867, "facility_location": -0.0128, "mutual_information": 0.01014, "kcenter": 0.00156, "kmeans_representatives": 0.00208, "delfit_style": 0.00208, "pool_all": 0.02194, "base_only": 0.0}
{"target": 796, "seed": 303, "random": 0.00298, "relevance": -0.04843, "mmr": -0.04168, "dpp": -0.0139, "facility_location": -0.02216, "mutual_information": 0.00496, "kcenter": -0.00348, "kmeans_representatives": -0.00154, "delfit_style": -0.00154, "pool_all": 0.0124, "base_only": 0.0}
{"target": 825, "seed": 101, "random": 0.00415, "relevance": -0.00965, "mmr": -0.01083, "dpp": -0.00363, "facility_location": 0.00773, "mutual_information": 0.00094, "kcenter": 0.00288, "kmeans_representatives": 0.0033, "delfit_style": 0.0033, "pool_all": 0.02095, "base_only": 0.0}
{"target": 825, "seed": 202, "random": 0.00424, "relevance": -0.01098, "mmr": -0.01291, "dpp": -0.00449, "facility_location": 0.00811, "mutual_information": 0.00678, "kcenter": 0.00137, "kmeans_representatives": 0.00243, "delfit_style": 0.00243, "pool_all": 0.02192, "base_only": 0.0}
{"target": 825, "seed": 303, "random": 0.00352, "relevance": -0.0087, "mmr": -0.01237, "dpp": -0.00648, "facility_location": 0.00561, "mutual_information": -0.00053, "kcenter": -0.00119, "kmeans_representatives": 0.00169, "delfit_style": 0.00169, "pool_all": 0.01791, "base_only": 0.0}
{"target": 853, "seed": 101, "random": 0.00022, "relevance": -0.00016, "mmr": -0.00097, "dpp": -0.00265, "facility_location": -0.00016, "mutual_information": -0.00265, "kcenter": -0.00265, "kmeans_representatives": -0.00265, "delfit_style": -0.00265, "pool_all": 0.00191, "base_only": 0.0}
{"target": 853, "seed": 202, "random": 0.00057, "relevance": 2e-05, "mmr": -0.00076, "dpp": -0.00167, "facility_location": 2e-05, "mutual_information": -0.00167, "kcenter": -0.00167, "kmeans_representatives": -0.00167, "delfit_style": -0.00167, "pool_all": 0.00266, "base_only": 0.0}
{"target": 853, "seed": 303, "random": 0.0001, "relevance": -0.00047, "mmr": -0.00057, "dpp": -0.00336, "facility_location": -0.00047, "mutual_information": -0.00336, "kcenter": -0.00336, "kmeans_representatives": -0.00336, "delfit_style": -0.00336, "pool_all": 0.00159, "base_only": 0.0}
{"target": 882, "seed": 101, "random": 0.00655, "relevance": -0.02799, "mmr": -0.02078, "dpp": -0.00061, "facility_location": -0.00774, "mutual_information": 0.01038, "kcenter": 0.00583, "kmeans_representatives": 0.01135, "delfit_style": 0.00719, "pool_all": 0.02689, "base_only": 0.0}
{"target": 882, "seed": 202, "random": 0.00565, "relevance": -0.03936, "mmr": -0.02573, "dpp": -0.00036, "facility_location": -0.01099, "mutual_information": 0.01547, "kcenter": 0.00675, "kmeans_representatives": -0.0009, "delfit_style": 0.00864, "pool_all": 0.02975, "base_only": 0.0}
{"target": 882, "seed": 303, "random": 0.00829, "relevance": -0.02676, "mmr": -0.01915, "dpp": -0.00427, "facility_location": -0.0082, "mutual_information": 0.01638, "kcenter": 0.00504, "kmeans_representatives": 0.00615, "delfit_style": 0.00615, "pool_all": 0.0268, "base_only": 0.0}
