/root/miniconda3/lib/python3.12/site-packages/torch/cuda/__init__.py:63: FutureWarning: The pynvml package is deprecated. Please install nvidia-ml-py instead. If you did not install pynvml directly, please report this to the maintainers of the package that installed pynvml for you.
  import pynvml  # type: ignore[import]
{"target": 0, "seed": 101, "random": 0.00069, "relevance": -0.0356, "mmr": -0.01197, "dpp": 0.00135, "facility_location": 0.03349, "mutual_information": 0.01901, "kcenter": 0.01204, "kmeans_representatives": 0.03308, "pool_all": 0.04266, "base_only": 0.0}
{"target": 0, "seed": 202, "random": 0.00517, "relevance": -0.05069, "mmr": -0.02962, "dpp": 0.00505, "facility_location": 0.01815, "mutual_information": 0.01171, "kcenter": -0.0096, "kmeans_representatives": 0.00963, "pool_all": 0.01141, "base_only": 0.0}
{"target": 0, "seed": 303, "random": 0.01423, "relevance": -0.03912, "mmr": -0.01906, "dpp": 0.01244, "facility_location": 0.02751, "mutual_information": 0.02227, "kcenter": -0.00419, "kmeans_representatives": 0.02229, "pool_all": 0.04707, "base_only": 0.0}
{"target": 10, "seed": 101, "random": -0.11964, "relevance": -0.32032, "mmr": -0.41858, "dpp": -0.35914, "facility_location": -0.3068, "mutual_information": -0.30194, "kcenter": -0.03801, "kmeans_representatives": 0.01486, "pool_all": -0.31502, "base_only": 0.0}
{"target": 10, "seed": 202, "random": -0.05666, "relevance": -0.07613, "mmr": -0.09378, "dpp": -0.04059, "facility_location": -0.11376, "mutual_information": -0.00965, "kcenter": -0.0409, "kmeans_representatives": -0.04726, "pool_all": -0.14864, "base_only": 0.0}
{"target": 10, "seed": 303, "random": 0.02071, "relevance": -0.00745, "mmr": -0.27057, "dpp": -0.25268, "facility_location": -0.09008, "mutual_information": 0.04912, "kcenter": -0.03073, "kmeans_representatives": 0.14518, "pool_all": 0.07982, "base_only": 0.0}
{"target": 20, "seed": 101, "random": 0.01859, "relevance": 0.04072, "mmr": -0.04636, "dpp": -0.04011, "facility_location": 0.04329, "mutual_information": 0.04662, "kcenter": -0.06095, "kmeans_representatives": -0.08897, "pool_all": 0.02944, "base_only": 0.0}
{"target": 20, "seed": 202, "random": 0.0052, "relevance": 0.00391, "mmr": -0.09069, "dpp": -0.07224, "facility_location": 0.04168, "mutual_information": 0.00935, "kcenter": -0.0576, "kmeans_representatives": -0.05907, "pool_all": 0.01211, "base_only": 0.0}
{"target": 20, "seed": 303, "random": 0.03162, "relevance": -0.00905, "mmr": -0.06923, "dpp": -0.0585, "facility_location": 0.07156, "mutual_information": 0.05152, "kcenter": 0.00112, "kmeans_representatives": -0.01553, "pool_all": 0.10414, "base_only": 0.0}
{"target": 31, "seed": 101, "random": 0.00684, "relevance": 0.00969, "mmr": 0.01393, "dpp": 0.01239, "facility_location": 0.00135, "mutual_information": 0.02242, "kcenter": 0.01193, "kmeans_representatives": -0.00258, "pool_all": 0.03193, "base_only": 0.0}
{"target": 31, "seed": 202, "random": 0.00515, "relevance": 0.00095, "mmr": 0.01113, "dpp": 0.02012, "facility_location": 0.00291, "mutual_information": 0.02493, "kcenter": 0.02014, "kmeans_representatives": -0.00512, "pool_all": 0.04709, "base_only": 0.0}
{"target": 31, "seed": 303, "random": 0.00273, "relevance": 0.0052, "mmr": 0.00341, "dpp": 0.00754, "facility_location": 0.00378, "mutual_information": 0.00899, "kcenter": 0.00888, "kmeans_representatives": -0.00366, "pool_all": 0.01897, "base_only": 0.0}
{"target": 41, "seed": 101, "random": 0.00182, "relevance": -0.02485, "mmr": -0.03649, "dpp": -0.017, "facility_location": 0.01642, "mutual_information": 0.01782, "kcenter": -0.01691, "kmeans_representatives": -0.01241, "pool_all": 0.02367, "base_only": 0.0}
{"target": 41, "seed": 202, "random": 0.00053, "relevance": -0.02987, "mmr": -0.03158, "dpp": -0.01669, "facility_location": 0.01969, "mutual_information": 0.00129, "kcenter": -0.01674, "kmeans_representatives": -0.01565, "pool_all": 0.00448, "base_only": 0.0}
{"target": 41, "seed": 303, "random": 0.00187, "relevance": -0.03978, "mmr": -0.03627, "dpp": -0.01865, "facility_location": -0.00034, "mutual_information": 0.01092, "kcenter": -0.02451, "kmeans_representatives": -0.01085, "pool_all": 0.00792, "base_only": 0.0}
{"target": 52, "seed": 101, "random": 0.0096, "relevance": 0.00799, "mmr": 0.00694, "dpp": 0.01096, "facility_location": 0.00552, "mutual_information": 0.04075, "kcenter": 0.01703, "kmeans_representatives": 0.00985, "pool_all": 0.04587, "base_only": 0.0}
{"target": 52, "seed": 202, "random": 0.00747, "relevance": 0.00757, "mmr": -0.00038, "dpp": 0.0056, "facility_location": -0.002, "mutual_information": 0.00866, "kcenter": 0.00469, "kmeans_representatives": -0.01153, "pool_all": 0.0227, "base_only": 0.0}
{"target": 52, "seed": 303, "random": 0.0072, "relevance": 0.00843, "mmr": 0.01053, "dpp": 0.0067, "facility_location": -0.00222, "mutual_information": 0.00989, "kcenter": 0.01482, "kmeans_representatives": -0.00581, "pool_all": 0.04418, "base_only": 0.0}
{"target": 62, "seed": 101, "random": -0.00662, "relevance": -0.01903, "mmr": -0.03873, "dpp": -0.0327, "facility_location": 0.00909, "mutual_information": 0.00214, "kcenter": 0.00019, "kmeans_representatives": -0.02626, "pool_all": -0.06344, "base_only": 0.0}
{"target": 62, "seed": 202, "random": -0.00948, "relevance": -0.01858, "mmr": -0.03356, "dpp": -0.01221, "facility_location": 0.00444, "mutual_information": 0.0098, "kcenter": 0.00451, "kmeans_representatives": 0.00534, "pool_all": -0.02973, "base_only": 0.0}
{"target": 62, "seed": 303, "random": -0.02252, "relevance": -0.00973, "mmr": -0.04167, "dpp": -0.02332, "facility_location": 0.01135, "mutual_information": -0.00973, "kcenter": -0.07481, "kmeans_representatives": -0.08653, "pool_all": -0.1327, "base_only": 0.0}
{"target": 73, "seed": 101, "random": 0.02439, "relevance": -0.04516, "mmr": -0.03192, "dpp": 0.01583, "facility_location": 0.01741, "mutual_information": 0.04928, "kcenter": 0.02336, "kmeans_representatives": 0.01801, "pool_all": 0.06048, "base_only": 0.0}
{"target": 73, "seed": 202, "random": 0.02993, "relevance": -0.04565, "mmr": -0.03494, "dpp": 0.00958, "facility_location": 0.00933, "mutual_information": 0.04523, "kcenter": 0.01317, "kmeans_representatives": 0.02165, "pool_all": 0.05807, "base_only": 0.0}
{"target": 73, "seed": 303, "random": 0.00534, "relevance": -0.03697, "mmr": -0.0318, "dpp": 0.00522, "facility_location": -3e-05, "mutual_information": 0.02494, "kcenter": -0.00941, "kmeans_representatives": 0.01264, "pool_all": 0.01848, "base_only": 0.0}
{"target": 83, "seed": 101, "random": 0.00961, "relevance": 0.00672, "mmr": 0.00282, "dpp": -0.01024, "facility_location": 0.01663, "mutual_information": 0.00403, "kcenter": -0.00501, "kmeans_representatives": -0.00451, "pool_all": 0.01165, "base_only": 0.0}
{"target": 83, "seed": 202, "random": -0.00676, "relevance": 0.01421, "mmr": 0.00681, "dpp": 0.00367, "facility_location": 0.00869, "mutual_information": 0.01427, "kcenter": -0.0009, "kmeans_representatives": 0.00108, "pool_all": -0.00362, "base_only": 0.0}
{"target": 83, "seed": 303, "random": 0.00163, "relevance": 0.00627, "mmr": -0.00097, "dpp": 0.00111, "facility_location": 0.01429, "mutual_information": 0.00278, "kcenter": -0.00526, "kmeans_representatives": 0.00171, "pool_all": -0.00214, "base_only": 0.0}
{"target": 94, "seed": 101, "random": 0.01691, "relevance": -0.03309, "mmr": -0.00648, "dpp": 0.01606, "facility_location": 0.00511, "mutual_information": 0.01767, "kcenter": 0.0177, "kmeans_representatives": 0.01788, "pool_all": 0.03333, "base_only": 0.0}
{"target": 94, "seed": 202, "random": 0.02154, "relevance": -0.01094, "mmr": -0.00451, "dpp": 0.01409, "facility_location": 0.00868, "mutual_information": 0.01219, "kcenter": 0.01542, "kmeans_representatives": 0.01712, "pool_all": 0.03423, "base_only": 0.0}
{"target": 94, "seed": 303, "random": 0.01239, "relevance": -0.03007, "mmr": -0.01428, "dpp": 0.00959, "facility_location": 0.01045, "mutual_information": 0.00413, "kcenter": 0.01455, "kmeans_representatives": 0.02114, "pool_all": 0.04879, "base_only": 0.0}
{"target": 104, "seed": 101, "random": 0.03719, "relevance": -0.00991, "mmr": 0.01616, "dpp": 0.04187, "facility_location": 0.01607, "mutual_information": 0.05272, "kcenter": 0.05293, "kmeans_representatives": 0.02211, "pool_all": 0.10308, "base_only": 0.0}
{"target": 104, "seed": 202, "random": 0.0225, "relevance": 0.00235, "mmr": 0.0153, "dpp": 0.02735, "facility_location": 0.00379, "mutual_information": 0.03115, "kcenter": 0.03479, "kmeans_representatives": 0.01165, "pool_all": 0.06576, "base_only": 0.0}
{"target": 104, "seed": 303, "random": 0.03612, "relevance": -0.00411, "mmr": 0.02484, "dpp": 0.04263, "facility_location": 0.01982, "mutual_information": 0.05525, "kcenter": 0.05223, "kmeans_representatives": 0.00736, "pool_all": 0.10759, "base_only": 0.0}
{"target": 114, "seed": 101, "random": 0.00573, "relevance": -0.01707, "mmr": -0.00757, "dpp": -0.00227, "facility_location": 0.01061, "mutual_information": 0.02807, "kcenter": 0.01382, "kmeans_representatives": -0.00348, "pool_all": 0.04342, "base_only": 0.0}
{"target": 114, "seed": 202, "random": 0.0142, "relevance": -0.00451, "mmr": -0.00197, "dpp": -0.00069, "facility_location": 0.01765, "mutual_information": 0.05737, "kcenter": 0.02044, "kmeans_representatives": 0.00258, "pool_all": 0.05955, "base_only": 0.0}
{"target": 114, "seed": 303, "random": 0.01072, "relevance": -0.03379, "mmr": -0.0181, "dpp": 0.00072, "facility_location": 0.01174, "mutual_information": 0.02225, "kcenter": 0.02059, "kmeans_representatives": -0.0068, "pool_all": 0.04415, "base_only": 0.0}
{"target": 125, "seed": 101, "random": -0.0101, "relevance": 0.00181, "mmr": -0.01435, "dpp": -0.00802, "facility_location": -0.00213, "mutual_information": -0.01717, "kcenter": -0.01391, "kmeans_representatives": -0.00407, "pool_all": -0.03838, "base_only": 0.0}
{"target": 125, "seed": 202, "random": -0.00293, "relevance": -0.00413, "mmr": -0.01104, "dpp": -0.00972, "facility_location": -0.00187, "mutual_information": -0.00598, "kcenter": -0.0096, "kmeans_representatives": -0.01925, "pool_all": -0.02677, "base_only": 0.0}
{"target": 125, "seed": 303, "random": -0.00882, "relevance": -9e-05, "mmr": -0.01412, "dpp": -0.01152, "facility_location": -0.00142, "mutual_information": -0.01091, "kcenter": -0.01094, "kmeans_representatives": -0.00768, "pool_all": -0.01927, "base_only": 0.0}
{"target": 135, "seed": 101, "random": 0.01562, "relevance": 0.00448, "mmr": 0.02294, "dpp": 0.03038, "facility_location": 0.02852, "mutual_information": 0.05056, "kcenter": 0.02106, "kmeans_representatives": 0.01102, "pool_all": 0.05571, "base_only": 0.0}
{"target": 135, "seed": 202, "random": 0.02098, "relevance": -0.00743, "mmr": 0.02348, "dpp": 0.04261, "facility_location": 0.03086, "mutual_information": 0.06074, "kcenter": 0.0283, "kmeans_representatives": -0.00342, "pool_all": 0.07086, "base_only": 0.0}
{"target": 135, "seed": 303, "random": 0.01519, "relevance": -7e-05, "mmr": 0.01475, "dpp": 0.0275, "facility_location": 0.02108, "mutual_information": 0.04442, "kcenter": 0.02521, "kmeans_representatives": 0.00554, "pool_all": 0.04633, "base_only": 0.0}
{"target": 146, "seed": 101, "random": 0.02451, "relevance": 0.05046, "mmr": 0.02621, "dpp": 0.02103, "facility_location": 0.03327, "mutual_information": 0.06249, "kcenter": 0.02089, "kmeans_representatives": 0.03058, "pool_all": 0.04519, "base_only": 0.0}
{"target": 146, "seed": 202, "random": 0.01206, "relevance": 0.03617, "mmr": 0.01813, "dpp": 0.01559, "facility_location": 0.02026, "mutual_information": 0.04433, "kcenter": 0.02241, "kmeans_representatives": 0.0203, "pool_all": 0.01552, "base_only": 0.0}
{"target": 146, "seed": 303, "random": 0.01311, "relevance": 0.02562, "mmr": 0.01619, "dpp": 0.01531, "facility_location": 0.00202, "mutual_information": 0.03193, "kcenter": 0.02205, "kmeans_representatives": 0.01643, "pool_all": -0.00602, "base_only": 0.0}
{"target": 156, "seed": 101, "random": 0.01051, "relevance": -0.0282, "mmr": -0.01977, "dpp": -0.00035, "facility_location": 0.00792, "mutual_information": 0.00629, "kcenter": 0.01069, "kmeans_representatives": 0.00409, "pool_all": 0.02561, "base_only": 0.0}
{"target": 156, "seed": 202, "random": 0.01189, "relevance": -0.00875, "mmr": -0.0076, "dpp": 0.00254, "facility_location": 0.01513, "mutual_information": 0.0095, "kcenter": 0.00882, "kmeans_representatives": 0.00297, "pool_all": -0.00595, "base_only": 0.0}
{"target": 156, "seed": 303, "random": 0.01379, "relevance": -0.00616, "mmr": -0.00105, "dpp": 0.00173, "facility_location": 0.00961, "mutual_information": 0.01338, "kcenter": -0.00364, "kmeans_representatives": 0.0061, "pool_all": 0.00403, "base_only": 0.0}
{"target": 167, "seed": 101, "random": -0.00031, "relevance": -0.00398, "mmr": -0.00882, "dpp": 0.00369, "facility_location": 0.00644, "mutual_information": 0.0166, "kcenter": 0.00177, "kmeans_representatives": -0.00244, "pool_all": 0.01605, "base_only": 0.0}
{"target": 167, "seed": 202, "random": 0.00879, "relevance": -0.00747, "mmr": -0.01057, "dpp": 0.00758, "facility_location": 0.01255, "mutual_information": 0.02511, "kcenter": 0.00702, "kmeans_representatives": 0.00982, "pool_all": 0.03086, "base_only": 0.0}
{"target": 167, "seed": 303, "random": 0.00781, "relevance": 0.00059, "mmr": -0.00443, "dpp": 0.00536, "facility_location": 0.01409, "mutual_information": 0.02307, "kcenter": 0.00214, "kmeans_representatives": 0.0052, "pool_all": 0.0288, "base_only": 0.0}
{"target": 177, "seed": 101, "random": 0.00018, "relevance": -0.03118, "mmr": -0.02406, "dpp": -0.02525, "facility_location": -0.01872, "mutual_information": 0.00134, "kcenter": -0.00713, "kmeans_representatives": -0.03333, "pool_all": -0.01499, "base_only": 0.0}
{"target": 177, "seed": 202, "random": 0.0013, "relevance": -0.02131, "mmr": -0.01503, "dpp": -0.01373, "facility_location": -0.00548, "mutual_information": 0.02586, "kcenter": -0.00758, "kmeans_representatives": -0.02026, "pool_all": 0.00126, "base_only": 0.0}
{"target": 177, "seed": 303, "random": 0.00279, "relevance": -0.01939, "mmr": -0.01413, "dpp": -0.0137, "facility_location": -0.00708, "mutual_information": 0.02567, "kcenter": -0.00284, "kmeans_representatives": -0.01586, "pool_all": 0.00829, "base_only": 0.0}
{"target": 188, "seed": 101, "random": 0.02004, "relevance": -0.0008, "mmr": 0.00145, "dpp": 0.0002, "facility_location": 0.02815, "mutual_information": 0.0264, "kcenter": 0.01083, "kmeans_representatives": 0.00225, "pool_all": 0.05444, "base_only": 0.0}
{"target": 188, "seed": 202, "random": 0.02639, "relevance": 0.01152, "mmr": 0.0064, "dpp": -0.00739, "facility_location": 0.02859, "mutual_information": -0.00895, "kcenter": 0.00369, "kmeans_representatives": -0.00498, "pool_all": 0.04624, "base_only": 0.0}
{"target": 188, "seed": 303, "random": 0.01201, "relevance": -0.00806, "mmr": -0.01115, "dpp": -0.01062, "facility_location": 0.01634, "mutual_information": 0.03298, "kcenter": 0.00479, "kmeans_representatives": -0.00648, "pool_all": 0.04392, "base_only": 0.0}
{"target": 198, "seed": 101, "random": 0.00712, "relevance": -0.02408, "mmr": -0.00555, "dpp": 0.00796, "facility_location": 0.02468, "mutual_information": 0.04077, "kcenter": 0.00435, "kmeans_representatives": 0.0149, "pool_all": 0.00723, "base_only": 0.0}
{"target": 198, "seed": 202, "random": 0.02004, "relevance": -0.00775, "mmr": -0.00999, "dpp": -0.00192, "facility_location": 0.02483, "mutual_information": 0.04137, "kcenter": -0.01538, "kmeans_representatives": 0.01195, "pool_all": 0.00843, "base_only": 0.0}
{"target": 198, "seed": 303, "random": 0.01867, "relevance": 0.02659, "mmr": 0.01474, "dpp": 0.01985, "facility_location": 0.03543, "mutual_information": 0.04173, "kcenter": 0.00054, "kmeans_representatives": 0.0167, "pool_all": 0.01044, "base_only": 0.0}
{"target": 209, "seed": 101, "random": -0.01927, "relevance": -0.07626, "mmr": -0.07297, "dpp": -0.02835, "facility_location": -0.00703, "mutual_information": 0.00881, "kcenter": -0.00967, "kmeans_representatives": -0.04863, "pool_all": -0.05133, "base_only": 0.0}
{"target": 209, "seed": 202, "random": -0.01252, "relevance": -0.03403, "mmr": -0.0351, "dpp": -0.01022, "facility_location": 0.00072, "mutual_information": -0.0022, "kcenter": -0.00467, "kmeans_representatives": 0.00294, "pool_all": -0.03084, "base_only": 0.0}
{"target": 209, "seed": 303, "random": -0.00297, "relevance": -0.10438, "mmr": -0.1014, "dpp": -0.04375, "facility_location": -0.00183, "mutual_information": 0.01278, "kcenter": 0.00568, "kmeans_representatives": 0.00953, "pool_all": -0.00053, "base_only": 0.0}
{"target": 219, "seed": 101, "random": 0.00408, "relevance": 0.01042, "mmr": -0.01416, "dpp": -0.01021, "facility_location": 0.00335, "mutual_information": 0.02621, "kcenter": 0.01259, "kmeans_representatives": 0.0042, "pool_all": 0.02539, "base_only": 0.0}
{"target": 219, "seed": 202, "random": -0.00136, "relevance": -0.00254, "mmr": -0.00708, "dpp": -0.00388, "facility_location": -0.00302, "mutual_information": 0.01184, "kcenter": 0.01216, "kmeans_representatives": 0.00024, "pool_all": 0.03376, "base_only": 0.0}
{"target": 219, "seed": 303, "random": 0.00383, "relevance": 0.00466, "mmr": -0.00461, "dpp": -0.00326, "facility_location": 0.00934, "mutual_information": 0.02098, "kcenter": 0.01779, "kmeans_representatives": -0.00375, "pool_all": 0.03599, "base_only": 0.0}
{"target": 229, "seed": 101, "random": 0.00924, "relevance": -0.00923, "mmr": -0.00862, "dpp": 0.00244, "facility_location": 0.00735, "mutual_information": 0.01431, "kcenter": -0.00063, "kmeans_representatives": -0.0028, "pool_all": 0.01136, "base_only": 0.0}
{"target": 229, "seed": 202, "random": 0.01823, "relevance": -0.01152, "mmr": -0.0071, "dpp": 0.00312, "facility_location": 0.01196, "mutual_information": 0.03101, "kcenter": 0.00548, "kmeans_representatives": -0.00354, "pool_all": 0.03422, "base_only": 0.0}
{"target": 229, "seed": 303, "random": 0.0118, "relevance": 0.00031, "mmr": -0.00533, "dpp": 0.00409, "facility_location": 0.01804, "mutual_information": 0.01791, "kcenter": 0.00305, "kmeans_representatives": 0.00475, "pool_all": 0.02926, "base_only": 0.0}
{"target": 240, "seed": 101, "random": -0.0058, "relevance": -0.14781, "mmr": -0.16774, "dpp": -0.02556, "facility_location": -0.02707, "mutual_information": 0.02178, "kcenter": 0.00491, "kmeans_representatives": 0.00661, "pool_all": 0.05841, "base_only": 0.0}
{"target": 240, "seed": 202, "random": 5e-05, "relevance": -0.11234, "mmr": -0.16131, "dpp": -0.00105, "facility_location": -0.032, "mutual_information": -0.06639, "kcenter": 0.00301, "kmeans_representatives": 0.00486, "pool_all": 0.04409, "base_only": 0.0}
{"target": 240, "seed": 303, "random": 0.01045, "relevance": -0.0609, "mmr": -0.08564, "dpp": -0.02532, "facility_location": 0.02408, "mutual_information": 0.02725, "kcenter": 0.00566, "kmeans_representatives": -0.02718, "pool_all": 0.06571, "base_only": 0.0}
{"target": 250, "seed": 101, "random": 0.03197, "relevance": -0.0625, "mmr": -0.018, "dpp": 0.01327, "facility_location": 0.03477, "mutual_information": 0.01128, "kcenter": 0.03587, "kmeans_representatives": -0.00928, "pool_all": 0.09551, "base_only": 0.0}
{"target": 250, "seed": 202, "random": 0.0445, "relevance": -0.03773, "mmr": -0.04092, "dpp": -0.01205, "facility_location": 0.05425, "mutual_information": 0.01787, "kcenter": 0.01662, "kmeans_representatives": 0.00386, "pool_all": 0.1054, "base_only": 0.0}
{"target": 250, "seed": 303, "random": 0.04333, "relevance": -0.00572, "mmr": -0.00623, "dpp": 0.0152, "facility_location": 0.0501, "mutual_information": 0.02557, "kcenter": 0.03066, "kmeans_representatives": 0.00884, "pool_all": 0.12391, "base_only": 0.0}
{"target": 261, "seed": 101, "random": -0.00806, "relevance": -0.03436, "mmr": -0.01482, "dpp": -0.01381, "facility_location": -0.01492, "mutual_information": -0.01421, "kcenter": -0.01438, "kmeans_representatives": 0.00963, "pool_all": -0.02197, "base_only": 0.0}
{"target": 261, "seed": 202, "random": -0.03028, "relevance": -0.12767, "mmr": -0.09689, "dpp": -0.09243, "facility_location": -0.10413, "mutual_information": -0.16187, "kcenter": -0.00586, "kmeans_representatives": -0.01332, "pool_all": -0.08854, "base_only": 0.0}
{"target": 261, "seed": 303, "random": -0.02753, "relevance": -0.02568, "mmr": -0.01674, "dpp": -0.00947, "facility_location": -0.01791, "mutual_information": -0.05738, "kcenter": -0.02443, "kmeans_representatives": 0.02846, "pool_all": -0.01822, "base_only": 0.0}
{"target": 271, "seed": 101, "random": 0.02599, "relevance": -0.06573, "mmr": -0.06224, "dpp": -0.01092, "facility_location": 0.06011, "mutual_information": 0.04626, "kcenter": -0.00638, "kmeans_representatives": 0.02265, "pool_all": 0.03651, "base_only": 0.0}
{"target": 271, "seed": 202, "random": 0.01804, "relevance": -0.05622, "mmr": -0.04702, "dpp": -0.00742, "facility_location": 0.03369, "mutual_information": 0.03879, "kcenter": -0.00115, "kmeans_representatives": 0.01219, "pool_all": 0.02577, "base_only": 0.0}
{"target": 271, "seed": 303, "random": 0.02101, "relevance": -0.04789, "mmr": -0.03808, "dpp": 0.00309, "facility_location": 0.03599, "mutual_information": 0.06039, "kcenter": 0.00863, "kmeans_representatives": 0.01905, "pool_all": 0.02286, "base_only": 0.0}
{"target": 282, "seed": 101, "random": 0.00757, "relevance": -0.01053, "mmr": -0.01072, "dpp": -0.00089, "facility_location": 0.02377, "mutual_information": 0.01811, "kcenter": -0.00168, "kmeans_representatives": 0.00494, "pool_all": -0.00558, "base_only": 0.0}
{"target": 282, "seed": 202, "random": 0.00535, "relevance": 0.0022, "mmr": 0.00594, "dpp": 0.01213, "facility_location": 0.01955, "mutual_information": 0.01931, "kcenter": 0.00208, "kmeans_representatives": 0.01535, "pool_all": 0.0018, "base_only": 0.0}
{"target": 282, "seed": 303, "random": 0.01596, "relevance": -0.01166, "mmr": 0.0027, "dpp": 0.00665, "facility_location": 0.0222, "mutual_information": 0.0231, "kcenter": -0.00036, "kmeans_representatives": 0.01594, "pool_all": 0.01286, "base_only": 0.0}
{"target": 292, "seed": 101, "random": 0.04767, "relevance": -0.01302, "mmr": -0.0002, "dpp": 0.0423, "facility_location": 0.05845, "mutual_information": 0.06236, "kcenter": 0.02788, "kmeans_representatives": 0.04084, "pool_all": 0.11283, "base_only": 0.0}
{"target": 292, "seed": 202, "random": 0.04787, "relevance": -0.02416, "mmr": -0.01677, "dpp": 0.0346, "facility_location": 0.05198, "mutual_information": 0.05411, "kcenter": 0.01663, "kmeans_representatives": 0.03426, "pool_all": 0.10422, "base_only": 0.0}
{"target": 292, "seed": 303, "random": 0.05265, "relevance": -0.01323, "mmr": -0.00177, "dpp": 0.0364, "facility_location": 0.06728, "mutual_information": 0.09503, "kcenter": 0.01763, "kmeans_representatives": 0.03136, "pool_all": 0.13257, "base_only": 0.0}
{"target": 303, "seed": 101, "random": 0.00821, "relevance": 0.00143, "mmr": 0.00132, "dpp": 0.0083, "facility_location": 0.0063, "mutual_information": 0.00919, "kcenter": 0.00244, "kmeans_representatives": 0.00659, "pool_all": 0.01613, "base_only": 0.0}
{"target": 303, "seed": 202, "random": 0.00301, "relevance": 0.00439, "mmr": 0.00722, "dpp": 0.00128, "facility_location": 0.00724, "mutual_information": 0.00868, "kcenter": -0.00319, "kmeans_representatives": 0.00695, "pool_all": 0.02181, "base_only": 0.0}
{"target": 303, "seed": 303, "random": 0.01252, "relevance": 0.00583, "mmr": 0.00097, "dpp": 0.00168, "facility_location": 0.01011, "mutual_information": 0.01081, "kcenter": -0.00471, "kmeans_representatives": 0.00303, "pool_all": 0.01875, "base_only": 0.0}
{"target": 313, "seed": 101, "random": 0.04341, "relevance": 0.00753, "mmr": 0.02858, "dpp": 0.03135, "facility_location": 0.03956, "mutual_information": 0.05618, "kcenter": 0.04794, "kmeans_representatives": 0.02948, "pool_all": 0.1266, "base_only": 0.0}
{"target": 313, "seed": 202, "random": 0.04679, "relevance": 0.00643, "mmr": 0.02082, "dpp": 0.02006, "facility_location": 0.04403, "mutual_information": 0.06083, "kcenter": 0.06577, "kmeans_representatives": 0.03821, "pool_all": 0.12652, "base_only": 0.0}
{"target": 313, "seed": 303, "random": 0.03503, "relevance": -0.00206, "mmr": 0.01322, "dpp": 0.02654, "facility_location": 0.03655, "mutual_information": 0.08105, "kcenter": 0.04551, "kmeans_representatives": 0.06562, "pool_all": 0.11703, "base_only": 0.0}
{"target": 324, "seed": 101, "random": 0.00407, "relevance": -0.02564, "mmr": -0.05751, "dpp": -0.03608, "facility_location": 0.00091, "mutual_information": -0.04357, "kcenter": -0.02057, "kmeans_representatives": -0.01199, "pool_all": 0.01501, "base_only": 0.0}
{"target": 324, "seed": 202, "random": 0.02258, "relevance": -0.01079, "mmr": -0.02022, "dpp": -0.01706, "facility_location": 0.01639, "mutual_information": 0.00025, "kcenter": 0.00906, "kmeans_representatives": 0.02441, "pool_all": 0.0397, "base_only": 0.0}
{"target": 324, "seed": 303, "random": 0.01292, "relevance": 0.04244, "mmr": -0.0183, "dpp": -0.03143, "facility_location": 0.03788, "mutual_information": 0.06439, "kcenter": 0.00608, "kmeans_representatives": 0.04579, "pool_all": 0.08669, "base_only": 0.0}
