/root/miniconda3/lib/python3.12/site-packages/torch/cuda/__init__.py:63: FutureWarning: The pynvml package is deprecated. Please install nvidia-ml-py instead. If you did not install pynvml directly, please report this to the maintainers of the package that installed pynvml for you.
  import pynvml  # type: ignore[import]
{"mode": "correlated", "target": 0, "seed": 101, "relevance": -0.02891, "mmr": -0.02344, "dpp": -0.02256, "pool_all": 0.04281, "random": -0.00069, "oracle_static": 0.15651}
{"mode": "correlated", "target": 0, "seed": 202, "relevance": -0.01059, "mmr": -0.02112, "dpp": -0.0234, "pool_all": 0.03921, "random": -0.00801, "oracle_static": 0.15797}
{"mode": "correlated", "target": 0, "seed": 303, "relevance": -0.02441, "mmr": -0.02088, "dpp": -0.02003, "pool_all": 0.02217, "random": -0.00362, "oracle_static": 0.15945}
{"mode": "correlated", "target": 29, "seed": 101, "relevance": -0.00526, "mmr": -0.0039, "dpp": -0.00219, "pool_all": 0.0238, "random": 0.00405, "oracle_static": 0.16794}
{"mode": "correlated", "target": 29, "seed": 202, "relevance": 0.00507, "mmr": 0.00028, "dpp": -0.00664, "pool_all": 0.01754, "random": -0.01049, "oracle_static": 0.16275}
{"mode": "correlated", "target": 29, "seed": 303, "relevance": -0.00831, "mmr": 0.00245, "dpp": -0.00856, "pool_all": 0.01264, "random": -0.00935, "oracle_static": 0.17385}
{"mode": "correlated", "target": 58, "seed": 101, "relevance": -0.0066, "mmr": -0.00562, "dpp": -0.00552, "pool_all": 0.01921, "random": 0.00469, "oracle_static": 0.16543}
{"mode": "correlated", "target": 58, "seed": 202, "relevance": -0.01408, "mmr": -0.01632, "dpp": -0.0017, "pool_all": -0.00449, "random": -0.01548, "oracle_static": 0.14204}
{"mode": "correlated", "target": 58, "seed": 303, "relevance": -0.01445, "mmr": -0.00873, "dpp": -0.02237, "pool_all": 0.00313, "random": -0.0073, "oracle_static": 0.188}
{"mode": "correlated", "target": 88, "seed": 101, "relevance": -0.00383, "mmr": -0.0076, "dpp": -0.01169, "pool_all": -0.00092, "random": -0.00614, "oracle_static": 0.10331}
{"mode": "correlated", "target": 88, "seed": 202, "relevance": -0.00963, "mmr": -0.01727, "dpp": -0.01408, "pool_all": -0.00312, "random": -0.00094, "oracle_static": 0.10691}
{"mode": "correlated", "target": 88, "seed": 303, "relevance": -0.00795, "mmr": -0.01957, "dpp": -0.02258, "pool_all": -0.00301, "random": -0.016, "oracle_static": 0.12288}
{"mode": "correlated", "target": 117, "seed": 101, "relevance": 0.01472, "mmr": 0.00486, "dpp": 0.01114, "pool_all": 0.01721, "random": 0.0021, "oracle_static": 0.16203}
{"mode": "correlated", "target": 117, "seed": 202, "relevance": -0.01151, "mmr": -0.00809, "dpp": -0.00475, "pool_all": 0.01451, "random": -0.00411, "oracle_static": 0.17142}
{"mode": "correlated", "target": 117, "seed": 303, "relevance": 0.0003, "mmr": -0.01087, "dpp": -0.00612, "pool_all": 0.00391, "random": -0.01118, "oracle_static": 0.178}
{"mode": "correlated", "target": 147, "seed": 101, "relevance": -0.0143, "mmr": -0.00918, "dpp": -0.02158, "pool_all": -0.01381, "random": -0.01143, "oracle_static": 0.10215}
{"mode": "correlated", "target": 147, "seed": 202, "relevance": -0.0019, "mmr": -0.00179, "dpp": -0.00642, "pool_all": -0.00547, "random": -0.00059, "oracle_static": 0.10846}
{"mode": "correlated", "target": 147, "seed": 303, "relevance": -0.00866, "mmr": -0.00432, "dpp": -0.00716, "pool_all": -0.0102, "random": -0.00794, "oracle_static": 0.12677}
{"mode": "correlated", "target": 176, "seed": 101, "relevance": 0.0021, "mmr": 0.00497, "dpp": 0.00323, "pool_all": 0.02332, "random": 0.0087, "oracle_static": 0.13928}
{"mode": "correlated", "target": 176, "seed": 202, "relevance": -0.00435, "mmr": -0.00838, "dpp": -0.01753, "pool_all": 0.01354, "random": 0.00184, "oracle_static": 0.13392}
{"mode": "correlated", "target": 176, "seed": 303, "relevance": -0.01794, "mmr": -0.01191, "dpp": -0.02333, "pool_all": 0.00204, "random": -0.01489, "oracle_static": 0.15197}
{"mode": "correlated", "target": 206, "seed": 101, "relevance": -0.02349, "mmr": -0.0172, "dpp": -0.02406, "pool_all": 0.03093, "random": 0.01281, "oracle_static": 0.17177}
{"mode": "correlated", "target": 206, "seed": 202, "relevance": -0.00456, "mmr": -0.00677, "dpp": -0.00743, "pool_all": 0.02408, "random": 0.00238, "oracle_static": 0.16684}
{"mode": "correlated", "target": 206, "seed": 303, "relevance": -0.00702, "mmr": -0.01116, "dpp": -0.01437, "pool_all": 0.01031, "random": 0.00269, "oracle_static": 0.17213}
{"mode": "mid", "target": 0, "seed": 101, "relevance": 0.01376, "mmr": 0.00062, "dpp": 0.00412, "pool_all": 0.01386, "random": 0.0028, "oracle_static": 0.132}
{"mode": "mid", "target": 0, "seed": 202, "relevance": -0.00507, "mmr": -0.01341, "dpp": -0.01548, "pool_all": 0.00322, "random": -0.00256, "oracle_static": 0.12861}
{"mode": "mid", "target": 0, "seed": 303, "relevance": -0.00134, "mmr": -0.01656, "dpp": -0.01214, "pool_all": 0.00307, "random": -0.00547, "oracle_static": 0.12481}
{"mode": "mid", "target": 29, "seed": 101, "relevance": 0.01561, "mmr": 0.00968, "dpp": -0.00305, "pool_all": 0.0307, "random": 0.00139, "oracle_static": 0.14947}
{"mode": "mid", "target": 29, "seed": 202, "relevance": 0.00763, "mmr": -0.00256, "dpp": -0.01345, "pool_all": 0.0225, "random": 0.00609, "oracle_static": 0.13617}
{"mode": "mid", "target": 29, "seed": 303, "relevance": 0.00986, "mmr": 0.00138, "dpp": -0.0168, "pool_all": 0.01857, "random": -0.00314, "oracle_static": 0.15521}
{"mode": "mid", "target": 58, "seed": 101, "relevance": -0.01613, "mmr": -0.02954, "dpp": -0.02886, "pool_all": 0.00319, "random": 0.00268, "oracle_static": 0.15117}
{"mode": "mid", "target": 58, "seed": 202, "relevance": -0.01111, "mmr": -0.01915, "dpp": -0.0189, "pool_all": -0.00589, "random": -0.00338, "oracle_static": 0.13122}
{"mode": "mid", "target": 58, "seed": 303, "relevance": -0.0002, "mmr": -0.013, "dpp": -0.01773, "pool_all": -0.00055, "random": 0.00286, "oracle_static": 0.15917}
{"mode": "mid", "target": 88, "seed": 101, "relevance": 0.00822, "mmr": 0.00384, "dpp": -0.00084, "pool_all": 0.00784, "random": -0.00021, "oracle_static": 0.0941}
{"mode": "mid", "target": 88, "seed": 202, "relevance": -0.00156, "mmr": -0.00145, "dpp": -0.00133, "pool_all": 0.00472, "random": -0.00455, "oracle_static": 0.09083}
{"mode": "mid", "target": 88, "seed": 303, "relevance": -0.00056, "mmr": -0.00568, "dpp": -0.01055, "pool_all": 0.0029, "random": -0.00959, "oracle_static": 0.11151}
{"mode": "mid", "target": 117, "seed": 101, "relevance": 0.00671, "mmr": 0.00127, "dpp": 0.00699, "pool_all": 0.01214, "random": -0.00072, "oracle_static": 0.13022}
{"mode": "mid", "target": 117, "seed": 202, "relevance": -0.00659, "mmr": -0.02339, "dpp": -0.01671, "pool_all": -0.00394, "random": -0.00554, "oracle_static": 0.14492}
{"mode": "mid", "target": 117, "seed": 303, "relevance": -0.00632, "mmr": -0.01679, "dpp": -0.0115, "pool_all": -0.00614, "random": -0.00784, "oracle_static": 0.16385}
{"mode": "mid", "target": 147, "seed": 101, "relevance": -0.00654, "mmr": -0.00648, "dpp": -0.00506, "pool_all": -0.01185, "random": -0.0048, "oracle_static": 0.08204}
{"mode": "mid", "target": 147, "seed": 202, "relevance": -0.00651, "mmr": -0.00436, "dpp": -0.00548, "pool_all": -0.0101, "random": -0.00516, "oracle_static": 0.08837}
{"mode": "mid", "target": 147, "seed": 303, "relevance": -0.00869, "mmr": -0.00615, "dpp": -0.00485, "pool_all": -0.01252, "random": -0.01066, "oracle_static": 0.10331}
{"mode": "mid", "target": 176, "seed": 101, "relevance": 0.01884, "mmr": 0.00914, "dpp": 0.00926, "pool_all": 0.01562, "random": -0.00618, "oracle_static": 0.1157}
{"mode": "mid", "target": 176, "seed": 202, "relevance": 0.00991, "mmr": 0.00669, "dpp": 0.00928, "pool_all": 0.01832, "random": 0.00098, "oracle_static": 0.11196}
{"mode": "mid", "target": 176, "seed": 303, "relevance": 0.00151, "mmr": -0.00706, "dpp": -0.00391, "pool_all": 0.01201, "random": 0.00222, "oracle_static": 0.12831}
{"mode": "mid", "target": 206, "seed": 101, "relevance": 0.00126, "mmr": -0.00183, "dpp": -0.00033, "pool_all": 0.02284, "random": 0.00408, "oracle_static": 0.16602}
{"mode": "mid", "target": 206, "seed": 202, "relevance": -0.00713, "mmr": -0.01021, "dpp": -0.00978, "pool_all": 0.01462, "random": 0.00173, "oracle_static": 0.14823}
{"mode": "mid", "target": 206, "seed": 303, "relevance": -0.00189, "mmr": -0.00474, "dpp": -0.00567, "pool_all": 0.01198, "random": -0.00412, "oracle_static": 0.17339}
{"mode": "anticorrelated", "target": 0, "seed": 101, "relevance": 0.02723, "mmr": 0.0194, "dpp": 0.02274, "pool_all": 0.02004, "random": -0.00033, "oracle_static": 0.12887}
{"mode": "anticorrelated", "target": 0, "seed": 202, "relevance": 0.0284, "mmr": 0.02673, "dpp": 0.02619, "pool_all": 0.02322, "random": 0.00413, "oracle_static": 0.12683}
{"mode": "anticorrelated", "target": 0, "seed": 303, "relevance": 0.00938, "mmr": 0.00489, "dpp": 0.00763, "pool_all": 0.01036, "random": -0.00298, "oracle_static": 0.12599}
{"mode": "anticorrelated", "target": 29, "seed": 101, "relevance": 0.01087, "mmr": 0.0081, "dpp": 0.00381, "pool_all": 0.01692, "random": 0.00289, "oracle_static": 0.10568}
{"mode": "anticorrelated", "target": 29, "seed": 202, "relevance": 0.01835, "mmr": 0.0141, "dpp": 0.01168, "pool_all": 0.01125, "random": 0.00255, "oracle_static": 0.1037}
{"mode": "anticorrelated", "target": 29, "seed": 303, "relevance": 0.0079, "mmr": 0.00072, "dpp": 0.00181, "pool_all": -0.0023, "random": 0.00125, "oracle_static": 0.11717}
{"mode": "anticorrelated", "target": 58, "seed": 101, "relevance": 0.02671, "mmr": 0.02668, "dpp": 0.02088, "pool_all": 0.01792, "random": 0.00648, "oracle_static": 0.1253}
{"mode": "anticorrelated", "target": 58, "seed": 202, "relevance": 0.00514, "mmr": 0.00174, "dpp": 0.00305, "pool_all": -0.00679, "random": -0.0012, "oracle_static": 0.12889}
{"mode": "anticorrelated", "target": 58, "seed": 303, "relevance": 0.00635, "mmr": 0.00412, "dpp": 0.00645, "pool_all": -0.00669, "random": 0.00233, "oracle_static": 0.14374}
{"mode": "anticorrelated", "target": 88, "seed": 101, "relevance": -0.00093, "mmr": -0.00333, "dpp": -0.00071, "pool_all": 0.00514, "random": 0.00362, "oracle_static": 0.07221}
{"mode": "anticorrelated", "target": 88, "seed": 202, "relevance": -0.00167, "mmr": -0.00431, "dpp": -0.00433, "pool_all": 0.00021, "random": -0.00221, "oracle_static": 0.07176}
{"mode": "anticorrelated", "target": 88, "seed": 303, "relevance": -0.00838, "mmr": -0.01295, "dpp": -0.01337, "pool_all": -0.00618, "random": -0.00132, "oracle_static": 0.08298}
{"mode": "anticorrelated", "target": 117, "seed": 101, "relevance": 0.01011, "mmr": 0.00134, "dpp": 0.00339, "pool_all": 0.00871, "random": 0.00679, "oracle_static": 0.10786}
{"mode": "anticorrelated", "target": 117, "seed": 202, "relevance": 0.00388, "mmr": -0.00379, "dpp": -0.00609, "pool_all": -0.00963, "random": 0.00277, "oracle_static": 0.12061}
{"mode": "anticorrelated", "target": 117, "seed": 303, "relevance": 0.01058, "mmr": 0.00243, "dpp": 0.00067, "pool_all": -0.00497, "random": -0.00714, "oracle_static": 0.13584}
{"mode": "anticorrelated", "target": 147, "seed": 101, "relevance": -0.00266, "mmr": -0.00376, "dpp": -0.00502, "pool_all": -0.01327, "random": -0.00207, "oracle_static": 0.06793}
{"mode": "anticorrelated", "target": 147, "seed": 202, "relevance": -0.00283, "mmr": -0.00549, "dpp": -0.00659, "pool_all": -0.01335, "random": -0.00503, "oracle_static": 0.07626}
{"mode": "anticorrelated", "target": 147, "seed": 303, "relevance": -0.00962, "mmr": -0.0167, "dpp": -0.02073, "pool_all": -0.01541, "random": -0.0052, "oracle_static": 0.0763}
{"mode": "anticorrelated", "target": 176, "seed": 101, "relevance": 0.0029, "mmr": -0.00037, "dpp": 0.00272, "pool_all": 0.00662, "random": 0.00026, "oracle_static": 0.07525}
{"mode": "anticorrelated", "target": 176, "seed": 202, "relevance": 0.0033, "mmr": 0.00109, "dpp": 0.00184, "pool_all": 0.00509, "random": 0.00553, "oracle_static": 0.07713}
{"mode": "anticorrelated", "target": 176, "seed": 303, "relevance": -0.00022, "mmr": -0.00424, "dpp": -0.00308, "pool_all": 0.0008, "random": -0.00089, "oracle_static": 0.08902}
{"mode": "anticorrelated", "target": 206, "seed": 101, "relevance": 0.00048, "mmr": 0.00277, "dpp": 0.00804, "pool_all": -0.00512, "random": -0.00157, "oracle_static": 0.10915}
{"mode": "anticorrelated", "target": 206, "seed": 202, "relevance": 0.00499, "mmr": -0.00271, "dpp": 0.00077, "pool_all": -0.00481, "random": -0.00557, "oracle_static": 0.10077}
{"mode": "anticorrelated", "target": 206, "seed": 303, "relevance": 0.00103, "mmr": 0.00036, "dpp": 0.00258, "pool_all": -0.00911, "random": -0.00607, "oracle_static": 0.11963}
