/root/miniconda3/lib/python3.12/site-packages/torch/cuda/__init__.py:63: FutureWarning: The pynvml package is deprecated. Please install nvidia-ml-py instead. If you did not install pynvml directly, please report this to the maintainers of the package that installed pynvml for you.
  import pynvml  # type: ignore[import]
{"mode": "correlated", "target": 0, "seed": 101, "relevance": -0.02844, "mmr": -0.00762, "dpp": -0.01062, "pool_all": 0.02864, "random": 0.00972, "oracle_static": 0.14644}
{"mode": "correlated", "target": 0, "seed": 202, "relevance": -0.0356, "mmr": -0.01607, "dpp": 0.00132, "pool_all": -0.00795, "random": -0.0012, "oracle_static": 0.1087}
{"mode": "correlated", "target": 0, "seed": 303, "relevance": -0.03067, "mmr": -0.0119, "dpp": 0.01476, "pool_all": 0.03867, "random": 0.00726, "oracle_static": 0.1599}
{"mode": "correlated", "target": 46, "seed": 101, "relevance": -0.36784, "mmr": -0.52874, "dpp": -0.5298, "pool_all": -0.3544, "random": -0.12777, "oracle_static": 0.37983}
{"mode": "correlated", "target": 46, "seed": 202, "relevance": -0.08299, "mmr": -0.14179, "dpp": -0.13499, "pool_all": -0.16813, "random": -0.05061, "oracle_static": 0.2714}
{"mode": "correlated", "target": 46, "seed": 303, "relevance": -0.01657, "mmr": -0.16221, "dpp": -0.16403, "pool_all": -0.04691, "random": -0.02749, "oracle_static": 0.40807}
{"mode": "correlated", "target": 92, "seed": 101, "relevance": -0.03892, "mmr": -0.02612, "dpp": -0.0225, "pool_all": 0.02207, "random": 0.00457, "oracle_static": 0.15727}
{"mode": "correlated", "target": 92, "seed": 202, "relevance": 0.00963, "mmr": -0.00234, "dpp": -0.01802, "pool_all": 0.00522, "random": 0.00711, "oracle_static": 0.12806}
{"mode": "correlated", "target": 92, "seed": 303, "relevance": 0.04391, "mmr": 0.04777, "dpp": 0.01689, "pool_all": 0.02742, "random": 0.0322, "oracle_static": 0.18249}
{"mode": "correlated", "target": 138, "seed": 101, "relevance": -0.05789, "mmr": -0.08511, "dpp": -0.00517, "pool_all": 0.04843, "random": 0.01632, "oracle_static": 0.11473}
{"mode": "correlated", "target": 138, "seed": 202, "relevance": -0.03592, "mmr": -0.07179, "dpp": -0.00269, "pool_all": 0.04455, "random": 0.0098, "oracle_static": 0.12286}
{"mode": "correlated", "target": 138, "seed": 303, "relevance": -0.04905, "mmr": -0.0705, "dpp": -0.00885, "pool_all": 0.05187, "random": 0.01329, "oracle_static": 0.12399}
{"mode": "correlated", "target": 185, "seed": 101, "relevance": 0.01082, "mmr": 0.01839, "dpp": 0.0121, "pool_all": 0.05157, "random": 0.00973, "oracle_static": 0.1501}
{"mode": "correlated", "target": 185, "seed": 202, "relevance": 0.00781, "mmr": 0.01296, "dpp": 0.0078, "pool_all": 0.03684, "random": 0.01348, "oracle_static": 0.14528}
{"mode": "correlated", "target": 185, "seed": 303, "relevance": 0.00187, "mmr": 0.00474, "dpp": -0.00244, "pool_all": 0.02399, "random": 0.00664, "oracle_static": 0.13252}
{"mode": "correlated", "target": 231, "seed": 101, "relevance": -0.00742, "mmr": -0.0043, "dpp": 0.00911, "pool_all": 0.0083, "random": 0.01307, "oracle_static": 0.10528}
{"mode": "correlated", "target": 231, "seed": 202, "relevance": -0.01369, "mmr": -0.00489, "dpp": 0.01104, "pool_all": 0.02478, "random": 0.01741, "oracle_static": 0.11071}
{"mode": "correlated", "target": 231, "seed": 303, "relevance": -0.01687, "mmr": -0.01485, "dpp": 0.0073, "pool_all": 0.00996, "random": 0.0139, "oracle_static": 0.10239}
{"mode": "correlated", "target": 277, "seed": 101, "relevance": -0.04224, "mmr": -0.04776, "dpp": -0.00314, "pool_all": 0.06085, "random": 0.02016, "oracle_static": 0.14657}
{"mode": "correlated", "target": 277, "seed": 202, "relevance": -0.04576, "mmr": -0.05011, "dpp": 0.00234, "pool_all": 0.09148, "random": 0.02623, "oracle_static": 0.17164}
{"mode": "correlated", "target": 277, "seed": 303, "relevance": -0.03834, "mmr": -0.03461, "dpp": -0.00112, "pool_all": 0.05735, "random": 0.00829, "oracle_static": 0.15024}
{"mode": "correlated", "target": 324, "seed": 101, "relevance": 0.00322, "mmr": -0.04424, "dpp": -0.03924, "pool_all": 0.07362, "random": 0.02533, "oracle_static": 0.27096}
{"mode": "correlated", "target": 324, "seed": 202, "relevance": 0.00048, "mmr": -0.02395, "dpp": -0.01324, "pool_all": 0.04988, "random": 0.02265, "oracle_static": 0.2092}
{"mode": "correlated", "target": 324, "seed": 303, "relevance": 0.03041, "mmr": -0.05553, "dpp": -0.05423, "pool_all": 0.09049, "random": 0.0362, "oracle_static": 0.30205}
{"mode": "mid", "target": 0, "seed": 101, "relevance": 0.03388, "mmr": 0.02208, "dpp": 0.01807, "pool_all": 0.02372, "random": 0.00987, "oracle_static": 0.12445}
{"mode": "mid", "target": 0, "seed": 202, "relevance": 0.01444, "mmr": 0.00567, "dpp": 0.00249, "pool_all": -0.00901, "random": -0.00492, "oracle_static": 0.09259}
{"mode": "mid", "target": 0, "seed": 303, "relevance": 0.02385, "mmr": 0.00671, "dpp": 0.01409, "pool_all": 0.00726, "random": 0.00927, "oracle_static": 0.12798}
{"mode": "mid", "target": 46, "seed": 101, "relevance": 0.03795, "mmr": 0.02704, "dpp": 0.03048, "pool_all": 0.03029, "random": 0.00421, "oracle_static": 0.2409}
{"mode": "mid", "target": 46, "seed": 202, "relevance": -0.02043, "mmr": 0.00317, "dpp": -0.00604, "pool_all": -0.02921, "random": -0.01297, "oracle_static": 0.22049}
{"mode": "mid", "target": 46, "seed": 303, "relevance": 0.01452, "mmr": 0.02592, "dpp": 0.01715, "pool_all": 4e-05, "random": 0.00351, "oracle_static": 0.21816}
{"mode": "mid", "target": 92, "seed": 101, "relevance": 0.02197, "mmr": 0.01615, "dpp": 0.0222, "pool_all": 0.01534, "random": 0.01005, "oracle_static": 0.13366}
{"mode": "mid", "target": 92, "seed": 202, "relevance": 0.01399, "mmr": 0.00241, "dpp": 0.00652, "pool_all": -0.0123, "random": 0.00172, "oracle_static": 0.10333}
{"mode": "mid", "target": 92, "seed": 303, "relevance": 0.0215, "mmr": 0.01345, "dpp": 0.02172, "pool_all": 0.01354, "random": 0.00889, "oracle_static": 0.14253}
{"mode": "mid", "target": 138, "seed": 101, "relevance": 0.00584, "mmr": 0.00818, "dpp": 0.01376, "pool_all": 0.00939, "random": 0.00405, "oracle_static": 0.0971}
{"mode": "mid", "target": 138, "seed": 202, "relevance": 0.0011, "mmr": 0.00323, "dpp": 0.00986, "pool_all": -0.00258, "random": 0.00358, "oracle_static": 0.09865}
{"mode": "mid", "target": 138, "seed": 303, "relevance": 0.01021, "mmr": 0.01127, "dpp": 0.01686, "pool_all": 0.01009, "random": 0.00566, "oracle_static": 0.11564}
{"mode": "mid", "target": 185, "seed": 101, "relevance": 0.0038, "mmr": 0.00465, "dpp": -0.00144, "pool_all": 0.01387, "random": 0.00287, "oracle_static": 0.10891}
{"mode": "mid", "target": 185, "seed": 202, "relevance": 0.0075, "mmr": 0.00528, "dpp": 0.0028, "pool_all": 0.00147, "random": 0.00762, "oracle_static": 0.10521}
{"mode": "mid", "target": 185, "seed": 303, "relevance": 0.01644, "mmr": 0.01071, "dpp": 0.0097, "pool_all": 0.0074, "random": 0.00987, "oracle_static": 0.11295}
{"mode": "mid", "target": 231, "seed": 101, "relevance": -0.0046, "mmr": -0.01354, "dpp": -0.01826, "pool_all": -0.02759, "random": -0.00501, "oracle_static": 0.09257}
{"mode": "mid", "target": 231, "seed": 202, "relevance": 0.00425, "mmr": -0.02154, "dpp": -0.01947, "pool_all": -0.06214, "random": -0.00769, "oracle_static": 0.0967}
{"mode": "mid", "target": 231, "seed": 303, "relevance": 0.003, "mmr": -0.01586, "dpp": -0.01695, "pool_all": -0.03877, "random": -0.00804, "oracle_static": 0.08626}
{"mode": "mid", "target": 277, "seed": 101, "relevance": 0.02095, "mmr": 0.02192, "dpp": 0.02161, "pool_all": 0.02789, "random": 0.02198, "oracle_static": 0.1444}
{"mode": "mid", "target": 277, "seed": 202, "relevance": 0.01222, "mmr": 0.0209, "dpp": 0.01785, "pool_all": 0.02768, "random": 0.01559, "oracle_static": 0.14752}
{"mode": "mid", "target": 277, "seed": 303, "relevance": 0.00505, "mmr": 0.01258, "dpp": 0.01532, "pool_all": 0.03771, "random": 0.01173, "oracle_static": 0.13183}
{"mode": "mid", "target": 324, "seed": 101, "relevance": 0.0151, "mmr": 0.05115, "dpp": 0.04506, "pool_all": 0.04917, "random": 0.01217, "oracle_static": 0.24789}
{"mode": "mid", "target": 324, "seed": 202, "relevance": -0.00295, "mmr": 0.00976, "dpp": 0.00487, "pool_all": -0.01089, "random": 0.00043, "oracle_static": 0.19958}
{"mode": "mid", "target": 324, "seed": 303, "relevance": 0.02038, "mmr": 0.04325, "dpp": 0.02703, "pool_all": 0.07127, "random": 0.02672, "oracle_static": 0.25014}
{"mode": "anticorrelated", "target": 0, "seed": 101, "relevance": 0.03758, "mmr": 0.03916, "dpp": 0.0374, "pool_all": 0.03494, "random": 0.01159, "oracle_static": 0.1025}
{"mode": "anticorrelated", "target": 0, "seed": 202, "relevance": 0.00982, "mmr": 0.00406, "dpp": 0.01494, "pool_all": 0.00834, "random": 0.00663, "oracle_static": 0.06952}
{"mode": "anticorrelated", "target": 0, "seed": 303, "relevance": 0.02616, "mmr": 0.02814, "dpp": 0.02522, "pool_all": 0.02496, "random": 0.00992, "oracle_static": 0.09265}
{"mode": "anticorrelated", "target": 46, "seed": 101, "relevance": 0.00388, "mmr": 0.00185, "dpp": 0.00224, "pool_all": -0.01724, "random": 0.0002, "oracle_static": 0.15621}
{"mode": "anticorrelated", "target": 46, "seed": 202, "relevance": -0.03834, "mmr": -0.02335, "dpp": -0.01767, "pool_all": -0.0769, "random": -0.00423, "oracle_static": 0.12854}
{"mode": "anticorrelated", "target": 46, "seed": 303, "relevance": 0.01248, "mmr": 0.0105, "dpp": 0.01102, "pool_all": 0.00542, "random": 0.0044, "oracle_static": 0.15335}
{"mode": "anticorrelated", "target": 92, "seed": 101, "relevance": 0.06796, "mmr": 0.06608, "dpp": 0.07206, "pool_all": 0.05946, "random": 0.02289, "oracle_static": 0.12493}
{"mode": "anticorrelated", "target": 92, "seed": 202, "relevance": 0.00417, "mmr": 0.0023, "dpp": 0.02065, "pool_all": -0.00266, "random": 0.00494, "oracle_static": 0.08479}
{"mode": "anticorrelated", "target": 92, "seed": 303, "relevance": 0.03635, "mmr": 0.03712, "dpp": 0.04062, "pool_all": 0.03495, "random": 0.01061, "oracle_static": 0.11449}
{"mode": "anticorrelated", "target": 138, "seed": 101, "relevance": 0.04061, "mmr": 0.03857, "dpp": 0.04149, "pool_all": 0.03817, "random": 0.01072, "oracle_static": 0.09924}
{"mode": "anticorrelated", "target": 138, "seed": 202, "relevance": 0.03514, "mmr": 0.04034, "dpp": 0.03619, "pool_all": 0.03569, "random": 0.00869, "oracle_static": 0.1066}
{"mode": "anticorrelated", "target": 138, "seed": 303, "relevance": 0.0445, "mmr": 0.04956, "dpp": 0.04895, "pool_all": 0.0416, "random": 0.01064, "oracle_static": 0.11317}
{"mode": "anticorrelated", "target": 185, "seed": 101, "relevance": 0.0173, "mmr": 0.01556, "dpp": 0.01931, "pool_all": 0.01152, "random": 0.00299, "oracle_static": 0.0766}
{"mode": "anticorrelated", "target": 185, "seed": 202, "relevance": 0.0057, "mmr": 0.00856, "dpp": 0.01114, "pool_all": 0.00714, "random": 0.00247, "oracle_static": 0.07534}
{"mode": "anticorrelated", "target": 185, "seed": 303, "relevance": 0.00325, "mmr": 0.00699, "dpp": 0.00682, "pool_all": 0.00405, "random": -0.00244, "oracle_static": 0.07901}
{"mode": "anticorrelated", "target": 231, "seed": 101, "relevance": -0.0143, "mmr": -0.02257, "dpp": -0.02202, "pool_all": -0.01881, "random": -0.00304, "oracle_static": 0.08063}
{"mode": "anticorrelated", "target": 231, "seed": 202, "relevance": -0.03178, "mmr": -0.03127, "dpp": -0.02994, "pool_all": -0.03266, "random": -0.00495, "oracle_static": 0.07989}
{"mode": "anticorrelated", "target": 231, "seed": 303, "relevance": -0.03543, "mmr": -0.04091, "dpp": -0.04039, "pool_all": -0.03797, "random": -0.00981, "oracle_static": 0.08116}
{"mode": "anticorrelated", "target": 277, "seed": 101, "relevance": 0.01577, "mmr": 0.01677, "dpp": 0.01805, "pool_all": 0.02075, "random": 0.00484, "oracle_static": 0.06966}
{"mode": "anticorrelated", "target": 277, "seed": 202, "relevance": 0.01923, "mmr": 0.02093, "dpp": 0.02101, "pool_all": 0.02662, "random": 0.00709, "oracle_static": 0.07813}
{"mode": "anticorrelated", "target": 277, "seed": 303, "relevance": 0.01142, "mmr": 0.01058, "dpp": 0.01157, "pool_all": 0.01513, "random": -0.00172, "oracle_static": 0.06714}
{"mode": "anticorrelated", "target": 324, "seed": 101, "relevance": 0.03955, "mmr": 0.04185, "dpp": 0.04198, "pool_all": 0.04109, "random": 0.01092, "oracle_static": 0.12929}
{"mode": "anticorrelated", "target": 324, "seed": 202, "relevance": 0.0271, "mmr": 0.02712, "dpp": 0.02785, "pool_all": 0.0278, "random": -0.00069, "oracle_static": 0.09449}
{"mode": "anticorrelated", "target": 324, "seed": 303, "relevance": 0.03569, "mmr": 0.03386, "dpp": 0.03197, "pool_all": 0.03443, "random": 0.01214, "oracle_static": 0.12138}
