/root/miniconda3/lib/python3.12/site-packages/torch/cuda/__init__.py:63: FutureWarning: The pynvml package is deprecated. Please install nvidia-ml-py instead. If you did not install pynvml directly, please report this to the maintainers of the package that installed pynvml for you.
  import pynvml  # type: ignore[import]
{"target": 0, "seed": 101, "random": -0.00087, "relevance": -0.02571, "mmr": -0.01793, "dpp": -0.00558, "facility_location": -0.00384, "mutual_information": 0.01146, "kcenter": 0.00696, "kmeans_representatives": -0.0147, "pool_all": 0.02329, "base_only": 0.0}
{"target": 0, "seed": 202, "random": 0.00209, "relevance": -0.05005, "mmr": -0.02764, "dpp": -0.00572, "facility_location": -0.00596, "mutual_information": 0.01454, "kcenter": 0.01082, "kmeans_representatives": -0.01207, "pool_all": 0.02959, "base_only": 0.0}
{"target": 0, "seed": 303, "random": 0.00041, "relevance": -0.0413, "mmr": -0.02377, "dpp": -0.00551, "facility_location": -0.00749, "mutual_information": 0.00897, "kcenter": 0.00601, "kmeans_representatives": -0.01352, "pool_all": 0.02238, "base_only": 0.0}
{"target": 11, "seed": 101, "random": 0.00974, "relevance": -0.00955, "mmr": -0.02751, "dpp": -0.03166, "facility_location": 0.02587, "mutual_information": 0.01403, "kcenter": 0.00788, "kmeans_representatives": -0.00209, "pool_all": 0.03403, "base_only": 0.0}
{"target": 11, "seed": 202, "random": 0.02141, "relevance": -0.01955, "mmr": -0.03131, "dpp": -0.03123, "facility_location": 0.03178, "mutual_information": -0.03198, "kcenter": 0.01192, "kmeans_representatives": -0.00184, "pool_all": 0.05027, "base_only": 0.0}
{"target": 11, "seed": 303, "random": 0.00825, "relevance": -0.01466, "mmr": -0.0183, "dpp": -0.02111, "facility_location": 0.02064, "mutual_information": 0.01276, "kcenter": 0.00356, "kmeans_representatives": -0.00433, "pool_all": 0.03011, "base_only": 0.0}
{"target": 23, "seed": 101, "random": 0.01314, "relevance": -0.00525, "mmr": 0.00702, "dpp": 0.00445, "facility_location": 0.01673, "mutual_information": 0.01284, "kcenter": 0.0061, "kmeans_representatives": 0.00035, "pool_all": 0.03595, "base_only": 0.0}
{"target": 23, "seed": 202, "random": 0.00634, "relevance": -0.03773, "mmr": -0.00584, "dpp": -0.00206, "facility_location": 0.00661, "mutual_information": 0.0024, "kcenter": -0.00752, "kmeans_representatives": -0.01508, "pool_all": 0.02331, "base_only": 0.0}
{"target": 23, "seed": 303, "random": 0.00707, "relevance": -0.01358, "mmr": -0.0008, "dpp": -0.00189, "facility_location": 0.01005, "mutual_information": 0.00804, "kcenter": 0.00132, "kmeans_representatives": -0.00423, "pool_all": 0.02445, "base_only": 0.0}
{"target": 34, "seed": 101, "random": 0.00063, "relevance": -0.00153, "mmr": -0.00358, "dpp": 0.00187, "facility_location": 0.00092, "mutual_information": 0.00479, "kcenter": 0.00355, "kmeans_representatives": -0.00529, "pool_all": 0.00619, "base_only": 0.0}
{"target": 34, "seed": 202, "random": 0.00124, "relevance": -0.00155, "mmr": -0.00096, "dpp": 0.00396, "facility_location": 0.00034, "mutual_information": 0.00439, "kcenter": 0.00395, "kmeans_representatives": 0.00181, "pool_all": 0.00642, "base_only": 0.0}
{"target": 34, "seed": 303, "random": 0.0015, "relevance": -0.00468, "mmr": -0.00355, "dpp": 0.001, "facility_location": 0.00051, "mutual_information": 0.00485, "kcenter": 0.00377, "kmeans_representatives": -0.00389, "pool_all": 0.00698, "base_only": 0.0}
{"target": 46, "seed": 101, "random": -0.00048, "relevance": -0.00075, "mmr": -0.00531, "dpp": 0.00048, "facility_location": -0.00029, "mutual_information": 0.0008, "kcenter": 0.00057, "kmeans_representatives": 6e-05, "pool_all": 0.00373, "base_only": 0.0}
{"target": 46, "seed": 202, "random": -0.0002, "relevance": -0.00299, "mmr": -0.00798, "dpp": 0.00017, "facility_location": -0.00081, "mutual_information": -0.00251, "kcenter": -0.00244, "kmeans_representatives": -0.00132, "pool_all": 0.00318, "base_only": 0.0}
{"target": 46, "seed": 303, "random": -4e-05, "relevance": -0.00201, "mmr": -0.00543, "dpp": 0.00045, "facility_location": -0.00092, "mutual_information": 0.00072, "kcenter": -0.00142, "kmeans_representatives": 0.00024, "pool_all": 0.00355, "base_only": 0.0}
{"target": 57, "seed": 101, "random": 0.00035, "relevance": -0.00197, "mmr": -0.00366, "dpp": 0.00049, "facility_location": -0.00102, "mutual_information": -0.00126, "kcenter": 0.00079, "kmeans_representatives": 0.00143, "pool_all": 0.00258, "base_only": 0.0}
{"target": 57, "seed": 202, "random": -8e-05, "relevance": -0.00429, "mmr": -0.0059, "dpp": 0.00107, "facility_location": -0.00083, "mutual_information": -0.00205, "kcenter": -0.00104, "kmeans_representatives": 0.00155, "pool_all": 0.00379, "base_only": 0.0}
{"target": 57, "seed": 303, "random": 0.00042, "relevance": -0.00383, "mmr": -0.00497, "dpp": 0.0016, "facility_location": -0.00215, "mutual_information": -0.00125, "kcenter": -0.00062, "kmeans_representatives": 0.00307, "pool_all": 0.00263, "base_only": 0.0}
{"target": 69, "seed": 101, "random": 0.00759, "relevance": -0.00709, "mmr": 0.00356, "dpp": 0.00335, "facility_location": 0.00181, "mutual_information": 0.01875, "kcenter": 0.01734, "kmeans_representatives": 0.01008, "pool_all": 0.03158, "base_only": 0.0}
{"target": 69, "seed": 202, "random": 0.00737, "relevance": -0.00873, "mmr": 0.00018, "dpp": 0.00194, "facility_location": 0.00312, "mutual_information": 0.01874, "kcenter": 0.01702, "kmeans_representatives": 0.00789, "pool_all": 0.03068, "base_only": 0.0}
{"target": 69, "seed": 303, "random": 0.0086, "relevance": -0.00808, "mmr": 0.00186, "dpp": 0.00382, "facility_location": 0.00447, "mutual_information": 0.02333, "kcenter": 0.01989, "kmeans_representatives": 0.00751, "pool_all": 0.03547, "base_only": 0.0}
{"target": 80, "seed": 101, "random": 0.00728, "relevance": -0.0374, "mmr": -0.03042, "dpp": -0.02053, "facility_location": 0.00816, "mutual_information": 0.00453, "kcenter": -0.01005, "kmeans_representatives": 0.00327, "pool_all": 0.03078, "base_only": 0.0}
{"target": 80, "seed": 202, "random": 0.00756, "relevance": -0.04539, "mmr": -0.0342, "dpp": -0.02556, "facility_location": 0.00753, "mutual_information": -0.00082, "kcenter": -0.0092, "kmeans_representatives": -0.00018, "pool_all": 0.02947, "base_only": 0.0}
{"target": 80, "seed": 303, "random": 0.00604, "relevance": -0.03959, "mmr": -0.02796, "dpp": -0.01664, "facility_location": 0.00578, "mutual_information": 0.01415, "kcenter": -0.00624, "kmeans_representatives": -1e-05, "pool_all": 0.03263, "base_only": 0.0}
{"target": 92, "seed": 101, "random": 0.00189, "relevance": -0.02095, "mmr": -0.01183, "dpp": -0.0127, "facility_location": 0.00393, "mutual_information": 0.01405, "kcenter": 0.00843, "kmeans_representatives": -0.01168, "pool_all": 0.02404, "base_only": 0.0}
{"target": 92, "seed": 202, "random": 0.00377, "relevance": -0.02211, "mmr": -0.01174, "dpp": -0.01158, "facility_location": 0.00432, "mutual_information": 0.01617, "kcenter": 0.00939, "kmeans_representatives": 0.0031, "pool_all": 0.02556, "base_only": 0.0}
{"target": 92, "seed": 303, "random": 0.00634, "relevance": -0.02296, "mmr": -0.01463, "dpp": -0.01576, "facility_location": 0.00537, "mutual_information": 0.02048, "kcenter": 0.01207, "kmeans_representatives": 0.00428, "pool_all": 0.03051, "base_only": 0.0}
{"target": 103, "seed": 101, "random": 0.00325, "relevance": 0.00851, "mmr": 0.00662, "dpp": 0.00669, "facility_location": 4e-05, "mutual_information": 0.01588, "kcenter": 0.00926, "kmeans_representatives": -0.00773, "pool_all": 0.01854, "base_only": 0.0}
{"target": 103, "seed": 202, "random": 0.00463, "relevance": 0.00577, "mmr": 0.00229, "dpp": 0.00515, "facility_location": 0.00205, "mutual_information": 0.01512, "kcenter": 0.00855, "kmeans_representatives": 0.00054, "pool_all": 0.01672, "base_only": 0.0}
{"target": 103, "seed": 303, "random": 0.0038, "relevance": 0.00475, "mmr": 0.00197, "dpp": 0.00353, "facility_location": 0.00241, "mutual_information": 0.01272, "kcenter": 0.00468, "kmeans_representatives": -0.0063, "pool_all": 0.01576, "base_only": 0.0}
{"target": 115, "seed": 101, "random": 0.00805, "relevance": -0.03692, "mmr": -0.01943, "dpp": -0.00724, "facility_location": 0.00025, "mutual_information": 0.01817, "kcenter": 0.01192, "kmeans_representatives": 0.0045, "pool_all": 0.02707, "base_only": 0.0}
{"target": 115, "seed": 202, "random": 0.00929, "relevance": -0.04156, "mmr": -0.02064, "dpp": -0.00742, "facility_location": 0.00097, "mutual_information": 0.01868, "kcenter": 0.01431, "kmeans_representatives": 0.00602, "pool_all": 0.03063, "base_only": 0.0}
{"target": 115, "seed": 303, "random": 0.00854, "relevance": -0.03957, "mmr": -0.01935, "dpp": -0.00763, "facility_location": 0.00249, "mutual_information": 0.01962, "kcenter": 0.01211, "kmeans_representatives": 0.00588, "pool_all": 0.03001, "base_only": 0.0}
{"target": 126, "seed": 101, "random": 0.00321, "relevance": 0.00321, "mmr": 0.00182, "dpp": 0.0044, "facility_location": 0.00309, "mutual_information": 0.00962, "kcenter": 0.00493, "kmeans_representatives": 0.00543, "pool_all": 0.01484, "base_only": 0.0}
{"target": 126, "seed": 202, "random": 0.00395, "relevance": 0.00434, "mmr": 0.0035, "dpp": 0.00518, "facility_location": 0.0028, "mutual_information": 0.0099, "kcenter": 0.00659, "kmeans_representatives": 0.00508, "pool_all": 0.01395, "base_only": 0.0}
{"target": 126, "seed": 303, "random": 0.0045, "relevance": 0.00313, "mmr": 0.00258, "dpp": 0.00389, "facility_location": 0.0033, "mutual_information": 0.0095, "kcenter": 0.00699, "kmeans_representatives": 0.00388, "pool_all": 0.01504, "base_only": 0.0}
{"target": 138, "seed": 101, "random": 0.01648, "relevance": -0.01299, "mmr": -0.01101, "dpp": -0.0065, "facility_location": 0.02455, "mutual_information": 0.0358, "kcenter": 0.02167, "kmeans_representatives": 0.02443, "pool_all": 0.047, "base_only": 0.0}
{"target": 138, "seed": 202, "random": 0.01862, "relevance": -0.02603, "mmr": -0.01562, "dpp": -0.00661, "facility_location": 0.0264, "mutual_information": 0.03148, "kcenter": 0.01844, "kmeans_representatives": 0.02278, "pool_all": 0.05142, "base_only": 0.0}
{"target": 138, "seed": 303, "random": 0.01994, "relevance": -0.01675, "mmr": -0.01081, "dpp": -0.0056, "facility_location": 0.02828, "mutual_information": 0.03159, "kcenter": 0.01845, "kmeans_representatives": 0.02268, "pool_all": 0.05491, "base_only": 0.0}
{"target": 149, "seed": 101, "random": 0.00768, "relevance": -0.01871, "mmr": -0.00596, "dpp": 0.0059, "facility_location": -0.00552, "mutual_information": 0.00855, "kcenter": 0.00781, "kmeans_representatives": 0.00228, "pool_all": 0.03195, "base_only": 0.0}
{"target": 149, "seed": 202, "random": 0.00558, "relevance": -0.03294, "mmr": -0.00979, "dpp": -0.00264, "facility_location": -0.01018, "mutual_information": 0.01373, "kcenter": 0.00372, "kmeans_representatives": -0.00145, "pool_all": 0.02319, "base_only": 0.0}
{"target": 149, "seed": 303, "random": 0.0033, "relevance": -0.02046, "mmr": -0.00725, "dpp": 0.00331, "facility_location": -0.00639, "mutual_information": 0.0078, "kcenter": 0.00677, "kmeans_representatives": -0.00131, "pool_all": 0.02561, "base_only": 0.0}
{"target": 161, "seed": 101, "random": 0.00441, "relevance": -0.01722, "mmr": -0.0068, "dpp": -0.00196, "facility_location": 0.00329, "mutual_information": 0.00804, "kcenter": 0.00306, "kmeans_representatives": 0.00496, "pool_all": 0.01248, "base_only": 0.0}
{"target": 161, "seed": 202, "random": 0.00442, "relevance": -0.0225, "mmr": -0.00929, "dpp": -0.00035, "facility_location": 0.00472, "mutual_information": 0.01053, "kcenter": 0.00395, "kmeans_representatives": 0.00697, "pool_all": 0.01301, "base_only": 0.0}
{"target": 161, "seed": 303, "random": 0.00477, "relevance": -0.02047, "mmr": -0.00793, "dpp": -0.00086, "facility_location": 0.00524, "mutual_information": 0.01002, "kcenter": 0.00365, "kmeans_representatives": 0.00637, "pool_all": 0.01373, "base_only": 0.0}
{"target": 172, "seed": 101, "random": 0.00868, "relevance": -0.03298, "mmr": -0.00941, "dpp": 0.00636, "facility_location": 0.00643, "mutual_information": 0.02199, "kcenter": 0.00305, "kmeans_representatives": 0.01221, "pool_all": 0.03341, "base_only": 0.0}
{"target": 172, "seed": 202, "random": 0.00894, "relevance": -0.04629, "mmr": -0.01559, "dpp": 0.00597, "facility_location": 0.00473, "mutual_information": 0.02148, "kcenter": 0.00282, "kmeans_representatives": -0.00617, "pool_all": 0.03426, "base_only": 0.0}
{"target": 172, "seed": 303, "random": 0.00962, "relevance": -0.03968, "mmr": -0.01283, "dpp": 0.0046, "facility_location": 0.00565, "mutual_information": 0.02065, "kcenter": 0.00591, "kmeans_representatives": 0.01241, "pool_all": 0.03157, "base_only": 0.0}
{"target": 184, "seed": 101, "random": 0.00077, "relevance": -0.00794, "mmr": -0.00676, "dpp": -0.01155, "facility_location": -0.00377, "mutual_information": 0.011, "kcenter": 0.00847, "kmeans_representatives": -0.00254, "pool_all": 0.01973, "base_only": 0.0}
{"target": 184, "seed": 202, "random": 0.00204, "relevance": -0.01026, "mmr": -0.00383, "dpp": -0.00849, "facility_location": -0.00353, "mutual_information": 0.01342, "kcenter": 0.01031, "kmeans_representatives": -0.00049, "pool_all": 0.02058, "base_only": 0.0}
{"target": 184, "seed": 303, "random": 0.00212, "relevance": -0.01267, "mmr": -0.00734, "dpp": -0.012, "facility_location": -0.00343, "mutual_information": 0.01039, "kcenter": 0.00976, "kmeans_representatives": -0.00537, "pool_all": 0.01946, "base_only": 0.0}
{"target": 195, "seed": 101, "random": 0.01431, "relevance": 0.00331, "mmr": 0.00724, "dpp": 0.01833, "facility_location": 0.01096, "mutual_information": 0.01346, "kcenter": 0.0235, "kmeans_representatives": 0.02198, "pool_all": 0.03751, "base_only": 0.0}
{"target": 195, "seed": 202, "random": 0.01543, "relevance": -0.00649, "mmr": 0.00325, "dpp": 0.01776, "facility_location": 0.01263, "mutual_information": 0.01748, "kcenter": 0.02502, "kmeans_representatives": 0.01706, "pool_all": 0.03967, "base_only": 0.0}
{"target": 195, "seed": 303, "random": 0.01554, "relevance": 0.00353, "mmr": 0.01051, "dpp": 0.01878, "facility_location": 0.01405, "mutual_information": 0.01336, "kcenter": 0.02345, "kmeans_representatives": 0.01028, "pool_all": 0.03745, "base_only": 0.0}
{"target": 207, "seed": 101, "random": 0.00834, "relevance": -0.00313, "mmr": -0.00095, "dpp": 0.00057, "facility_location": 0.00577, "mutual_information": 0.01521, "kcenter": 0.01503, "kmeans_representatives": 0.00753, "pool_all": 0.02472, "base_only": 0.0}
{"target": 207, "seed": 202, "random": 0.00748, "relevance": -0.0094, "mmr": -0.00452, "dpp": 0.00038, "facility_location": 0.00381, "mutual_information": 0.02423, "kcenter": 0.01724, "kmeans_representatives": 0.00411, "pool_all": 0.02825, "base_only": 0.0}
{"target": 207, "seed": 303, "random": 0.00631, "relevance": -0.01395, "mmr": -0.00682, "dpp": -0.00174, "facility_location": 0.00453, "mutual_information": 0.01737, "kcenter": 0.01408, "kmeans_representatives": 0.00205, "pool_all": 0.02669, "base_only": 0.0}
{"target": 218, "seed": 101, "random": 0.01347, "relevance": -0.01191, "mmr": 0.00169, "dpp": 0.0016, "facility_location": 0.01166, "mutual_information": 0.02371, "kcenter": 0.02219, "kmeans_representatives": 0.00593, "pool_all": 0.03522, "base_only": 0.0}
{"target": 218, "seed": 202, "random": 0.01251, "relevance": -0.02978, "mmr": -0.00414, "dpp": 0.00039, "facility_location": 0.00965, "mutual_information": 0.02352, "kcenter": 0.026, "kmeans_representatives": 0.01167, "pool_all": 0.03919, "base_only": 0.0}
{"target": 218, "seed": 303, "random": 0.01118, "relevance": -0.01324, "mmr": 0.00226, "dpp": 0.00207, "facility_location": 0.01073, "mutual_information": 0.02481, "kcenter": 0.02199, "kmeans_representatives": 0.00841, "pool_all": 0.03526, "base_only": 0.0}
{"target": 230, "seed": 101, "random": 0.00298, "relevance": -0.00535, "mmr": -0.00406, "dpp": -0.0015, "facility_location": 0.00181, "mutual_information": -0.00276, "kcenter": 0.00288, "kmeans_representatives": 0.00222, "pool_all": 0.01167, "base_only": 0.0}
{"target": 230, "seed": 202, "random": 0.003, "relevance": -0.00888, "mmr": -0.00604, "dpp": -0.00192, "facility_location": 0.00066, "mutual_information": -0.00488, "kcenter": 0.00368, "kmeans_representatives": 0.0017, "pool_all": 0.01049, "base_only": 0.0}
{"target": 230, "seed": 303, "random": 0.00347, "relevance": -0.00994, "mmr": -0.00841, "dpp": -0.00356, "facility_location": -0.00034, "mutual_information": 0.00133, "kcenter": 0.00373, "kmeans_representatives": 0.0043, "pool_all": 0.01087, "base_only": 0.0}
{"target": 241, "seed": 101, "random": 0.00236, "relevance": -0.00402, "mmr": -0.00547, "dpp": -0.00283, "facility_location": -0.00516, "mutual_information": 0.00483, "kcenter": 0.00611, "kmeans_representatives": -0.00131, "pool_all": 0.02522, "base_only": 0.0}
{"target": 241, "seed": 202, "random": 0.00342, "relevance": -0.00305, "mmr": -0.0056, "dpp": -0.00312, "facility_location": -0.00397, "mutual_information": 0.00841, "kcenter": 0.00849, "kmeans_representatives": -0.00117, "pool_all": 0.02671, "base_only": 0.0}
{"target": 241, "seed": 303, "random": 0.00536, "relevance": -0.00124, "mmr": -0.00493, "dpp": -0.00098, "facility_location": -0.00119, "mutual_information": 0.00368, "kcenter": 0.00545, "kmeans_representatives": 0.00427, "pool_all": 0.02459, "base_only": 0.0}
{"target": 253, "seed": 101, "random": 0.00454, "relevance": -0.03427, "mmr": -0.02495, "dpp": -0.00499, "facility_location": -0.00119, "mutual_information": 0.01754, "kcenter": 0.00696, "kmeans_representatives": -0.00284, "pool_all": 0.0244, "base_only": 0.0}
{"target": 253, "seed": 202, "random": 0.00446, "relevance": -0.03945, "mmr": -0.02613, "dpp": -0.00465, "facility_location": -0.00419, "mutual_information": 0.02095, "kcenter": 0.00646, "kmeans_representatives": -0.00213, "pool_all": 0.02587, "base_only": 0.0}
{"target": 253, "seed": 303, "random": 0.00584, "relevance": -0.03277, "mmr": -0.02096, "dpp": -0.00696, "facility_location": -0.0036, "mutual_information": 0.01721, "kcenter": 0.00695, "kmeans_representatives": 0.01036, "pool_all": 0.02517, "base_only": 0.0}
{"target": 264, "seed": 101, "random": 0.00893, "relevance": -0.00766, "mmr": 0.00186, "dpp": -0.00385, "facility_location": 0.01012, "mutual_information": 0.01706, "kcenter": 0.01486, "kmeans_representatives": 0.00393, "pool_all": 0.02618, "base_only": 0.0}
{"target": 264, "seed": 202, "random": 0.00981, "relevance": -0.01526, "mmr": -0.00056, "dpp": -0.00412, "facility_location": 0.01167, "mutual_information": 0.01836, "kcenter": 0.01545, "kmeans_representatives": 0.01163, "pool_all": 0.02696, "base_only": 0.0}
{"target": 264, "seed": 303, "random": 0.00936, "relevance": -0.0144, "mmr": -0.00122, "dpp": -0.00684, "facility_location": 0.01076, "mutual_information": 0.0121, "kcenter": 0.01322, "kmeans_representatives": -0.00703, "pool_all": 0.02292, "base_only": 0.0}
{"target": 276, "seed": 101, "random": 0.00272, "relevance": -0.04085, "mmr": -0.02747, "dpp": -0.01314, "facility_location": 0.01237, "mutual_information": 0.01464, "kcenter": 0.00265, "kmeans_representatives": 0.01025, "pool_all": 0.02496, "base_only": 0.0}
{"target": 276, "seed": 202, "random": 0.00561, "relevance": -0.06575, "mmr": -0.03716, "dpp": -0.01097, "facility_location": 0.00931, "mutual_information": 0.01629, "kcenter": -9e-05, "kmeans_representatives": 0.00965, "pool_all": 0.03082, "base_only": 0.0}
{"target": 276, "seed": 303, "random": 0.00182, "relevance": -0.05406, "mmr": -0.03537, "dpp": -0.01967, "facility_location": 0.00443, "mutual_information": 0.00426, "kcenter": 0.00157, "kmeans_representatives": 0.00564, "pool_all": 0.02096, "base_only": 0.0}
{"target": 287, "seed": 101, "random": 0.00915, "relevance": -0.01961, "mmr": -0.00329, "dpp": 0.01126, "facility_location": 0.0128, "mutual_information": 0.00852, "kcenter": 0.0119, "kmeans_representatives": 0.00957, "pool_all": 0.02765, "base_only": 0.0}
{"target": 287, "seed": 202, "random": 0.01156, "relevance": -0.02656, "mmr": -0.00516, "dpp": 0.01418, "facility_location": 0.01121, "mutual_information": 0.01805, "kcenter": 0.02182, "kmeans_representatives": 0.0021, "pool_all": 0.03109, "base_only": 0.0}
{"target": 287, "seed": 303, "random": 0.00967, "relevance": -0.02049, "mmr": -0.00227, "dpp": 0.01239, "facility_location": 0.01341, "mutual_information": 0.01301, "kcenter": 0.01575, "kmeans_representatives": -0.00026, "pool_all": 0.02767, "base_only": 0.0}
{"target": 299, "seed": 101, "random": 0.02112, "relevance": 0.01696, "mmr": 0.01866, "dpp": 0.00928, "facility_location": 0.02695, "mutual_information": 0.04181, "kcenter": 0.01042, "kmeans_representatives": 0.02809, "pool_all": 0.05513, "base_only": 0.0}
{"target": 299, "seed": 202, "random": 0.01992, "relevance": -0.02123, "mmr": -0.005, "dpp": -0.00374, "facility_location": 0.02404, "mutual_information": 0.01782, "kcenter": 0.0081, "kmeans_representatives": 0.02457, "pool_all": 0.06371, "base_only": 0.0}
{"target": 299, "seed": 303, "random": 0.00909, "relevance": -0.00064, "mmr": -0.0005, "dpp": -0.00298, "facility_location": 0.01918, "mutual_information": 0.01177, "kcenter": -0.00488, "kmeans_representatives": 0.01551, "pool_all": 0.02257, "base_only": 0.0}
{"target": 310, "seed": 101, "random": 0.00129, "relevance": -0.03881, "mmr": -0.02916, "dpp": 0.00134, "facility_location": -0.00922, "mutual_information": 0.01439, "kcenter": -0.00185, "kmeans_representatives": 0.00722, "pool_all": 0.03202, "base_only": 0.0}
{"target": 310, "seed": 202, "random": 0.00488, "relevance": -0.03888, "mmr": -0.02934, "dpp": 0.00324, "facility_location": -0.0078, "mutual_information": 0.01687, "kcenter": 0.00262, "kmeans_representatives": 0.00958, "pool_all": 0.03143, "base_only": 0.0}
{"target": 310, "seed": 303, "random": 0.0034, "relevance": -0.02917, "mmr": -0.02521, "dpp": 0.00025, "facility_location": -0.00519, "mutual_information": 0.01161, "kcenter": 0.00133, "kmeans_representatives": 0.00852, "pool_all": 0.02516, "base_only": 0.0}
{"target": 322, "seed": 101, "random": 0.00574, "relevance": -0.02772, "mmr": -0.013, "dpp": 0.00222, "facility_location": -0.01827, "mutual_information": 0.01233, "kcenter": 0.01361, "kmeans_representatives": -0.0007, "pool_all": 0.02368, "base_only": 0.0}
{"target": 322, "seed": 202, "random": 0.0064, "relevance": -0.04597, "mmr": -0.01956, "dpp": 0.00046, "facility_location": -0.02873, "mutual_information": 0.01517, "kcenter": 0.01565, "kmeans_representatives": -0.00169, "pool_all": 0.02601, "base_only": 0.0}
{"target": 322, "seed": 303, "random": 0.00829, "relevance": -0.04351, "mmr": -0.01799, "dpp": 9e-05, "facility_location": -0.02706, "mutual_information": 0.01653, "kcenter": 0.01883, "kmeans_representatives": 0.00397, "pool_all": 0.02907, "base_only": 0.0}
{"target": 333, "seed": 101, "random": 0.00887, "relevance": -0.00597, "mmr": -0.00919, "dpp": 0.00174, "facility_location": -0.00121, "mutual_information": 0.01037, "kcenter": 0.01024, "kmeans_representatives": 0.00861, "pool_all": 0.03066, "base_only": 0.0}
{"target": 333, "seed": 202, "random": 0.0079, "relevance": -0.0332, "mmr": -0.0224, "dpp": -0.00305, "facility_location": -0.00928, "mutual_information": 0.0166, "kcenter": 0.00979, "kmeans_representatives": 0.00953, "pool_all": 0.03522, "base_only": 0.0}
{"target": 333, "seed": 303, "random": 0.00549, "relevance": -0.02238, "mmr": -0.01658, "dpp": 0.00048, "facility_location": -0.00463, "mutual_information": 0.00964, "kcenter": 0.01292, "kmeans_representatives": 0.014, "pool_all": 0.03155, "base_only": 0.0}
{"target": 345, "seed": 101, "random": 0.00306, "relevance": -0.02276, "mmr": -0.00988, "dpp": -0.0056, "facility_location": -0.00098, "mutual_information": 0.00481, "kcenter": 0.00808, "kmeans_representatives": -0.00593, "pool_all": 0.01916, "base_only": 0.0}
{"target": 345, "seed": 202, "random": 0.0039, "relevance": -0.03422, "mmr": -0.01531, "dpp": -0.00909, "facility_location": -0.00021, "mutual_information": 0.00347, "kcenter": 0.00917, "kmeans_representatives": -0.00424, "pool_all": 0.0187, "base_only": 0.0}
{"target": 345, "seed": 303, "random": 0.0036, "relevance": -0.02579, "mmr": -0.01076, "dpp": -0.00627, "facility_location": -0.00125, "mutual_information": 9e-05, "kcenter": 0.00819, "kmeans_representatives": -0.0043, "pool_all": 0.0195, "base_only": 0.0}
{"target": 357, "seed": 101, "random": 0.00314, "relevance": -0.02102, "mmr": -0.0163, "dpp": -0.00016, "facility_location": 0.00219, "mutual_information": 0.01533, "kcenter": 0.00109, "kmeans_representatives": 0.01047, "pool_all": 0.02169, "base_only": 0.0}
{"target": 357, "seed": 202, "random": 0.00483, "relevance": -0.03489, "mmr": -0.02479, "dpp": -0.00169, "facility_location": 0.00498, "mutual_information": 0.02049, "kcenter": 0.00284, "kmeans_representatives": 0.01461, "pool_all": 0.02514, "base_only": 0.0}
{"target": 357, "seed": 303, "random": 0.00604, "relevance": -0.04239, "mmr": -0.02906, "dpp": -0.0061, "facility_location": 0.00107, "mutual_information": 0.01347, "kcenter": 0.00063, "kmeans_representatives": 0.01204, "pool_all": 0.02063, "base_only": 0.0}
