/root/miniconda3/lib/python3.12/site-packages/torch/cuda/__init__.py:63: FutureWarning: The pynvml package is deprecated. Please install nvidia-ml-py instead. If you did not install pynvml directly, please report this to the maintainers of the package that installed pynvml for you.
  import pynvml  # type: ignore[import]
{"target": 0, "seed": 101, "random": 0.00996, "relevance": -0.01166, "mmr": 0.0033, "dpp": 0.00864, "facility_location": 0.00782, "mutual_information": 0.01931, "kcenter": 0.01612, "kmeans_representatives": 0.00447, "pool_all": 0.03061, "base_only": 0.0}
{"target": 0, "seed": 202, "random": 0.00972, "relevance": -0.01365, "mmr": 0.0056, "dpp": 0.01095, "facility_location": 0.00691, "mutual_information": 0.02195, "kcenter": 0.01657, "kmeans_representatives": 0.00184, "pool_all": 0.03078, "base_only": 0.0}
{"target": 0, "seed": 303, "random": 0.00939, "relevance": -0.01014, "mmr": 0.00497, "dpp": 0.00983, "facility_location": 0.00924, "mutual_information": 0.02661, "kcenter": 0.01683, "kmeans_representatives": 0.00572, "pool_all": 0.03531, "base_only": 0.0}
{"target": 5, "seed": 101, "random": 0.01317, "relevance": 0.0087, "mmr": 0.0096, "dpp": 0.01068, "facility_location": 0.00928, "mutual_information": 0.01473, "kcenter": 0.01288, "kmeans_representatives": 0.01118, "pool_all": 0.03222, "base_only": 0.0}
{"target": 5, "seed": 202, "random": 0.01164, "relevance": 0.00438, "mmr": 0.00939, "dpp": 0.01054, "facility_location": 0.00802, "mutual_information": 0.02488, "kcenter": 0.01327, "kmeans_representatives": 0.01147, "pool_all": 0.03101, "base_only": 0.0}
{"target": 5, "seed": 303, "random": 0.01103, "relevance": 0.00509, "mmr": 0.00998, "dpp": 0.00982, "facility_location": 0.00705, "mutual_information": 0.01221, "kcenter": 0.01449, "kmeans_representatives": 0.01176, "pool_all": 0.03082, "base_only": 0.0}
{"target": 10, "seed": 101, "random": 0.00782, "relevance": -0.01367, "mmr": -0.00754, "dpp": -0.00107, "facility_location": 0.00882, "mutual_information": 0.01438, "kcenter": 0.00682, "kmeans_representatives": -0.00201, "pool_all": 0.02307, "base_only": 0.0}
{"target": 10, "seed": 202, "random": 0.01051, "relevance": -0.00407, "mmr": -0.00202, "dpp": 0.00299, "facility_location": 0.00835, "mutual_information": 0.00804, "kcenter": 0.0105, "kmeans_representatives": 0.00291, "pool_all": 0.02675, "base_only": 0.0}
{"target": 10, "seed": 303, "random": 0.00814, "relevance": -0.01022, "mmr": -0.00421, "dpp": 0.00439, "facility_location": 0.0094, "mutual_information": 0.00668, "kcenter": 0.01, "kmeans_representatives": 0.01012, "pool_all": 0.02331, "base_only": 0.0}
{"target": 16, "seed": 101, "random": 0.0195, "relevance": 0.02255, "mmr": 0.01752, "dpp": 0.00972, "facility_location": 0.01482, "mutual_information": 0.03634, "kcenter": 0.02526, "kmeans_representatives": 0.02903, "pool_all": 0.05232, "base_only": 0.0}
{"target": 16, "seed": 202, "random": 0.01805, "relevance": 0.01906, "mmr": 0.0112, "dpp": 0.00586, "facility_location": 0.01971, "mutual_information": 0.03503, "kcenter": 0.02219, "kmeans_representatives": 0.02978, "pool_all": 0.05215, "base_only": 0.0}
{"target": 16, "seed": 303, "random": 0.01586, "relevance": 0.02389, "mmr": 0.01854, "dpp": 0.01009, "facility_location": 0.01779, "mutual_information": 0.03721, "kcenter": 0.01983, "kmeans_representatives": 0.02716, "pool_all": 0.0524, "base_only": 0.0}
{"target": 21, "seed": 101, "random": 0.00559, "relevance": 0.00409, "mmr": 0.0044, "dpp": 0.00556, "facility_location": 0.00855, "mutual_information": 0.00855, "kcenter": 0.0051, "kmeans_representatives": 0.00277, "pool_all": 0.0124, "base_only": 0.0}
{"target": 21, "seed": 202, "random": 0.00384, "relevance": 0.00142, "mmr": 0.00225, "dpp": 0.00275, "facility_location": 0.00784, "mutual_information": 0.00672, "kcenter": 0.00298, "kmeans_representatives": 0.00268, "pool_all": 0.00984, "base_only": 0.0}
{"target": 21, "seed": 303, "random": 0.00413, "relevance": 0.00279, "mmr": 0.00253, "dpp": 0.00363, "facility_location": 0.00682, "mutual_information": 0.00584, "kcenter": 0.00367, "kmeans_representatives": 0.0032, "pool_all": 0.00919, "base_only": 0.0}
{"target": 27, "seed": 101, "random": 0.02317, "relevance": 0.00191, "mmr": 0.01843, "dpp": 0.02383, "facility_location": 0.03102, "mutual_information": 0.04935, "kcenter": 0.04103, "kmeans_representatives": 0.03889, "pool_all": 0.06611, "base_only": 0.0}
{"target": 27, "seed": 202, "random": 0.01958, "relevance": -0.00862, "mmr": 0.00465, "dpp": 0.00937, "facility_location": 0.02853, "mutual_information": 0.03041, "kcenter": 0.0305, "kmeans_representatives": 0.03088, "pool_all": 0.05408, "base_only": 0.0}
{"target": 27, "seed": 303, "random": 0.02465, "relevance": -0.0002, "mmr": 0.0087, "dpp": 0.01277, "facility_location": 0.03496, "mutual_information": 0.03345, "kcenter": 0.03739, "kmeans_representatives": 0.0359, "pool_all": 0.06538, "base_only": 0.0}
{"target": 32, "seed": 101, "random": 0.0165, "relevance": 0.03231, "mmr": 0.02993, "dpp": 0.03145, "facility_location": 0.00517, "mutual_information": 0.04003, "kcenter": 0.03232, "kmeans_representatives": 0.02932, "pool_all": 0.04561, "base_only": 0.0}
{"target": 32, "seed": 202, "random": 0.01555, "relevance": 0.02923, "mmr": 0.03001, "dpp": 0.02887, "facility_location": 0.00078, "mutual_information": 0.03947, "kcenter": 0.02965, "kmeans_representatives": 0.02392, "pool_all": 0.04371, "base_only": 0.0}
{"target": 32, "seed": 303, "random": 0.01571, "relevance": 0.02827, "mmr": 0.0272, "dpp": 0.02887, "facility_location": 0.00634, "mutual_information": 0.03616, "kcenter": 0.02807, "kmeans_representatives": 0.02454, "pool_all": 0.04039, "base_only": 0.0}
{"target": 38, "seed": 101, "random": 0.01667, "relevance": 0.01118, "mmr": 0.02127, "dpp": 0.01631, "facility_location": 0.01772, "mutual_information": 0.01488, "kcenter": 0.01852, "kmeans_representatives": 0.01598, "pool_all": 0.04728, "base_only": 0.0}
{"target": 38, "seed": 202, "random": 0.01425, "relevance": 0.00339, "mmr": 0.01428, "dpp": 0.00851, "facility_location": 0.01802, "mutual_information": 0.00822, "kcenter": 0.01448, "kmeans_representatives": 0.0183, "pool_all": 0.04248, "base_only": 0.0}
{"target": 38, "seed": 303, "random": 0.01693, "relevance": 0.0117, "mmr": 0.01901, "dpp": 0.01418, "facility_location": 0.01886, "mutual_information": 0.01394, "kcenter": 0.01529, "kmeans_representatives": 0.01974, "pool_all": 0.04339, "base_only": 0.0}
{"target": 43, "seed": 101, "random": 0.0148, "relevance": 0.00978, "mmr": 0.00919, "dpp": 0.00423, "facility_location": 0.02585, "mutual_information": 0.0204, "kcenter": 0.00797, "kmeans_representatives": 0.01372, "pool_all": 0.03819, "base_only": 0.0}
{"target": 43, "seed": 202, "random": 0.01348, "relevance": 0.00417, "mmr": 0.00592, "dpp": -0.00015, "facility_location": 0.02474, "mutual_information": 0.0248, "kcenter": 0.00826, "kmeans_representatives": 0.01453, "pool_all": 0.03502, "base_only": 0.0}
{"target": 43, "seed": 303, "random": 0.01348, "relevance": 0.00745, "mmr": 0.00884, "dpp": 0.00437, "facility_location": 0.02249, "mutual_information": 0.01069, "kcenter": 0.00864, "kmeans_representatives": 0.01073, "pool_all": 0.03259, "base_only": 0.0}
{"target": 49, "seed": 101, "random": 0.01484, "relevance": 0.02508, "mmr": 0.01372, "dpp": 0.0142, "facility_location": 0.02197, "mutual_information": 0.02564, "kcenter": 0.00692, "kmeans_representatives": 0.01116, "pool_all": 0.03147, "base_only": 0.0}
{"target": 49, "seed": 202, "random": 0.01474, "relevance": 0.02163, "mmr": 0.0135, "dpp": 0.01527, "facility_location": 0.0217, "mutual_information": 0.02204, "kcenter": 0.00995, "kmeans_representatives": 0.01337, "pool_all": 0.02954, "base_only": 0.0}
{"target": 49, "seed": 303, "random": 0.01537, "relevance": 0.02594, "mmr": 0.01518, "dpp": 0.01504, "facility_location": 0.0239, "mutual_information": 0.02397, "kcenter": 0.0079, "kmeans_representatives": 0.01077, "pool_all": 0.03055, "base_only": 0.0}
{"target": 54, "seed": 101, "random": 0.00602, "relevance": 0.00198, "mmr": 0.00735, "dpp": 0.01183, "facility_location": 0.00289, "mutual_information": 0.01373, "kcenter": 0.01303, "kmeans_representatives": 0.01255, "pool_all": 0.02086, "base_only": 0.0}
{"target": 54, "seed": 202, "random": 0.00595, "relevance": 0.00336, "mmr": 0.00721, "dpp": 0.01197, "facility_location": 0.00397, "mutual_information": 0.01409, "kcenter": 0.01288, "kmeans_representatives": 0.01249, "pool_all": 0.02148, "base_only": 0.0}
{"target": 54, "seed": 303, "random": 0.00602, "relevance": 0.00564, "mmr": 0.00814, "dpp": 0.00992, "facility_location": 0.00548, "mutual_information": 0.01199, "kcenter": 0.0109, "kmeans_representatives": 0.0103, "pool_all": 0.02044, "base_only": 0.0}
{"target": 59, "seed": 101, "random": 0.00596, "relevance": -0.0142, "mmr": -0.00928, "dpp": -0.00193, "facility_location": 0.01046, "mutual_information": 0.00159, "kcenter": -0.00169, "kmeans_representatives": 0.00527, "pool_all": 0.01384, "base_only": 0.0}
{"target": 59, "seed": 202, "random": 0.00587, "relevance": -0.01241, "mmr": -0.00762, "dpp": -0.00211, "facility_location": 0.00985, "mutual_information": 0.00303, "kcenter": -0.00115, "kmeans_representatives": 0.00548, "pool_all": 0.01313, "base_only": 0.0}
{"target": 59, "seed": 303, "random": 0.00574, "relevance": -0.01223, "mmr": -0.00834, "dpp": -0.00173, "facility_location": 0.00976, "mutual_information": 0.01038, "kcenter": -0.00152, "kmeans_representatives": 0.00675, "pool_all": 0.01254, "base_only": 0.0}
{"target": 65, "seed": 101, "random": 0.01272, "relevance": -0.00247, "mmr": 0.00166, "dpp": 0.00817, "facility_location": 0.0213, "mutual_information": 0.00609, "kcenter": 0.00657, "kmeans_representatives": 0.00885, "pool_all": 0.03039, "base_only": 0.0}
{"target": 65, "seed": 202, "random": 0.01212, "relevance": -0.01779, "mmr": -0.01271, "dpp": -0.00226, "facility_location": 0.02374, "mutual_information": -0.00633, "kcenter": 0.01201, "kmeans_representatives": 0.01119, "pool_all": 0.03269, "base_only": 0.0}
{"target": 65, "seed": 303, "random": 0.01081, "relevance": -0.00088, "mmr": 0.00199, "dpp": 0.0049, "facility_location": 0.02265, "mutual_information": 0.00099, "kcenter": 0.01102, "kmeans_representatives": 0.01139, "pool_all": 0.02976, "base_only": 0.0}
{"target": 70, "seed": 101, "random": 0.00152, "relevance": -0.00092, "mmr": 0.00109, "dpp": 0.00169, "facility_location": -0.00116, "mutual_information": 0.00317, "kcenter": 0.00258, "kmeans_representatives": 0.00317, "pool_all": 0.01031, "base_only": 0.0}
{"target": 70, "seed": 202, "random": 0.00123, "relevance": -0.00087, "mmr": 0.00267, "dpp": 0.00561, "facility_location": -0.00128, "mutual_information": 0.00611, "kcenter": 0.0063, "kmeans_representatives": 0.00611, "pool_all": 0.01057, "base_only": 0.0}
{"target": 70, "seed": 303, "random": 0.00091, "relevance": -0.00142, "mmr": 0.00137, "dpp": 0.00358, "facility_location": -0.00123, "mutual_information": 0.00382, "kcenter": 0.00372, "kmeans_representatives": 0.00382, "pool_all": 0.01002, "base_only": 0.0}
{"target": 76, "seed": 101, "random": 0.01379, "relevance": -0.00494, "mmr": 0.0044, "dpp": 0.004, "facility_location": 0.02387, "mutual_information": 0.01286, "kcenter": 0.00672, "kmeans_representatives": 0.00774, "pool_all": 0.04545, "base_only": 0.0}
{"target": 76, "seed": 202, "random": 0.01347, "relevance": -0.00928, "mmr": 0.00044, "dpp": 0.00135, "facility_location": 0.02236, "mutual_information": 0.01496, "kcenter": 0.00298, "kmeans_representatives": 0.00823, "pool_all": 0.04232, "base_only": 0.0}
{"target": 76, "seed": 303, "random": 0.01379, "relevance": -0.00298, "mmr": 0.00297, "dpp": 0.003, "facility_location": 0.02274, "mutual_information": 0.01975, "kcenter": 0.00429, "kmeans_representatives": 0.00693, "pool_all": 0.04414, "base_only": 0.0}
{"target": 81, "seed": 101, "random": 0.00152, "relevance": -0.00092, "mmr": 0.00109, "dpp": 0.00169, "facility_location": -0.00116, "mutual_information": 0.00317, "kcenter": 0.00258, "kmeans_representatives": 0.00317, "pool_all": 0.01031, "base_only": 0.0}
{"target": 81, "seed": 202, "random": 0.00123, "relevance": -0.00087, "mmr": 0.00267, "dpp": 0.00561, "facility_location": -0.00128, "mutual_information": 0.00611, "kcenter": 0.0063, "kmeans_representatives": 0.00611, "pool_all": 0.01057, "base_only": 0.0}
{"target": 81, "seed": 303, "random": 0.00091, "relevance": -0.00142, "mmr": 0.00137, "dpp": 0.00358, "facility_location": -0.00123, "mutual_information": 0.00382, "kcenter": 0.00372, "kmeans_representatives": 0.00382, "pool_all": 0.01002, "base_only": 0.0}
{"target": 87, "seed": 101, "random": 0.02288, "relevance": 0.01819, "mmr": 0.01556, "dpp": 0.01472, "facility_location": 0.03626, "mutual_information": 0.03899, "kcenter": 0.01543, "kmeans_representatives": 0.03464, "pool_all": 0.06272, "base_only": 0.0}
{"target": 87, "seed": 202, "random": 0.0205, "relevance": 0.0114, "mmr": 0.01101, "dpp": 0.00932, "facility_location": 0.0314, "mutual_information": 0.03592, "kcenter": 0.01392, "kmeans_representatives": 0.02966, "pool_all": 0.05279, "base_only": 0.0}
{"target": 87, "seed": 303, "random": 0.02068, "relevance": 0.02029, "mmr": 0.01456, "dpp": 0.01152, "facility_location": 0.03225, "mutual_information": 0.03751, "kcenter": 0.01375, "kmeans_representatives": 0.03124, "pool_all": 0.05655, "base_only": 0.0}
{"target": 92, "seed": 101, "random": 0.0131, "relevance": 0.01052, "mmr": 0.00827, "dpp": 0.00415, "facility_location": 0.01969, "mutual_information": 0.02249, "kcenter": 0.01399, "kmeans_representatives": 0.01768, "pool_all": 0.03707, "base_only": 0.0}
{"target": 92, "seed": 202, "random": 0.01116, "relevance": 0.00997, "mmr": 0.00993, "dpp": 0.00365, "facility_location": 0.01992, "mutual_information": 0.00606, "kcenter": 0.0136, "kmeans_representatives": 0.01836, "pool_all": 0.0346, "base_only": 0.0}
{"target": 92, "seed": 303, "random": 0.01107, "relevance": 0.0117, "mmr": 0.01097, "dpp": 0.00454, "facility_location": 0.01841, "mutual_information": 0.00101, "kcenter": 0.01097, "kmeans_representatives": 0.01574, "pool_all": 0.0312, "base_only": 0.0}
{"target": 98, "seed": 101, "random": 0.02001, "relevance": 0.0074, "mmr": 0.01264, "dpp": 0.01216, "facility_location": 0.02771, "mutual_information": 0.01916, "kcenter": 0.01868, "kmeans_representatives": 0.02197, "pool_all": 0.04541, "base_only": 0.0}
{"target": 98, "seed": 202, "random": 0.01882, "relevance": 0.00689, "mmr": 0.01247, "dpp": 0.01171, "facility_location": 0.02488, "mutual_information": 0.0136, "kcenter": 0.01622, "kmeans_representatives": 0.01932, "pool_all": 0.04156, "base_only": 0.0}
{"target": 98, "seed": 303, "random": 0.01742, "relevance": 0.00583, "mmr": 0.01105, "dpp": 0.01086, "facility_location": 0.02487, "mutual_information": 0.01569, "kcenter": 0.01684, "kmeans_representatives": 0.01918, "pool_all": 0.03794, "base_only": 0.0}
{"target": 103, "seed": 101, "random": 0.02135, "relevance": 0.00381, "mmr": 0.01093, "dpp": 0.02162, "facility_location": 0.01684, "mutual_information": 0.0406, "kcenter": 0.0305, "kmeans_representatives": 0.03051, "pool_all": 0.06714, "base_only": 0.0}
{"target": 103, "seed": 202, "random": 0.02325, "relevance": -0.00134, "mmr": 0.00507, "dpp": 0.01542, "facility_location": 0.01346, "mutual_information": 0.03809, "kcenter": 0.03108, "kmeans_representatives": 0.03053, "pool_all": 0.07018, "base_only": 0.0}
{"target": 103, "seed": 303, "random": 0.02138, "relevance": -0.00111, "mmr": 0.01073, "dpp": 0.02422, "facility_location": 0.01698, "mutual_information": 0.05494, "kcenter": 0.03632, "kmeans_representatives": 0.01847, "pool_all": 0.07118, "base_only": 0.0}
{"target": 109, "seed": 101, "random": 0.00172, "relevance": -0.00104, "mmr": 0.00094, "dpp": 0.00281, "facility_location": -0.00173, "mutual_information": 0.00495, "kcenter": 0.00218, "kmeans_representatives": 0.00313, "pool_all": 0.01121, "base_only": 0.0}
{"target": 109, "seed": 202, "random": 0.00146, "relevance": -0.00096, "mmr": 0.00196, "dpp": 0.00675, "facility_location": -0.00112, "mutual_information": 0.00576, "kcenter": 0.0053, "kmeans_representatives": 0.00599, "pool_all": 0.01146, "base_only": 0.0}
{"target": 109, "seed": 303, "random": 0.00095, "relevance": -0.00139, "mmr": 0.00189, "dpp": 0.00415, "facility_location": -0.0012, "mutual_information": 0.00636, "kcenter": 0.00442, "kmeans_representatives": 0.00747, "pool_all": 0.01079, "base_only": 0.0}
{"target": 114, "seed": 101, "random": 0.01589, "relevance": 0.01212, "mmr": 0.01293, "dpp": 0.01454, "facility_location": 0.02507, "mutual_information": 0.02508, "kcenter": 0.01331, "kmeans_representatives": 0.01595, "pool_all": 0.03846, "base_only": 0.0}
{"target": 114, "seed": 202, "random": 0.01555, "relevance": 0.00976, "mmr": 0.01174, "dpp": 0.01164, "facility_location": 0.02373, "mutual_information": 0.02101, "kcenter": 0.01198, "kmeans_representatives": 0.01585, "pool_all": 0.0341, "base_only": 0.0}
{"target": 114, "seed": 303, "random": 0.01429, "relevance": 0.01083, "mmr": 0.01183, "dpp": 0.01077, "facility_location": 0.02052, "mutual_information": 0.02116, "kcenter": 0.0111, "kmeans_representatives": 0.01392, "pool_all": 0.03292, "base_only": 0.0}
{"target": 119, "seed": 101, "random": 0.00811, "relevance": 0.00115, "mmr": 0.00162, "dpp": 0.00165, "facility_location": 0.00916, "mutual_information": 0.00987, "kcenter": 0.00783, "kmeans_representatives": 0.00223, "pool_all": 0.02633, "base_only": 0.0}
{"target": 119, "seed": 202, "random": 0.00724, "relevance": 0.00113, "mmr": 0.002, "dpp": 0.00179, "facility_location": 0.00849, "mutual_information": 0.0118, "kcenter": 0.00613, "kmeans_representatives": 0.0016, "pool_all": 0.02207, "base_only": 0.0}
{"target": 119, "seed": 303, "random": 0.00839, "relevance": 0.00273, "mmr": 0.00389, "dpp": 0.00312, "facility_location": 0.00782, "mutual_information": 0.00998, "kcenter": 0.00684, "kmeans_representatives": 0.00372, "pool_all": 0.02237, "base_only": 0.0}
{"target": 125, "seed": 101, "random": 0.00344, "relevance": -0.0007, "mmr": 0.00463, "dpp": 0.01101, "facility_location": -0.00045, "mutual_information": 0.01548, "kcenter": 0.01498, "kmeans_representatives": 0.01249, "pool_all": 0.01592, "base_only": 0.0}
{"target": 125, "seed": 202, "random": 0.0034, "relevance": -0.00015, "mmr": 0.00621, "dpp": 0.01089, "facility_location": -0.00047, "mutual_information": 0.01819, "kcenter": 0.01694, "kmeans_representatives": 0.00469, "pool_all": 0.01827, "base_only": 0.0}
{"target": 125, "seed": 303, "random": 0.0039, "relevance": 0.00076, "mmr": 0.00665, "dpp": 0.01096, "facility_location": 0.00038, "mutual_information": 0.01678, "kcenter": 0.01588, "kmeans_representatives": 0.01518, "pool_all": 0.01775, "base_only": 0.0}
{"target": 130, "seed": 101, "random": 0.01748, "relevance": 0.01132, "mmr": 0.00975, "dpp": 0.00927, "facility_location": 0.02468, "mutual_information": 0.02362, "kcenter": 0.01235, "kmeans_representatives": 0.0167, "pool_all": 0.04143, "base_only": 0.0}
{"target": 130, "seed": 202, "random": 0.01878, "relevance": 0.01006, "mmr": 0.00891, "dpp": 0.00952, "facility_location": 0.02693, "mutual_information": 0.02276, "kcenter": 0.01196, "kmeans_representatives": 0.01775, "pool_all": 0.04149, "base_only": 0.0}
{"target": 130, "seed": 303, "random": 0.01686, "relevance": 0.00913, "mmr": 0.00845, "dpp": 0.01006, "facility_location": 0.02462, "mutual_information": 0.0254, "kcenter": 0.01069, "kmeans_representatives": 0.01495, "pool_all": 0.03908, "base_only": 0.0}
{"target": 136, "seed": 101, "random": 0.01441, "relevance": 0.02644, "mmr": 0.0185, "dpp": 0.01704, "facility_location": 0.01744, "mutual_information": 0.01651, "kcenter": 0.0109, "kmeans_representatives": 0.01863, "pool_all": 0.03053, "base_only": 0.0}
{"target": 136, "seed": 202, "random": 0.01385, "relevance": 0.02143, "mmr": 0.01697, "dpp": 0.01634, "facility_location": 0.01764, "mutual_information": 0.001, "kcenter": 0.0078, "kmeans_representatives": 0.01699, "pool_all": 0.02843, "base_only": 0.0}
{"target": 136, "seed": 303, "random": 0.01412, "relevance": 0.02891, "mmr": 0.0217, "dpp": 0.01962, "facility_location": 0.01742, "mutual_information": 0.00192, "kcenter": 0.01045, "kmeans_representatives": 0.02062, "pool_all": 0.03538, "base_only": 0.0}
{"target": 141, "seed": 101, "random": 0.00149, "relevance": -0.00086, "mmr": 0.00094, "dpp": 0.00138, "facility_location": -0.00081, "mutual_information": 0.00178, "kcenter": 0.00263, "kmeans_representatives": 0.002, "pool_all": 0.0103, "base_only": 0.0}
{"target": 141, "seed": 202, "random": 0.00123, "relevance": -0.0007, "mmr": 0.00257, "dpp": 0.00558, "facility_location": -0.00094, "mutual_information": 0.00495, "kcenter": 0.00541, "kmeans_representatives": 0.0061, "pool_all": 0.01053, "base_only": 0.0}
{"target": 141, "seed": 303, "random": 0.00089, "relevance": -0.00121, "mmr": 0.00134, "dpp": 0.00336, "facility_location": -0.00082, "mutual_information": 0.00356, "kcenter": 0.00312, "kmeans_representatives": 0.00357, "pool_all": 0.01002, "base_only": 0.0}
{"target": 147, "seed": 101, "random": 0.03332, "relevance": 0.05707, "mmr": 0.00473, "dpp": -0.00124, "facility_location": 0.06393, "mutual_information": 0.05391, "kcenter": 0.00415, "kmeans_representatives": 0.0551, "pool_all": 0.09515, "base_only": 0.0}
{"target": 147, "seed": 202, "random": 0.02909, "relevance": 0.04046, "mmr": 0.00131, "dpp": -0.00449, "facility_location": 0.05466, "mutual_information": 0.0524, "kcenter": 0.00894, "kmeans_representatives": 0.04789, "pool_all": 0.09183, "base_only": 0.0}
{"target": 147, "seed": 303, "random": 0.02828, "relevance": 0.0552, "mmr": 0.00836, "dpp": -0.00199, "facility_location": 0.05254, "mutual_information": 0.04944, "kcenter": 0.0101, "kmeans_representatives": 0.05253, "pool_all": 0.0916, "base_only": 0.0}
{"target": 152, "seed": 101, "random": 0.01657, "relevance": 0.00784, "mmr": 0.00175, "dpp": 0.00392, "facility_location": 0.01969, "mutual_information": 0.02283, "kcenter": 0.01446, "kmeans_representatives": 0.00972, "pool_all": 0.04151, "base_only": 0.0}
{"target": 152, "seed": 202, "random": 0.01313, "relevance": 0.00187, "mmr": -0.00072, "dpp": 0.00148, "facility_location": 0.01851, "mutual_information": 0.02125, "kcenter": 0.01286, "kmeans_representatives": 0.00869, "pool_all": 0.03681, "base_only": 0.0}
{"target": 152, "seed": 303, "random": 0.01197, "relevance": 0.00339, "mmr": 0.00027, "dpp": 0.00235, "facility_location": 0.01816, "mutual_information": 0.02068, "kcenter": 0.0049, "kmeans_representatives": 0.00235, "pool_all": 0.03638, "base_only": 0.0}
{"target": 158, "seed": 101, "random": 0.01323, "relevance": -0.00132, "mmr": 0.00069, "dpp": -0.00441, "facility_location": 0.01395, "mutual_information": 0.01859, "kcenter": 0.01817, "kmeans_representatives": 0.01914, "pool_all": 0.03587, "base_only": 0.0}
{"target": 158, "seed": 202, "random": 0.0127, "relevance": -0.00906, "mmr": -0.00521, "dpp": -0.00986, "facility_location": 0.0146, "mutual_information": 0.02179, "kcenter": 0.01626, "kmeans_representatives": 0.02004, "pool_all": 0.03524, "base_only": 0.0}
{"target": 158, "seed": 303, "random": 0.01296, "relevance": -0.00232, "mmr": -0.00085, "dpp": -0.00717, "facility_location": 0.01048, "mutual_information": 0.02029, "kcenter": 0.01811, "kmeans_representatives": 0.02149, "pool_all": 0.03589, "base_only": 0.0}
{"target": 163, "seed": 101, "random": 0.01045, "relevance": 0.01924, "mmr": 0.01115, "dpp": 0.00602, "facility_location": 0.00992, "mutual_information": 0.03269, "kcenter": 0.01202, "kmeans_representatives": 0.0155, "pool_all": 0.04202, "base_only": 0.0}
{"target": 163, "seed": 202, "random": 0.00875, "relevance": 0.01244, "mmr": 0.00937, "dpp": 0.00522, "facility_location": 0.00812, "mutual_information": 0.02979, "kcenter": 0.01181, "kmeans_representatives": 0.01256, "pool_all": 0.03786, "base_only": 0.0}
{"target": 163, "seed": 303, "random": 0.00826, "relevance": 0.01443, "mmr": 0.00992, "dpp": 0.00447, "facility_location": 0.0072, "mutual_information": 0.02922, "kcenter": 0.01122, "kmeans_representatives": 0.01258, "pool_all": 0.03921, "base_only": 0.0}
{"target": 169, "seed": 101, "random": 0.02662, "relevance": 0.0364, "mmr": 0.02333, "dpp": 0.0145, "facility_location": 0.03876, "mutual_information": 0.03816, "kcenter": 0.03654, "kmeans_representatives": 0.00792, "pool_all": 0.0737, "base_only": 0.0}
{"target": 169, "seed": 202, "random": 0.02817, "relevance": 0.03439, "mmr": 0.0177, "dpp": 0.01033, "facility_location": 0.03931, "mutual_information": 0.04817, "kcenter": 0.03604, "kmeans_representatives": 0.00148, "pool_all": 0.07536, "base_only": 0.0}
{"target": 169, "seed": 303, "random": 0.02362, "relevance": 0.0372, "mmr": 0.01743, "dpp": 0.00609, "facility_location": 0.03766, "mutual_information": 0.03391, "kcenter": 0.03528, "kmeans_representatives": 0.00385, "pool_all": 0.07147, "base_only": 0.0}
