/root/miniconda3/lib/python3.12/site-packages/torch/cuda/__init__.py:63: FutureWarning: The pynvml package is deprecated. Please install nvidia-ml-py instead. If you did not install pynvml directly, please report this to the maintainers of the package that installed pynvml for you.
  import pynvml  # type: ignore[import]
/root/icl_ess_threshold/PAMI_MUR/experiments/neural_expert.py:265: UserWarning: The given NumPy array is not writable, and PyTorch does not support non-writable tensors. This means writing to this tensor will result in undefined behavior. You may want to copy the array to protect its data or make it writable before converting it to a tensor. This type of warning will be suppressed for the rest of this program. (Triggered internally at /pytorch/torch/csrc/utils/tensor_numpy.cpp:206.)
  time_features = torch.from_numpy(
/root/miniconda3/lib/python3.12/site-packages/torch/nn/modules/transformer.py:515: UserWarning: The PyTorch API of nested tensors is in prototype stage and will change in the near future. We recommend specifying layout=torch.jagged when constructing a nested tensor, as this layout receives active development, has better operator coverage, and works with torch.compile. (Triggered internally at /pytorch/aten/src/ATen/NestedTensorImpl.cpp:178.)
  output = torch._nested_tensor_from_mask(
{"dataset": "METRLA", "target": 0, "seed": 101, "rmur_q4": null, "static": 0.02822408266365528, "cached": 0.008727862499654293, "oracle_greedy": 0.10075210779905319, "wall": 21.9}
{"dataset": "METRLA", "target": 0, "seed": 202, "rmur_q4": null, "static": 0.024920884519815445, "cached": 0.020323894917964935, "oracle_greedy": 0.10110709816217422, "wall": 20.0}
{"dataset": "METRLA", "target": 27, "seed": 101, "rmur_q4": null, "static": -0.0017220407025888562, "cached": -0.0028472943231463432, "oracle_greedy": 0.04996246099472046, "wall": 21.8}
{"dataset": "METRLA", "target": 27, "seed": 202, "rmur_q4": null, "static": 0.0018930478254333138, "cached": -0.0009041666053235531, "oracle_greedy": 0.045083120465278625, "wall": 20.5}
{"dataset": "METRLA", "target": 54, "seed": 101, "rmur_q4": null, "static": -0.0020916135981678963, "cached": 5.015075294068083e-05, "oracle_greedy": 0.08093511313199997, "wall": 21.4}
{"dataset": "METRLA", "target": 54, "seed": 202, "rmur_q4": null, "static": 0.006462533492594957, "cached": 0.01617705449461937, "oracle_greedy": 0.0911126360297203, "wall": 19.4}
{"dataset": "METRLA", "target": 82, "seed": 101, "rmur_q4": null, "static": 0.01613466441631317, "cached": 0.03560568019747734, "oracle_greedy": 0.15650300681591034, "wall": 20.1}
{"dataset": "METRLA", "target": 82, "seed": 202, "rmur_q4": null, "static": 0.00027081285952590406, "cached": 0.01151724811643362, "oracle_greedy": 0.1542569100856781, "wall": 19.8}
{"dataset": "METRLA", "target": 109, "seed": 101, "rmur_q4": null, "static": -0.003333470318466425, "cached": 0.001791491755284369, "oracle_greedy": 0.08046912401914597, "wall": 19.1}
{"dataset": "METRLA", "target": 109, "seed": 202, "rmur_q4": null, "static": -0.006146188825368881, "cached": -0.009104711934924126, "oracle_greedy": 0.07281402498483658, "wall": 20.3}
{"dataset": "METRLA", "target": 137, "seed": 101, "rmur_q4": null, "static": 0.003049793653190136, "cached": -0.003327189013361931, "oracle_greedy": 0.1263894885778427, "wall": 19.3}
{"dataset": "METRLA", "target": 137, "seed": 202, "rmur_q4": null, "static": 0.012506441213190556, "cached": 0.00851165596395731, "oracle_greedy": 0.12268295139074326, "wall": 19.3}
{"dataset": "METRLA", "target": 164, "seed": 101, "rmur_q4": null, "static": 0.007378923706710339, "cached": 0.009206835180521011, "oracle_greedy": 0.12394549697637558, "wall": 20.2}
{"dataset": "METRLA", "target": 164, "seed": 202, "rmur_q4": null, "static": -0.01333654671907425, "cached": 0.0007449209806509316, "oracle_greedy": 0.10817677527666092, "wall": 19.8}
{"dataset": "METRLA", "target": 192, "seed": 101, "rmur_q4": null, "static": 0.0016288101905956864, "cached": -0.00013551212032325566, "oracle_greedy": 0.08651948720216751, "wall": 19.3}
{"dataset": "METRLA", "target": 192, "seed": 202, "rmur_q4": null, "static": 0.006748843006789684, "cached": 0.0014274506829679012, "oracle_greedy": 0.10432352870702744, "wall": 19.8}
Traceback (most recent call last):
  File "/root/icl_ess_threshold/PAMI_MUR/experiments/run_strong_backbone.py", line 725, in <module>
    main()
  File "/root/icl_ess_threshold/PAMI_MUR/experiments/run_strong_backbone.py", line 684, in main
    stat["delta_static"] = stat["ranked_response_q4_gain"] - stat["static_utility_gain"]
                           ~~~~^^^^^^^^^^^^^^^^^^^^^^^^^^^
KeyError: 'ranked_response_q4_gain'
