/root/miniconda3/lib/python3.12/site-packages/torch/cuda/__init__.py:63: FutureWarning: The pynvml package is deprecated. Please install nvidia-ml-py instead. If you did not install pynvml directly, please report this to the maintainers of the package that installed pynvml for you.
  import pynvml  # type: ignore[import]
completed target 0 for PEMS04
completed target 27 for PEMS04
completed target 55 for PEMS04
completed target 83 for PEMS04
completed target 111 for PEMS04
completed target 139 for PEMS04
completed target 166 for PEMS04
completed target 194 for PEMS04
completed target 222 for PEMS04
completed target 250 for PEMS04
completed target 278 for PEMS04
completed target 306 for PEMS04
{
  "dataset": "PEMS04",
  "targets": 12,
  "seeds_per_target": 1,
  "targets_positive_gain": 12,
  "targets_gain_over_static": 12,
  "target_fraction_positive_gain": 1.0,
  "target_fraction_gain_over_static": 1.0,
  "H_state_mean": 0.07719422416159984,
  "H_state_median": 0.07821416042698201,
  "R_oracle_mean": 0.5166805765996706,
  "R_deploy_mean": 0.2605263580826842,
  "target_records": [
    {
      "target_sensor": 0,
      "runs": 1,
      "oracle_static_gain": 0.08328016847372055,
      "oracle_greedy_gain": 0.08687320351600647,
      "H_state": 0.041359532017532875,
      "static_utility_gain": 0.03890138864517212,
      "cached_mur_gain": 0.038047365844249725,
      "ranked_rmur_q4_gain": 0.053304579108953476,
      "R_oracle_q4": 0.6135905774342955,
      "R_deploy_q4": 0.30024276760348567
    },
    {
      "target_sensor": 27,
      "runs": 1,
      "oracle_static_gain": 0.05101272836327553,
      "oracle_greedy_gain": 0.05821257829666138,
      "H_state": 0.12368203134199222,
      "static_utility_gain": 0.024290310218930244,
      "cached_mur_gain": 0.0241381898522377,
      "ranked_rmur_q4_gain": 0.028785694390535355,
      "R_oracle_q4": 0.49449268925761153,
      "R_deploy_q4": 0.13252015346686633
    },
    {
      "target_sensor": 55,
      "runs": 1,
      "oracle_static_gain": 0.09298492223024368,
      "oracle_greedy_gain": 0.09749170392751694,
      "H_state": 0.046227335411266925,
      "static_utility_gain": 0.02876364253461361,
      "cached_mur_gain": 0.032885659486055374,
      "ranked_rmur_q4_gain": 0.04536519572138786,
      "R_oracle_q4": 0.46532365210393645,
      "R_deploy_q4": 0.2415542189072786
    },
    {
      "target_sensor": 83,
      "runs": 1,
      "oracle_static_gain": 0.0727989673614502,
      "oracle_greedy_gain": 0.08047956973314285,
      "H_state": 0.09543543034785454,
      "static_utility_gain": 0.034430619329214096,
      "cached_mur_gain": 0.030727215111255646,
      "ranked_rmur_q4_gain": 0.048609163612127304,
      "R_oracle_q4": 0.6039938306492862,
      "R_deploy_q4": 0.307901573402714
    },
    {
      "target_sensor": 111,
      "runs": 1,
      "oracle_static_gain": 0.035527389496564865,
      "oracle_greedy_gain": 0.039038464426994324,
      "H_state": 0.08993885855821777,
      "static_utility_gain": 0.012906183488667011,
      "cached_mur_gain": 0.014658760279417038,
      "ranked_rmur_q4_gain": 0.020476367324590683,
      "R_oracle_q4": 0.5245177448739936,
      "R_deploy_q4": 0.28968706764593
    },
    {
      "target_sensor": 139,
      "runs": 1,
      "oracle_static_gain": 0.04807688668370247,
      "oracle_greedy_gain": 0.05217413231730461,
      "H_state": 0.07853021126799281,
      "static_utility_gain": 0.019948188215494156,
      "cached_mur_gain": 0.020113205537199974,
      "ranked_rmur_q4_gain": 0.0281512513756752,
      "R_oracle_q4": 0.5395633837179936,
      "R_deploy_q4": 0.25454842018795026
    },
    {
      "target_sensor": 166,
      "runs": 1,
      "oracle_static_gain": 0.05398626625537872,
      "oracle_greedy_gain": 0.05854696407914162,
      "H_state": 0.07789810958597121,
      "static_utility_gain": 0.01641337387263775,
      "cached_mur_gain": 0.01649799384176731,
      "ranked_rmur_q4_gain": 0.02199094370007515,
      "R_oracle_q4": 0.3756120243971764,
      "R_deploy_q4": 0.13237822364770688
    },
    {
      "target_sensor": 194,
      "runs": 1,
      "oracle_static_gain": 0.015868688002228737,
      "oracle_greedy_gain": 0.017900332808494568,
      "H_state": 0.11349759962572975,
      "static_utility_gain": 0.0016993561293929815,
      "cached_mur_gain": 0.001357344794087112,
      "ranked_rmur_q4_gain": 0.006597972009330988,
      "R_oracle_q4": 0.3685949350729352,
      "R_deploy_q4": 0.3023654670311923
    },
    {
      "target_sensor": 222,
      "runs": 1,
      "oracle_static_gain": 0.1332942247390747,
      "oracle_greedy_gain": 0.14215974509716034,
      "H_state": 0.062363085640217024,
      "static_utility_gain": 0.06413126736879349,
      "cached_mur_gain": 0.06636250019073486,
      "ranked_rmur_q4_gain": 0.09194743633270264,
      "R_oracle_q4": 0.6467895413702406,
      "R_deploy_q4": 0.35648739759787373
    },
    {
      "target_sensor": 250,
      "runs": 1,
      "oracle_static_gain": 0.045607708394527435,
      "oracle_greedy_gain": 0.04825824126601219,
      "H_state": 0.05492394256297734,
      "static_utility_gain": 0.017641443759202957,
      "cached_mur_gain": 0.01871403679251671,
      "ranked_rmur_q4_gain": 0.02807428129017353,
      "R_oracle_q4": 0.5817510243570765,
      "R_deploy_q4": 0.340755349368277
    },
    {
      "target_sensor": 278,
      "runs": 1,
      "oracle_static_gain": 0.07468002289533615,
      "oracle_greedy_gain": 0.08133594691753387,
      "H_state": 0.0818325017958681,
      "static_utility_gain": 0.030272064730525017,
      "cached_mur_gain": 0.028492020443081856,
      "ranked_rmur_q4_gain": 0.03906197100877762,
      "R_oracle_q4": 0.48025470273779886,
      "R_deploy_q4": 0.1721354879768393
    },
    {
      "target_sensor": 306,
      "runs": 1,
      "oracle_static_gain": 0.04499928280711174,
      "oracle_greedy_gain": 0.04790429770946503,
      "H_state": 0.06064205178357741,
      "static_utility_gain": 0.014280460774898529,
      "cached_mur_gain": 0.0157775916159153,
      "ranked_rmur_q4_gain": 0.024224380031228065,
      "R_oracle_q4": 0.505682813223703,
      "R_deploy_q4": 0.29574017015609644
    }
  ]
}
