/root/miniconda3/lib/python3.12/site-packages/torch/cuda/__init__.py:63: FutureWarning: The pynvml package is deprecated. Please install nvidia-ml-py instead. If you did not install pynvml directly, please report this to the maintainers of the package that installed pynvml for you.
  import pynvml  # type: ignore[import]
{
  "run_id": "R071_candidate_size",
  "status": "pilot_not_confirmatory",
  "config": {
    "candidate_count": 16,
    "group_count": 16,
    "budget": 4,
    "redundancy_ratio": 0.5,
    "harmful_fraction": 0.0,
    "anchor_noise": 1.0,
    "useful_residual_fraction": 0.1,
    "harmful_residual_fraction": 1.8,
    "seed": 505,
    "train_episodes": 2000,
    "test_episodes": 1500,
    "epochs": 15,
    "device": "cuda:0",
    "calibration_alpha": 0.1,
    "mmr_gamma_grid": [
      0.0,
      0.25,
      0.5,
      1.0
    ],
    "mmr_gamma_selected": 1.0,
    "mmr_validation": {
      "0.0": {
        "mean_prediction_gain": 0.21906705408294996,
        "negative_transfer_rate": 0.0,
        "mean_utility_recovery": 0.49147162651759396,
        "mean_selected_contexts": 4.0,
        "mean_gain_per_selected_context": 0.05476676352073749,
        "mean_duplicate_selections": 0.5326666666666666,
        "duplicate_selection_rate": 0.13316666666666666
      },
      "0.25": {
        "mean_prediction_gain": 0.26959922847151757,
        "negative_transfer_rate": 0.0,
        "mean_utility_recovery": 0.5982738457834041,
        "mean_selected_contexts": 4.0,
        "mean_gain_per_selected_context": 0.06739980711787939,
        "mean_duplicate_selections": 0.0006666666666666666,
        "duplicate_selection_rate": 0.00016666666666666666
      },
      "0.5": {
        "mean_prediction_gain": 0.29262179039915404,
        "negative_transfer_rate": 0.0,
        "mean_utility_recovery": 0.6388110421712583,
        "mean_selected_contexts": 4.0,
        "mean_gain_per_selected_context": 0.07315544759978851,
        "mean_duplicate_selections": 0.0,
        "duplicate_selection_rate": 0.0
      },
      "1.0": {
        "mean_prediction_gain": 0.3164918423295021,
        "negative_transfer_rate": 0.0,
        "mean_utility_recovery": 0.6868260784254034,
        "mean_selected_contexts": 4.0,
        "mean_gain_per_selected_context": 0.07912296058237553,
        "mean_duplicate_selections": 0.0,
        "duplicate_selection_rate": 0.0
      }
    },
    "calibration_radius": 0.09590725600719452,
    "free_threshold_grid": [
      0.0,
      1.3467669486999731e-05,
      0.0004940986633300781,
      0.00164833664894104,
      0.0037029206752777146,
      0.006144016981124879,
      0.009540724754333494,
      0.013681256771087655,
      0.018397510051727295,
      0.02414151728153229,
      0.031664764881134046,
      0.04124709069728851,
      0.05409657955169679,
      0.06843945384025574,
      0.08696035146713257,
      0.11748557388782505,
      0.15824919939041143,
      0.22589823305606863,
      0.8780051469802856
    ],
    "free_threshold_selected": 0.08696035146713257,
    "free_threshold_target_contexts": 1.896,
    "free_threshold_validation": {
      "0.0": {
        "mean_prediction_gain": 0.3185209221243858,
        "negative_transfer_rate": 0.0,
        "mean_utility_recovery": 0.6862449508770712,
        "mean_selected_contexts": 3.997333333333333,
        "mean_gain_per_selected_context": 0.07965158265001243,
        "mean_duplicate_selections": 1.1366666666666667,
        "duplicate_selection_rate": 0.28422222222222226
      },
      "1.3467669486999731e-05": {
        "mean_prediction_gain": 0.3185209221243858,
        "negative_transfer_rate": 0.0,
        "mean_utility_recovery": 0.6862449508770712,
        "mean_selected_contexts": 3.997333333333333,
        "mean_gain_per_selected_context": 0.07965158265001243,
        "mean_duplicate_selections": 1.1366666666666667,
        "duplicate_selection_rate": 0.28422222222222226
      },
      "0.0004940986633300781": {
        "mean_prediction_gain": 0.3185209221243858,
        "negative_transfer_rate": 0.0,
        "mean_utility_recovery": 0.6862449508770712,
        "mean_selected_contexts": 3.997333333333333,
        "mean_gain_per_selected_context": 0.07965158265001243,
        "mean_duplicate_selections": 1.1366666666666667,
        "duplicate_selection_rate": 0.28422222222222226
      },
      "0.00164833664894104": {
        "mean_prediction_gain": 0.31851479595899584,
        "negative_transfer_rate": 0.0,
        "mean_utility_recovery": 0.686237172730575,
        "mean_selected_contexts": 3.9966666666666666,
        "mean_gain_per_selected_context": 0.07968089471757411,
        "mean_duplicate_selections": 1.1366666666666667,
        "duplicate_selection_rate": 0.2842777777777778
      },
      "0.0037029206752777146": {
        "mean_prediction_gain": 0.31844479284683863,
        "negative_transfer_rate": 0.0,
        "mean_utility_recovery": 0.6859234179703075,
        "mean_selected_contexts": 3.993333333333333,
        "mean_gain_per_selected_context": 0.07971622188720438,
        "mean_duplicate_selections": 1.1366666666666667,
        "duplicate_selection_rate": 0.2843333333333333
      },
      "0.006144016981124879": {
        "mean_prediction_gain": 0.31842506674925486,
        "negative_transfer_rate": 0.0,
        "mean_utility_recovery": 0.6858474646294289,
        "mean_selected_contexts": 3.9913333333333334,
        "mean_gain_per_selected_context": 0.07973846233470572,
        "mean_duplicate_selections": 1.1366666666666667,
        "duplicate_selection_rate": 0.2843888888888889
      },
      "0.009540724754333494": {
        "mean_prediction_gain": 0.3180692005952199,
        "negative_transfer_rate": 0.0,
        "mean_utility_recovery": 0.684936086532068,
        "mean_selected_contexts": 3.984,
        "mean_gain_per_selected_context": 0.0797974777676993,
        "mean_duplicate_selections": 1.1353333333333333,
        "duplicate_selection_rate": 0.2841666666666667
      },
      "0.013681256771087655": {
        "mean_prediction_gain": 0.3180385432044665,
        "negative_transfer_rate": 0.0,
        "mean_utility_recovery": 0.6848498077418599,
        "mean_selected_contexts": 3.9766666666666666,
        "mean_gain_per_selected_context": 0.08000408559706476,
        "mean_duplicate_selections": 1.1333333333333333,
        "duplicate_selection_rate": 0.28394444444444444
      },
      "0.018397510051727295": {
        "mean_prediction_gain": 0.31750500308473906,
        "negative_transfer_rate": 0.0,
        "mean_utility_recovery": 0.6835728210511349,
        "mean_selected_contexts": 3.946,
        "mean_gain_per_selected_context": 0.08086050380600823,
        "mean_duplicate_selections": 1.1233333333333333,
        "duplicate_selection_rate": 0.2822222222222222
      },
      "0.02414151728153229": {
        "mean_prediction_gain": 0.3166762625873089,
        "negative_transfer_rate": 0.0,
        "mean_utility_recovery": 0.6811435047726274,
        "mean_selected_contexts": 3.908,
        "mean_gain_per_selected_context": 0.08133696738216613,
        "mean_duplicate_selections": 1.112,
        "duplicate_selection_rate": 0.2801111111111111
      },
      "0.031664764881134046": {
        "mean_prediction_gain": 0.31506385231018064,
        "negative_transfer_rate": 0.0,
        "mean_utility_recovery": 0.6758571452547909,
        "mean_selected_contexts": 3.804666666666667,
        "mean_gain_per_selected_context": 0.08278906589498122,
        "mean_duplicate_selections": 1.068,
        "duplicate_selection_rate": 0.27144444444444443
      },
      "0.04124709069728851": {
        "mean_prediction_gain": 0.3110167349378268,
        "negative_transfer_rate": 0.0,
        "mean_utility_recovery": 0.66387955939031,
        "mean_selected_contexts": 3.6353333333333335,
        "mean_gain_per_selected_context": 0.08616563636146818,
        "mean_duplicate_selections": 1.0066666666666666,
        "duplicate_selection_rate": 0.25933333333333336
      },
      "0.05409657955169679": {
        "mean_prediction_gain": 0.3019888099034627,
        "negative_transfer_rate": 0.0,
        "mean_utility_recovery": 0.6373143589382987,
        "mean_selected_contexts": 3.294,
        "mean_gain_per_selected_context": 0.09314214495117659,
        "mean_duplicate_selections": 0.8626666666666667,
        "duplicate_selection_rate": 0.22533333333333333
      },
      "0.06843945384025574": {
        "mean_prediction_gain": 0.28663212674856187,
        "negative_transfer_rate": 0.0,
        "mean_utility_recovery": 0.5920566974978682,
        "mean_selected_contexts": 2.8226666666666667,
        "mean_gain_per_selected_context": 0.10525547341385526,
        "mean_duplicate_selections": 0.6846666666666666,
        "duplicate_selection_rate": 0.18361111111111109
      },
      "0.08696035146713257": {
        "mean_prediction_gain": 0.25973682348926863,
        "negative_transfer_rate": 0.0,
        "mean_utility_recovery": 0.5157991668116956,
        "mean_selected_contexts": 2.178,
        "mean_gain_per_selected_context": 0.1270272602637609,
        "mean_duplicate_selections": 0.4686666666666667,
        "duplicate_selection_rate": 0.1313888888888889
      },
      "0.11748557388782505": {
        "mean_prediction_gain": 0.19833066974083582,
        "negative_transfer_rate": 0.0,
        "mean_utility_recovery": 0.3605461521470459,
        "mean_selected_contexts": 1.2613333333333334,
        "mean_gain_per_selected_context": 0.17335852321015907,
        "mean_duplicate_selections": 0.216,
        "duplicate_selection_rate": 0.06516666666666665
      },
      "0.15824919939041143": {
        "mean_prediction_gain": 0.1220269172390302,
        "negative_transfer_rate": 0.0,
        "mean_utility_recovery": 0.19631455854179256,
        "mean_selected_contexts": 0.5613333333333334,
        "mean_gain_per_selected_context": 0.2366900661017424,
        "mean_duplicate_selections": 0.06466666666666666,
        "duplicate_selection_rate": 0.02172222222222222
      },
      "0.22589823305606863": {
        "mean_prediction_gain": 0.04301276316245397,
        "negative_transfer_rate": 0.0,
        "mean_utility_recovery": 0.05766869688647982,
        "mean_selected_contexts": 0.13466666666666666,
        "mean_gain_per_selected_context": 0.3400457830956349,
        "mean_duplicate_selections": 0.007333333333333333,
        "duplicate_selection_rate": 0.002944444444444444
      },
      "0.8780051469802856": {
        "mean_prediction_gain": 0.0,
        "negative_transfer_rate": 0.0,
        "mean_utility_recovery": 0.0,
        "mean_selected_contexts": 0.0,
        "mean_gain_per_selected_context": NaN,
        "mean_duplicate_selections": 0.0,
        "duplicate_selection_rate": 0.0
      }
    }
  },
  "metrics": {
    "relevance": {
      "mean_prediction_gain": 0.21083231101930142,
      "negative_transfer_rate": 0.0,
      "mean_utility_recovery": 0.48326450094765755,
      "mean_selected_contexts": 4.0,
      "mean_gain_per_selected_context": 0.052708077754825354,
      "mean_duplicate_selections": 0.542,
      "duplicate_selection_rate": 0.1355
    },
    "mmr": {
      "mean_prediction_gain": 0.31269772969186305,
      "negative_transfer_rate": 0.0,
      "mean_utility_recovery": 0.6874579826410707,
      "mean_selected_contexts": 4.0,
      "mean_gain_per_selected_context": 0.07817443242296576,
      "mean_duplicate_selections": 0.0,
      "duplicate_selection_rate": 0.0
    },
    "coverage": {
      "mean_prediction_gain": 0.24443989438315233,
      "negative_transfer_rate": 0.0,
      "mean_utility_recovery": 0.5590723389885897,
      "mean_selected_contexts": 4.0,
      "mean_gain_per_selected_context": 0.061109973595788084,
      "mean_duplicate_selections": 0.0,
      "duplicate_selection_rate": 0.0
    },
    "oracle_static": {
      "mean_prediction_gain": 0.3464447547545036,
      "negative_transfer_rate": 0.0,
      "mean_utility_recovery": 0.7819189859215403,
      "mean_selected_contexts": 4.0,
      "mean_gain_per_selected_context": 0.0866111886886259,
      "mean_duplicate_selections": 1.6633333333333333,
      "duplicate_selection_rate": 0.41583333333333333
    },
    "static_utility": {
      "mean_prediction_gain": 0.286218193312486,
      "negative_transfer_rate": 0.0,
      "mean_utility_recovery": 0.6248955499999586,
      "mean_selected_contexts": 4.0,
      "mean_gain_per_selected_context": 0.0715545483281215,
      "mean_duplicate_selections": 1.6646666666666667,
      "duplicate_selection_rate": 0.4161666666666667
    },
    "mur_light": {
      "mean_prediction_gain": 0.3124239804049333,
      "negative_transfer_rate": 0.0,
      "mean_utility_recovery": 0.684242754895258,
      "mean_selected_contexts": 3.9993333333333334,
      "mean_gain_per_selected_context": 0.07811482033712996,
      "mean_duplicate_selections": 1.1406666666666667,
      "duplicate_selection_rate": 0.2851666666666667,
      "positive_selection_precision": 0.7151191865310885
    },
    "mur_interval": {
      "mean_prediction_gain": 0.23789079091946283,
      "negative_transfer_rate": 0.0,
      "mean_utility_recovery": 0.4669393051522838,
      "mean_selected_contexts": 1.872,
      "mean_gain_per_selected_context": 0.13999105861905434,
      "mean_duplicate_selections": 0.396,
      "duplicate_selection_rate": 0.1131111111111111,
      "positive_selection_precision": 0.7884615384615384
    },
    "mur_free_threshold": {
      "mean_prediction_gain": 0.2543079890112082,
      "negative_transfer_rate": 0.0,
      "mean_utility_recovery": 0.5126295534741482,
      "mean_selected_contexts": 2.1706666666666665,
      "mean_gain_per_selected_context": 0.12659160546778034,
      "mean_duplicate_selections": 0.4826666666666667,
      "duplicate_selection_rate": 0.13355555555555554,
      "positive_selection_precision": 0.777948402948403
    },
    "oracle": {
      "mean_prediction_gain": 0.4411529334038496,
      "negative_transfer_rate": 0.0,
      "mean_utility_recovery": 1.0,
      "mean_selected_contexts": 4.0,
      "mean_gain_per_selected_context": 0.1102882333509624,
      "mean_duplicate_selections": 0.0,
      "duplicate_selection_rate": 0.0
    },
    "state_conditioning_headroom": 0.21468332516480454,
    "mur_estimation_gap": 0.2918011946688621,
    "mur_headroom_recovery": -0.35921685787592983
  },
  "state_diagnostics": {
    "random": {
      "utility_mae": 0.04638219876264116,
      "top1_accuracy": 0.33666666666666667,
      "one_step_regret": 0.04243763122955958
    },
    "oracle_prefix": {
      "utility_mae": 0.0422423833000752,
      "top1_accuracy": 0.21266666666666667,
      "one_step_regret": 0.03557059697185953
    },
    "mur_rollout": {
      "utility_mae": 0.04647535790918909,
      "top1_accuracy": 0.17616666666666667,
      "one_step_regret": 0.06869978117446104
    }
  },
  "wall_seconds": 60.5863823890686,
  "provenance": {
    "script_sha256": "628f9002d6ce0713a79d15c8c59c5c789416c254fbf99953fcea3c81c4d70721",
    "synthetic_sha256": "01266f6e3312b25217202382aa7289a8d60f88662f69718497fd7a89f59641d1",
    "experiment_sha256": "7848c12daf71a95ca7b312ec0d37e1e97bc462688eaa67b316879bc328f00b4b"
  }
}
