/root/miniconda3/lib/python3.12/site-packages/torch/cuda/__init__.py:63: FutureWarning: The pynvml package is deprecated. Please install nvidia-ml-py instead. If you did not install pynvml directly, please report this to the maintainers of the package that installed pynvml for you.
  import pynvml  # type: ignore[import]
{
  "run_id": "R071_candidate_size",
  "status": "pilot_not_confirmatory",
  "config": {
    "candidate_count": 16,
    "group_count": 16,
    "budget": 4,
    "redundancy_ratio": 0.5,
    "harmful_fraction": 0.0,
    "anchor_noise": 1.0,
    "useful_residual_fraction": 0.1,
    "harmful_residual_fraction": 1.8,
    "seed": 404,
    "train_episodes": 2000,
    "test_episodes": 1500,
    "epochs": 15,
    "device": "cuda:0",
    "calibration_alpha": 0.1,
    "mmr_gamma_grid": [
      0.0,
      0.25,
      0.5,
      1.0
    ],
    "mmr_gamma_selected": 1.0,
    "mmr_validation": {
      "0.0": {
        "mean_prediction_gain": 0.20955566301445167,
        "negative_transfer_rate": 0.0,
        "mean_utility_recovery": 0.4773566325279142,
        "mean_selected_contexts": 4.0,
        "mean_gain_per_selected_context": 0.052388915753612916,
        "mean_duplicate_selections": 0.5473333333333333,
        "duplicate_selection_rate": 0.13683333333333333
      },
      "0.25": {
        "mean_prediction_gain": 0.27285851702094077,
        "negative_transfer_rate": 0.0,
        "mean_utility_recovery": 0.6114747120395687,
        "mean_selected_contexts": 4.0,
        "mean_gain_per_selected_context": 0.06821462925523519,
        "mean_duplicate_selections": 0.0,
        "duplicate_selection_rate": 0.0
      },
      "0.5": {
        "mean_prediction_gain": 0.29073530712723733,
        "negative_transfer_rate": 0.0,
        "mean_utility_recovery": 0.6470128595607748,
        "mean_selected_contexts": 4.0,
        "mean_gain_per_selected_context": 0.07268382678180933,
        "mean_duplicate_selections": 0.0,
        "duplicate_selection_rate": 0.0
      },
      "1.0": {
        "mean_prediction_gain": 0.31482613925635816,
        "negative_transfer_rate": 0.0,
        "mean_utility_recovery": 0.7012876251211756,
        "mean_selected_contexts": 4.0,
        "mean_gain_per_selected_context": 0.07870653481408954,
        "mean_duplicate_selections": 0.0,
        "duplicate_selection_rate": 0.0
      }
    },
    "calibration_radius": 0.09772384166717529,
    "free_threshold_grid": [
      0.0,
      2.0670890808105534e-05,
      0.0004836082458496094,
      0.0015117675065994263,
      0.003102016448974611,
      0.005796098709106447,
      0.008912622928619383,
      0.01297276020050049,
      0.018756240606307983,
      0.02505677342414856,
      0.03238778114318849,
      0.04217112064361572,
      0.052949658036232,
      0.06681640446186066,
      0.08404052257537842,
      0.11010691076517108,
      0.1490004420280457,
      0.21417412459850318,
      0.797592282295227
    ],
    "free_threshold_selected": 0.11010691076517108,
    "free_threshold_target_contexts": 1.642,
    "free_threshold_validation": {
      "0.0": {
        "mean_prediction_gain": 0.31577091028292975,
        "negative_transfer_rate": 0.0,
        "mean_utility_recovery": 0.6966688282747113,
        "mean_selected_contexts": 3.990666666666667,
        "mean_gain_per_selected_context": 0.07920102601746717,
        "mean_duplicate_selections": 0.8813333333333333,
        "duplicate_selection_rate": 0.22038888888888888
      },
      "2.0670890808105534e-05": {
        "mean_prediction_gain": 0.31577091028292975,
        "negative_transfer_rate": 0.0,
        "mean_utility_recovery": 0.6966688282747113,
        "mean_selected_contexts": 3.990666666666667,
        "mean_gain_per_selected_context": 0.07920102601746717,
        "mean_duplicate_selections": 0.8813333333333333,
        "duplicate_selection_rate": 0.22038888888888888
      },
      "0.0004836082458496094": {
        "mean_prediction_gain": 0.3157593301335971,
        "negative_transfer_rate": 0.0,
        "mean_utility_recovery": 0.6965837393559706,
        "mean_selected_contexts": 3.9886666666666666,
        "mean_gain_per_selected_context": 0.07921086239980327,
        "mean_duplicate_selections": 0.8806666666666667,
        "duplicate_selection_rate": 0.22027777777777774
      },
      "0.0015117675065994263": {
        "mean_prediction_gain": 0.3157478847702344,
        "negative_transfer_rate": 0.0,
        "mean_utility_recovery": 0.6965582092281383,
        "mean_selected_contexts": 3.988,
        "mean_gain_per_selected_context": 0.07922069291439321,
        "mean_duplicate_selections": 0.8806666666666667,
        "duplicate_selection_rate": 0.22027777777777774
      },
      "0.003102016448974611": {
        "mean_prediction_gain": 0.31571388796965283,
        "negative_transfer_rate": 0.0,
        "mean_utility_recovery": 0.6964717384212241,
        "mean_selected_contexts": 3.986666666666667,
        "mean_gain_per_selected_context": 0.07924104597336716,
        "mean_duplicate_selections": 0.8806666666666667,
        "duplicate_selection_rate": 0.22027777777777774
      },
      "0.005796098709106447": {
        "mean_prediction_gain": 0.3157093009551366,
        "negative_transfer_rate": 0.0,
        "mean_utility_recovery": 0.6964464757845258,
        "mean_selected_contexts": 3.982666666666667,
        "mean_gain_per_selected_context": 0.07927098856204086,
        "mean_duplicate_selections": 0.8793333333333333,
        "duplicate_selection_rate": 0.2200555555555556
      },
      "0.008912622928619383": {
        "mean_prediction_gain": 0.3154814521869024,
        "negative_transfer_rate": 0.0,
        "mean_utility_recovery": 0.6958017238411931,
        "mean_selected_contexts": 3.968,
        "mean_gain_per_selected_context": 0.0799148482117388,
        "mean_duplicate_selections": 0.876,
        "duplicate_selection_rate": 0.2193888888888889
      },
      "0.01297276020050049": {
        "mean_prediction_gain": 0.31502192382017774,
        "negative_transfer_rate": 0.0,
        "mean_utility_recovery": 0.6942671703118264,
        "mean_selected_contexts": 3.9393333333333334,
        "mean_gain_per_selected_context": 0.08049834091630247,
        "mean_duplicate_selections": 0.8653333333333333,
        "duplicate_selection_rate": 0.21733333333333332
      },
      "0.018756240606307983": {
        "mean_prediction_gain": 0.3143004789054394,
        "negative_transfer_rate": 0.0,
        "mean_utility_recovery": 0.6922855407003935,
        "mean_selected_contexts": 3.8966666666666665,
        "mean_gain_per_selected_context": 0.08123948899904887,
        "mean_duplicate_selections": 0.848,
        "duplicate_selection_rate": 0.21344444444444446
      },
      "0.02505677342414856": {
        "mean_prediction_gain": 0.3131508248547713,
        "negative_transfer_rate": 0.0,
        "mean_utility_recovery": 0.689314729524942,
        "mean_selected_contexts": 3.824,
        "mean_gain_per_selected_context": 0.08231591532528333,
        "mean_duplicate_selections": 0.8213333333333334,
        "duplicate_selection_rate": 0.20794444444444443
      },
      "0.03238778114318849": {
        "mean_prediction_gain": 0.31019367556770644,
        "negative_transfer_rate": 0.0,
        "mean_utility_recovery": 0.680657427718595,
        "mean_selected_contexts": 3.699333333333333,
        "mean_gain_per_selected_context": 0.0843411753810743,
        "mean_duplicate_selections": 0.778,
        "duplicate_selection_rate": 0.19872222222222222
      },
      "0.04217112064361572": {
        "mean_prediction_gain": 0.3055733541448911,
        "negative_transfer_rate": 0.0,
        "mean_utility_recovery": 0.666310145535599,
        "mean_selected_contexts": 3.4873333333333334,
        "mean_gain_per_selected_context": 0.08833659673276553,
        "mean_duplicate_selections": 0.704,
        "duplicate_selection_rate": 0.18216666666666667
      },
      "0.052949658036232": {
        "mean_prediction_gain": 0.2972492213646571,
        "negative_transfer_rate": 0.0,
        "mean_utility_recovery": 0.6406499069553091,
        "mean_selected_contexts": 3.158,
        "mean_gain_per_selected_context": 0.09617349614311103,
        "mean_duplicate_selections": 0.5853333333333334,
        "duplicate_selection_rate": 0.15316666666666667
      },
      "0.06681640446186066": {
        "mean_prediction_gain": 0.2796013495028019,
        "negative_transfer_rate": 0.0,
        "mean_utility_recovery": 0.5923037240882665,
        "mean_selected_contexts": 2.6486666666666667,
        "mean_gain_per_selected_context": 0.11120531920357789,
        "mean_duplicate_selections": 0.4146666666666667,
        "duplicate_selection_rate": 0.11027777777777775
      },
      "0.08404052257537842": {
        "mean_prediction_gain": 0.2536159940560659,
        "negative_transfer_rate": 0.0,
        "mean_utility_recovery": 0.5217851246930979,
        "mean_selected_contexts": 2.0726666666666667,
        "mean_gain_per_selected_context": 0.1308749537465965,
        "mean_duplicate_selections": 0.25133333333333335,
        "duplicate_selection_rate": 0.06916666666666667
      },
      "0.11010691076517108": {
        "mean_prediction_gain": 0.2006937809487184,
        "negative_transfer_rate": 0.0,
        "mean_utility_recovery": 0.38645772353587243,
        "mean_selected_contexts": 1.2953333333333332,
        "mean_gain_per_selected_context": 0.1664255816120887,
        "mean_duplicate_selections": 0.09533333333333334,
        "duplicate_selection_rate": 0.0275
      },
      "0.1490004420280457": {
        "mean_prediction_gain": 0.12037715887029966,
        "negative_transfer_rate": 0.0,
        "mean_utility_recovery": 0.20250950188773595,
        "mean_selected_contexts": 0.5606666666666666,
        "mean_gain_per_selected_context": 0.2328735250411004,
        "mean_duplicate_selections": 0.022,
        "duplicate_selection_rate": 0.006277777777777779
      },
      "0.21417412459850318": {
        "mean_prediction_gain": 0.03672995379567146,
        "negative_transfer_rate": 0.0,
        "mean_utility_recovery": 0.052157665971789606,
        "mean_selected_contexts": 0.122,
        "mean_gain_per_selected_context": 0.31777511670382,
        "mean_duplicate_selections": 0.002,
        "duplicate_selection_rate": 0.0006666666666666666
      },
      "0.797592282295227": {
        "mean_prediction_gain": 0.0,
        "negative_transfer_rate": 0.0,
        "mean_utility_recovery": 0.0,
        "mean_selected_contexts": 0.0,
        "mean_gain_per_selected_context": NaN,
        "mean_duplicate_selections": 0.0,
        "duplicate_selection_rate": 0.0
      }
    }
  },
  "metrics": {
    "relevance": {
      "mean_prediction_gain": 0.21716951027512552,
      "negative_transfer_rate": 0.0,
      "mean_utility_recovery": 0.48628866724694353,
      "mean_selected_contexts": 4.0,
      "mean_gain_per_selected_context": 0.05429237756878138,
      "mean_duplicate_selections": 0.5353333333333333,
      "duplicate_selection_rate": 0.13383333333333333
    },
    "mmr": {
      "mean_prediction_gain": 0.31714362164835136,
      "negative_transfer_rate": 0.0,
      "mean_utility_recovery": 0.6867063540581336,
      "mean_selected_contexts": 4.0,
      "mean_gain_per_selected_context": 0.07928590541208784,
      "mean_duplicate_selections": 0.0,
      "duplicate_selection_rate": 0.0
    },
    "coverage": {
      "mean_prediction_gain": 0.25281048100193343,
      "negative_transfer_rate": 0.0,
      "mean_utility_recovery": 0.5639982804505191,
      "mean_selected_contexts": 4.0,
      "mean_gain_per_selected_context": 0.06320262025048336,
      "mean_duplicate_selections": 0.0,
      "duplicate_selection_rate": 0.0
    },
    "oracle_static": {
      "mean_prediction_gain": 0.3545831746806701,
      "negative_transfer_rate": 0.0,
      "mean_utility_recovery": 0.7834616559069938,
      "mean_selected_contexts": 4.0,
      "mean_gain_per_selected_context": 0.08864579367016752,
      "mean_duplicate_selections": 1.672,
      "duplicate_selection_rate": 0.418
    },
    "static_utility": {
      "mean_prediction_gain": 0.29512926199038825,
      "negative_transfer_rate": 0.0,
      "mean_utility_recovery": 0.6326491731231433,
      "mean_selected_contexts": 4.0,
      "mean_gain_per_selected_context": 0.07378231549759706,
      "mean_duplicate_selections": 1.6573333333333333,
      "duplicate_selection_rate": 0.41433333333333333
    },
    "mur_light": {
      "mean_prediction_gain": 0.3306613629857699,
      "negative_transfer_rate": 0.0,
      "mean_utility_recovery": 0.707515150894432,
      "mean_selected_contexts": 3.9926666666666666,
      "mean_gain_per_selected_context": 0.08284066538347139,
      "mean_duplicate_selections": 0.8993333333333333,
      "duplicate_selection_rate": 0.22494444444444442,
      "positive_selection_precision": 0.7747537151444315
    },
    "mur_interval": {
      "mean_prediction_gain": 0.23872362940510114,
      "negative_transfer_rate": 0.0,
      "mean_utility_recovery": 0.45070444248693214,
      "mean_selected_contexts": 1.6786666666666668,
      "mean_gain_per_selected_context": 0.1518191963023213,
      "mean_duplicate_selections": 0.20666666666666667,
      "duplicate_selection_rate": 0.05827777777777777,
      "positive_selection_precision": 0.8768864177918984
    },
    "mur_free_threshold": {
      "mean_prediction_gain": 0.21324582306543985,
      "negative_transfer_rate": 0.0,
      "mean_utility_recovery": 0.3876332396597111,
      "mean_selected_contexts": 1.342,
      "mean_gain_per_selected_context": 0.17007317231787789,
      "mean_duplicate_selections": 0.13466666666666666,
      "duplicate_selection_rate": 0.03838888888888889,
      "positive_selection_precision": 0.899652260307998
    },
    "oracle": {
      "mean_prediction_gain": 0.450194144397974,
      "negative_transfer_rate": 0.0,
      "mean_utility_recovery": 1.0,
      "mean_selected_contexts": 4.0,
      "mean_gain_per_selected_context": 0.1125485360994935,
      "mean_duplicate_selections": 0.0,
      "duplicate_selection_rate": 0.0
    },
    "state_conditioning_headroom": 0.21237719527685223,
    "mur_estimation_gap": 0.26551385196724475,
    "mur_headroom_recovery": -0.25019944641949093
  },
  "state_diagnostics": {
    "random": {
      "utility_mae": 0.046534591688965864,
      "top1_accuracy": 0.3433333333333333,
      "one_step_regret": 0.04565641628702482
    },
    "oracle_prefix": {
      "utility_mae": 0.04113655911586194,
      "top1_accuracy": 0.21783333333333332,
      "one_step_regret": 0.03458712166796128
    },
    "mur_rollout": {
      "utility_mae": 0.04662465717494364,
      "top1_accuracy": 0.18166666666666667,
      "one_step_regret": 0.0666806733906269
    }
  },
  "wall_seconds": 58.06556415557861,
  "provenance": {
    "script_sha256": "628f9002d6ce0713a79d15c8c59c5c789416c254fbf99953fcea3c81c4d70721",
    "synthetic_sha256": "01266f6e3312b25217202382aa7289a8d60f88662f69718497fd7a89f59641d1",
    "experiment_sha256": "7848c12daf71a95ca7b312ec0d37e1e97bc462688eaa67b316879bc328f00b4b"
  }
}
