/root/miniconda3/lib/python3.12/site-packages/torch/cuda/__init__.py:63: FutureWarning: The pynvml package is deprecated. Please install nvidia-ml-py instead. If you did not install pynvml directly, please report this to the maintainers of the package that installed pynvml for you.
  import pynvml  # type: ignore[import]
completed target 0 for PEMS04
completed target 9 for PEMS04
completed target 19 for PEMS04
completed target 29 for PEMS04
completed target 39 for PEMS04
completed target 49 for PEMS04
completed target 59 for PEMS04
completed target 69 for PEMS04
completed target 78 for PEMS04
completed target 88 for PEMS04
completed target 98 for PEMS04
completed target 108 for PEMS04
completed target 118 for PEMS04
completed target 128 for PEMS04
completed target 138 for PEMS04
completed target 148 for PEMS04
completed target 157 for PEMS04
completed target 167 for PEMS04
completed target 177 for PEMS04
completed target 187 for PEMS04
completed target 197 for PEMS04
completed target 207 for PEMS04
completed target 217 for PEMS04
completed target 227 for PEMS04
completed target 236 for PEMS04
completed target 246 for PEMS04
completed target 256 for PEMS04
completed target 266 for PEMS04
completed target 276 for PEMS04
completed target 286 for PEMS04
completed target 296 for PEMS04
completed target 306 for PEMS04
{
  "dataset": "PEMS04",
  "targets": 32,
  "seeds_per_target": 1,
  "targets_positive_gain": 32,
  "targets_gain_over_static": 31,
  "target_fraction_positive_gain": 1.0,
  "target_fraction_gain_over_static": 0.96875,
  "H_state_mean": 0.08405168638609772,
  "H_state_median": 0.0714876540470128,
  "R_oracle_mean": 0.5151320855683819,
  "R_deploy_mean": 0.26959466019703787,
  "target_records": [
    {
      "target_sensor": 0,
      "runs": 1,
      "oracle_static_gain": 0.08328016847372055,
      "oracle_greedy_gain": 0.08687320351600647,
      "H_state": 0.041359532017532875,
      "static_utility_gain": 0.03890138864517212,
      "cached_mur_gain": 0.038047365844249725,
      "ranked_rmur_q4_gain": 0.053304579108953476,
      "R_oracle_q4": 0.6135905774342955,
      "R_deploy_q4": 0.30024276760348567
    },
    {
      "target_sensor": 9,
      "runs": 1,
      "oracle_static_gain": 0.043192457407712936,
      "oracle_greedy_gain": 0.04709349200129509,
      "H_state": 0.0828359594458375,
      "static_utility_gain": 0.020355094224214554,
      "cached_mur_gain": 0.02104354090988636,
      "ranked_rmur_q4_gain": 0.02839619666337967,
      "R_oracle_q4": 0.6029749644090687,
      "R_deploy_q4": 0.3007323963912954
    },
    {
      "target_sensor": 19,
      "runs": 1,
      "oracle_static_gain": 0.036038823425769806,
      "oracle_greedy_gain": 0.03915899991989136,
      "H_state": 0.07967967773703573,
      "static_utility_gain": 0.011716393753886223,
      "cached_mur_gain": 0.014104529283940792,
      "ranked_rmur_q4_gain": 0.02175181917846203,
      "R_oracle_q4": 0.555474328327085,
      "R_deploy_q4": 0.3656877690066956
    },
    {
      "target_sensor": 29,
      "runs": 1,
      "oracle_static_gain": 0.060432709753513336,
      "oracle_greedy_gain": 0.06509587168693542,
      "H_state": 0.07163529441388483,
      "static_utility_gain": 0.01775638572871685,
      "cached_mur_gain": 0.020942678675055504,
      "ranked_rmur_q4_gain": 0.03285601735115051,
      "R_oracle_q4": 0.504732734959975,
      "R_deploy_q4": 0.3189648412270566
    },
    {
      "target_sensor": 39,
      "runs": 1,
      "oracle_static_gain": 0.11468281596899033,
      "oracle_greedy_gain": 0.11621080338954926,
      "H_state": 0.013148411128670849,
      "static_utility_gain": 0.05094112828373909,
      "cached_mur_gain": 0.051070213317871094,
      "ranked_rmur_q4_gain": 0.04832017049193382,
      "R_oracle_q4": 0.41579757718359617,
      "R_deploy_q4": -0.04015582715183388
    },
    {
      "target_sensor": 49,
      "runs": 1,
      "oracle_static_gain": 0.051473669707775116,
      "oracle_greedy_gain": 0.054084472358226776,
      "H_state": 0.04827268412935772,
      "static_utility_gain": 0.015771940350532532,
      "cached_mur_gain": 0.019883686676621437,
      "ranked_rmur_q4_gain": 0.025515323504805565,
      "R_oracle_q4": 0.4717680027606747,
      "R_deploy_q4": 0.25431321407617447
    },
    {
      "target_sensor": 59,
      "runs": 1,
      "oracle_static_gain": 0.033089958131313324,
      "oracle_greedy_gain": 0.03792370483279228,
      "H_state": 0.127459770156719,
      "static_utility_gain": 0.011575393378734589,
      "cached_mur_gain": 0.010829940438270569,
      "ranked_rmur_q4_gain": 0.018284400925040245,
      "R_oracle_q4": 0.482136463345477,
      "R_deploy_q4": 0.25462760898374215
    },
    {
      "target_sensor": 69,
      "runs": 1,
      "oracle_static_gain": 0.042914655059576035,
      "oracle_greedy_gain": 0.04587223753333092,
      "H_state": 0.06447434511137361,
      "static_utility_gain": 0.012866857461631298,
      "cached_mur_gain": 0.014124873094260693,
      "ranked_rmur_q4_gain": 0.023566879332065582,
      "R_oracle_q4": 0.5137503771195336,
      "R_deploy_q4": 0.3241902334464856
    },
    {
      "target_sensor": 78,
      "runs": 1,
      "oracle_static_gain": 0.043761108070611954,
      "oracle_greedy_gain": 0.049297790974378586,
      "H_state": 0.11231097366298214,
      "static_utility_gain": 0.01911534182727337,
      "cached_mur_gain": 0.018591878935694695,
      "ranked_rmur_q4_gain": 0.025175759568810463,
      "R_oracle_q4": 0.5106873770854153,
      "R_deploy_q4": 0.2007927756955517
    },
    {
      "target_sensor": 88,
      "runs": 1,
      "oracle_static_gain": 0.0741644948720932,
      "oracle_greedy_gain": 0.0770312249660492,
      "H_state": 0.03721516950067299,
      "static_utility_gain": 0.024194976314902306,
      "cached_mur_gain": 0.026441315189003944,
      "ranked_rmur_q4_gain": 0.0351000539958477,
      "R_oracle_q4": 0.4556600782516146,
      "R_deploy_q4": 0.20639386707687252
    },
    {
      "target_sensor": 98,
      "runs": 1,
      "oracle_static_gain": 0.05885854363441467,
      "oracle_greedy_gain": 0.06180120259523392,
      "H_state": 0.047614914228969726,
      "static_utility_gain": 0.024662643671035767,
      "cached_mur_gain": 0.0262089092284441,
      "ranked_rmur_q4_gain": 0.032931845635175705,
      "R_oracle_q4": 0.5328673917700656,
      "R_deploy_q4": 0.2226581268545674
    },
    {
      "target_sensor": 108,
      "runs": 1,
      "oracle_static_gain": 0.030700530856847763,
      "oracle_greedy_gain": 0.03350201994180679,
      "H_state": 0.08362149774327737,
      "static_utility_gain": 0.010118009522557259,
      "cached_mur_gain": 0.010559369809925556,
      "ranked_rmur_q4_gain": 0.017658459022641182,
      "R_oracle_q4": 0.5270863981728274,
      "R_deploy_q4": 0.32246177472948284
    },
    {
      "target_sensor": 118,
      "runs": 1,
      "oracle_static_gain": 0.0936369076371193,
      "oracle_greedy_gain": 0.09934022277593613,
      "H_state": 0.05741194230740529,
      "static_utility_gain": 0.032441817224025726,
      "cached_mur_gain": 0.03480130061507225,
      "ranked_rmur_q4_gain": 0.052170127630233765,
      "R_oracle_q4": 0.5251662033001933,
      "R_deploy_q4": 0.2948995606614224
    },
    {
      "target_sensor": 128,
      "runs": 1,
      "oracle_static_gain": 0.06609104573726654,
      "oracle_greedy_gain": 0.07150651514530182,
      "H_state": 0.07573392993674773,
      "static_utility_gain": 0.01610472798347473,
      "cached_mur_gain": 0.0209891926497221,
      "ranked_rmur_q4_gain": 0.031060101464390755,
      "R_oracle_q4": 0.4343674335307262,
      "R_deploy_q4": 0.26994388172410017
    },
    {
      "target_sensor": 138,
      "runs": 1,
      "oracle_static_gain": 0.0548604354262352,
      "oracle_greedy_gain": 0.05863560363650322,
      "H_state": 0.064383548153972,
      "static_utility_gain": 0.013321422971785069,
      "cached_mur_gain": 0.013965291902422905,
      "ranked_rmur_q4_gain": 0.0221928209066391,
      "R_oracle_q4": 0.3784871226741,
      "R_deploy_q4": 0.19577531370353884
    },
    {
      "target_sensor": 148,
      "runs": 1,
      "oracle_static_gain": 0.02259032055735588,
      "oracle_greedy_gain": 0.02604130655527115,
      "H_state": 0.1325196948390724,
      "static_utility_gain": 0.009769403375685215,
      "cached_mur_gain": 0.009585120715200901,
      "ranked_rmur_q4_gain": 0.011355050839483738,
      "R_oracle_q4": 0.4360399819180849,
      "R_deploy_q4": 0.0974469578818421
    },
    {
      "target_sensor": 157,
      "runs": 1,
      "oracle_static_gain": 0.08324958384037018,
      "oracle_greedy_gain": 0.09115517884492874,
      "H_state": 0.08672677849721949,
      "static_utility_gain": 0.028713950887322426,
      "cached_mur_gain": 0.02952655404806137,
      "ranked_rmur_q4_gain": 0.04670718312263489,
      "R_oracle_q4": 0.5123919860010604,
      "R_deploy_q4": 0.2881626903226301
    },
    {
      "target_sensor": 167,
      "runs": 1,
      "oracle_static_gain": 0.06410428136587143,
      "oracle_greedy_gain": 0.0670820027589798,
      "H_state": 0.044389273883295936,
      "static_utility_gain": 0.016191791743040085,
      "cached_mur_gain": 0.01608753204345703,
      "ranked_rmur_q4_gain": 0.030448149889707565,
      "R_oracle_q4": 0.45389446703172087,
      "R_deploy_q4": 0.2801394975981164
    },
    {
      "target_sensor": 177,
      "runs": 1,
      "oracle_static_gain": 0.013577350415289402,
      "oracle_greedy_gain": 0.019735828042030334,
      "H_state": 0.3120455657409232,
      "static_utility_gain": -0.000214781379327178,
      "cached_mur_gain": -0.00037591293221339583,
      "ranked_rmur_q4_gain": 0.005708854179829359,
      "R_oracle_q4": 0.28926347390499746,
      "R_deploy_q4": 0.2969150181856185
    },
    {
      "target_sensor": 187,
      "runs": 1,
      "oracle_static_gain": 0.06788632273674011,
      "oracle_greedy_gain": 0.07282929122447968,
      "H_state": 0.06787061091263391,
      "static_utility_gain": 0.02256111055612564,
      "cached_mur_gain": 0.02224813960492611,
      "ranked_rmur_q4_gain": 0.034608274698257446,
      "R_oracle_q4": 0.4751971921789728,
      "R_deploy_q4": 0.23965785079060978
    },
    {
      "target_sensor": 197,
      "runs": 1,
      "oracle_static_gain": 0.015868688002228737,
      "oracle_greedy_gain": 0.017900332808494568,
      "H_state": 0.11349759962572975,
      "static_utility_gain": 0.0016993561293929815,
      "cached_mur_gain": 0.001357344794087112,
      "ranked_rmur_q4_gain": 0.006597972009330988,
      "R_oracle_q4": 0.3685949350729352,
      "R_deploy_q4": 0.3023654670311923
    },
    {
      "target_sensor": 207,
      "runs": 1,
      "oracle_static_gain": 0.042874984443187714,
      "oracle_greedy_gain": 0.04672878980636597,
      "H_state": 0.08247175625877734,
      "static_utility_gain": 0.01991390623152256,
      "cached_mur_gain": 0.021374640986323357,
      "ranked_rmur_q4_gain": 0.028217874467372894,
      "R_oracle_q4": 0.6038648675538503,
      "R_deploy_q4": 0.30967757934406126
    },
    {
      "target_sensor": 217,
      "runs": 1,
      "oracle_static_gain": 0.062247782945632935,
      "oracle_greedy_gain": 0.07425166666507721,
      "H_state": 0.16166483876502752,
      "static_utility_gain": 0.03159164637327194,
      "cached_mur_gain": 0.03657817840576172,
      "ranked_rmur_q4_gain": 0.04333173483610153,
      "R_oracle_q4": 0.5835792889546242,
      "R_deploy_q4": 0.27520119265120907
    },
    {
      "target_sensor": 227,
      "runs": 1,
      "oracle_static_gain": 0.05413832888007164,
      "oracle_greedy_gain": 0.058935653418302536,
      "H_state": 0.08139936116736225,
      "static_utility_gain": 0.01118528749793768,
      "cached_mur_gain": 0.007549923844635487,
      "ranked_rmur_q4_gain": 0.025541523471474648,
      "R_oracle_q4": 0.43337983020550847,
      "R_deploy_q4": 0.30065185254243754
    },
    {
      "target_sensor": 236,
      "runs": 1,
      "oracle_static_gain": 0.037831876426935196,
      "oracle_greedy_gain": 0.04073813557624817,
      "H_state": 0.07134001368014076,
      "static_utility_gain": 0.01336576696485281,
      "cached_mur_gain": 0.012002024799585342,
      "ranked_rmur_q4_gain": 0.01948336884379387,
      "R_oracle_q4": 0.47825872657641677,
      "R_deploy_q4": 0.2234955244755197
    },
    {
      "target_sensor": 246,
      "runs": 1,
      "oracle_static_gain": 0.06160768121480942,
      "oracle_greedy_gain": 0.06448910385370255,
      "H_state": 0.044680767241390265,
      "static_utility_gain": 0.028810743242502213,
      "cached_mur_gain": 0.0296154897660017,
      "ranked_rmur_q4_gain": 0.03834819048643112,
      "R_oracle_q4": 0.5946460439801788,
      "R_deploy_q4": 0.26731741819255184
    },
    {
      "target_sensor": 256,
      "runs": 1,
      "oracle_static_gain": 0.10382895171642303,
      "oracle_greedy_gain": 0.11057963222265244,
      "H_state": 0.061048136718676045,
      "static_utility_gain": 0.06937973201274872,
      "cached_mur_gain": 0.0708112046122551,
      "ranked_rmur_q4_gain": 0.07970745861530304,
      "R_oracle_q4": 0.7208150091764803,
      "R_deploy_q4": 0.25067358294406067
    },
    {
      "target_sensor": 266,
      "runs": 1,
      "oracle_static_gain": 0.0834924504160881,
      "oracle_greedy_gain": 0.08937467634677887,
      "H_state": 0.06581535364522487,
      "static_utility_gain": 0.025235427543520927,
      "cached_mur_gain": 0.028835231438279152,
      "ranked_rmur_q4_gain": 0.05145004391670227,
      "R_oracle_q4": 0.5756669116996088,
      "R_deploy_q4": 0.4087141159634189
    },
    {
      "target_sensor": 276,
      "runs": 1,
      "oracle_static_gain": 0.13325442373752594,
      "oracle_greedy_gain": 0.14587770402431488,
      "H_state": 0.08653330795969269,
      "static_utility_gain": 0.07191154360771179,
      "cached_mur_gain": 0.07949850708246231,
      "ranked_rmur_q4_gain": 0.10335934162139893,
      "R_oracle_q4": 0.7085341952199289,
      "R_deploy_q4": 0.42516466768806466
    },
    {
      "target_sensor": 286,
      "runs": 1,
      "oracle_static_gain": 0.08927983790636063,
      "oracle_greedy_gain": 0.10735348612070084,
      "H_state": 0.1683564164280557,
      "static_utility_gain": 0.05346748232841492,
      "cached_mur_gain": 0.05146564915776253,
      "ranked_rmur_q4_gain": 0.06695901602506638,
      "R_oracle_q4": 0.6237246543608495,
      "R_deploy_q4": 0.2503717616295541
    },
    {
      "target_sensor": 296,
      "runs": 1,
      "oracle_static_gain": 0.07094679027795792,
      "oracle_greedy_gain": 0.07401815801858902,
      "H_state": 0.04149478753388805,
      "static_utility_gain": 0.029811087995767593,
      "cached_mur_gain": 0.029822371900081635,
      "ranked_rmur_q4_gain": 0.04412557929754257,
      "R_oracle_q4": 0.5961453308046495,
      "R_deploy_q4": 0.32380547487959
    },
    {
      "target_sensor": 306,
      "runs": 1,
      "oracle_static_gain": 0.04499928280711174,
      "oracle_greedy_gain": 0.04790429770946503,
      "H_state": 0.06064205178357741,
      "static_utility_gain": 0.014280460774898529,
      "cached_mur_gain": 0.0157775916159153,
      "ranked_rmur_q4_gain": 0.024224380031228065,
      "R_oracle_q4": 0.505682813223703,
      "R_deploy_q4": 0.29574017015609644
    }
  ]
}
